[0.203s] Invoking command in '/home/jo/clearpath_ws/build/clearpath_customization': CMAKE_PREFIX_PATH=${CMAKE_PREFIX_PATH}:/opt/ros/humble /usr/bin/cmake /home/jo/clearpath_ws/src/clearpath_common/clearpath_customization -DCMAKE_INSTALL_PREFIX=/home/jo/clearpath_ws/install/clearpath_customization
[0.243s] -- The C compiler identification is GNU 11.4.0
[0.295s] -- The CXX compiler identification is GNU 11.4.0
[0.303s] -- Detecting C compiler ABI info
[0.357s] -- Detecting C compiler ABI info - done
[0.368s] -- Check for working C compiler: /usr/bin/cc - skipped
[0.368s] -- Detecting C compile features
[0.368s] -- Detecting C compile features - done
[0.372s] -- Detecting CXX compiler ABI info
[0.435s] -- Detecting CXX compiler ABI info - done
[0.446s] -- Check for working CXX compiler: /usr/bin/c++ - skipped
[0.446s] -- Detecting CXX compile features
[0.446s] -- Detecting CXX compile features - done
[0.457s] -- Found ament_cmake: 1.3.12 (/opt/ros/humble/share/ament_cmake/cmake)
[0.797s] -- Found Python3: /usr/bin/python3 (found version "3.10.12") found components: Interpreter 
[0.941s] -- Found ament_lint_auto: 0.12.14 (/opt/ros/humble/share/ament_lint_auto/cmake)
[1.062s] -- Added test 'flake8' to check Python code syntax and style conventions
[1.062s] -- Added test 'lint_cmake' to check CMake code style
[1.062s] -- Added test 'pep257' to check Python code against some of the docstring style conventions in PEP 257
[1.062s] -- Added test 'xmllint' to check XML markup files
[1.062s] -- Configuring done
[1.063s] -- Generating done
[1.065s] -- Build files have been written to: /home/jo/clearpath_ws/build/clearpath_customization
[1.068s] Invoked command in '/home/jo/clearpath_ws/build/clearpath_customization' returned '0': CMAKE_PREFIX_PATH=${CMAKE_PREFIX_PATH}:/opt/ros/humble /usr/bin/cmake /home/jo/clearpath_ws/src/clearpath_common/clearpath_customization -DCMAKE_INSTALL_PREFIX=/home/jo/clearpath_ws/install/clearpath_customization
[1.069s] Invoking command in '/home/jo/clearpath_ws/build/clearpath_customization': CMAKE_PREFIX_PATH=${CMAKE_PREFIX_PATH}:/opt/ros/humble /usr/bin/cmake --build /home/jo/clearpath_ws/build/clearpath_customization -- -j20 -l20
[1.098s] Invoked command in '/home/jo/clearpath_ws/build/clearpath_customization' returned '0': CMAKE_PREFIX_PATH=${CMAKE_PREFIX_PATH}:/opt/ros/humble /usr/bin/cmake --build /home/jo/clearpath_ws/build/clearpath_customization -- -j20 -l20
[1.099s] Invoking command in '/home/jo/clearpath_ws/build/clearpath_customization': CMAKE_PREFIX_PATH=${CMAKE_PREFIX_PATH}:/opt/ros/humble /usr/bin/cmake --install /home/jo/clearpath_ws/build/clearpath_customization
[1.104s] -- Install configuration: ""
[1.104s] -- Installing: /home/jo/clearpath_ws/install/clearpath_customization/lib/clearpath_customization/generate_bringup
[1.104s] -- Installing: /home/jo/clearpath_ws/install/clearpath_customization/lib/clearpath_customization/generate_description
[1.105s] -- Installing: /home/jo/clearpath_ws/install/clearpath_customization/share/clearpath_customization/project_bringup
[1.105s] -- Installing: /home/jo/clearpath_ws/install/clearpath_customization/share/clearpath_customization/project_bringup/package.xml
[1.105s] -- Installing: /home/jo/clearpath_ws/install/clearpath_customization/share/clearpath_customization/project_bringup/launch
[1.105s] -- Installing: /home/jo/clearpath_ws/install/clearpath_customization/share/clearpath_customization/project_bringup/launch/device.launch.py
[1.105s] -- Installing: /home/jo/clearpath_ws/install/clearpath_customization/share/clearpath_customization/project_bringup/launch/project_bringup.launch.py
[1.105s] -- Installing: /home/jo/clearpath_ws/install/clearpath_customization/share/clearpath_customization/project_bringup/CMakeLists.txt
[1.105s] -- Installing: /home/jo/clearpath_ws/install/clearpath_customization/share/clearpath_customization/project_bringup/config
[1.105s] -- Installing: /home/jo/clearpath_ws/install/clearpath_customization/share/clearpath_customization/project_bringup/config/device.yaml
[1.105s] -- Installing: /home/jo/clearpath_ws/install/clearpath_customization/share/clearpath_customization/project_bringup/LICENSE
[1.105s] -- Installing: /home/jo/clearpath_ws/install/clearpath_customization/share/clearpath_customization/project_description
[1.105s] -- Installing: /home/jo/clearpath_ws/install/clearpath_customization/share/clearpath_customization/project_description/meshes
[1.105s] -- Installing: /home/jo/clearpath_ws/install/clearpath_customization/share/clearpath_customization/project_description/meshes/donut.stl
[1.105s] -- Installing: /home/jo/clearpath_ws/install/clearpath_customization/share/clearpath_customization/project_description/package.xml
[1.105s] -- Installing: /home/jo/clearpath_ws/install/clearpath_customization/share/clearpath_customization/project_description/CMakeLists.txt
[1.105s] -- Installing: /home/jo/clearpath_ws/install/clearpath_customization/share/clearpath_customization/project_description/LICENSE
[1.105s] -- Installing: /home/jo/clearpath_ws/install/clearpath_customization/share/clearpath_customization/project_description/urdf
[1.106s] -- Installing: /home/jo/clearpath_ws/install/clearpath_customization/share/clearpath_customization/project_description/urdf/donut.urdf.xacro
[1.106s] -- Installing: /home/jo/clearpath_ws/install/clearpath_customization/share/clearpath_customization/project_description/urdf/project_description.urdf.xacro
[1.106s] -- Installing: /home/jo/clearpath_ws/install/clearpath_customization/share/ament_index/resource_index/package_run_dependencies/clearpath_customization
[1.106s] -- Installing: /home/jo/clearpath_ws/install/clearpath_customization/share/ament_index/resource_index/parent_prefix_path/clearpath_customization
[1.106s] -- Installing: /home/jo/clearpath_ws/install/clearpath_customization/share/clearpath_customization/environment/ament_prefix_path.sh
[1.106s] -- Installing: /home/jo/clearpath_ws/install/clearpath_customization/share/clearpath_customization/environment/ament_prefix_path.dsv
[1.106s] -- Installing: /home/jo/clearpath_ws/install/clearpath_customization/share/clearpath_customization/environment/path.sh
[1.106s] -- Installing: /home/jo/clearpath_ws/install/clearpath_customization/share/clearpath_customization/environment/path.dsv
[1.106s] -- Installing: /home/jo/clearpath_ws/install/clearpath_customization/share/clearpath_customization/local_setup.bash
[1.106s] -- Installing: /home/jo/clearpath_ws/install/clearpath_customization/share/clearpath_customization/local_setup.sh
[1.106s] -- Installing: /home/jo/clearpath_ws/install/clearpath_customization/share/clearpath_customization/local_setup.zsh
[1.106s] -- Installing: /home/jo/clearpath_ws/install/clearpath_customization/share/clearpath_customization/local_setup.dsv
[1.106s] -- Installing: /home/jo/clearpath_ws/install/clearpath_customization/share/clearpath_customization/package.dsv
[1.106s] -- Installing: /home/jo/clearpath_ws/install/clearpath_customization/share/ament_index/resource_index/packages/clearpath_customization
[1.106s] -- Installing: /home/jo/clearpath_ws/install/clearpath_customization/share/clearpath_customization/cmake/clearpath_customizationConfig.cmake
[1.107s] -- Installing: /home/jo/clearpath_ws/install/clearpath_customization/share/clearpath_customization/cmake/clearpath_customizationConfig-version.cmake
[1.107s] -- Installing: /home/jo/clearpath_ws/install/clearpath_customization/share/clearpath_customization/package.xml
[1.108s] Invoked command in '/home/jo/clearpath_ws/build/clearpath_customization' returned '0': CMAKE_PREFIX_PATH=${CMAKE_PREFIX_PATH}:/opt/ros/humble /usr/bin/cmake --install /home/jo/clearpath_ws/build/clearpath_customization
