/home/jo/clearpath_ws/install/clearpath_config/lib/python3.10/site-packages/clearpath_config/__init__.py
/home/jo/clearpath_ws/install/clearpath_config/lib/python3.10/site-packages/clearpath_config/clearpath_config.py
/home/jo/clearpath_ws/install/clearpath_config/lib/python3.10/site-packages/clearpath_config/common/__init__.py
/home/jo/clearpath_ws/install/clearpath_config/lib/python3.10/site-packages/clearpath_config/common/types/rmw_implementation.py
/home/jo/clearpath_ws/install/clearpath_config/lib/python3.10/site-packages/clearpath_config/common/types/accessory.py
/home/jo/clearpath_ws/install/clearpath_config/lib/python3.10/site-packages/clearpath_config/common/types/material.py
/home/jo/clearpath_ws/install/clearpath_config/lib/python3.10/site-packages/clearpath_config/common/types/port.py
/home/jo/clearpath_ws/install/clearpath_config/lib/python3.10/site-packages/clearpath_config/common/types/username.py
/home/jo/clearpath_ws/install/clearpath_config/lib/python3.10/site-packages/clearpath_config/common/types/domain_id.py
/home/jo/clearpath_ws/install/clearpath_config/lib/python3.10/site-packages/clearpath_config/common/types/namespace.py
/home/jo/clearpath_ws/install/clearpath_config/lib/python3.10/site-packages/clearpath_config/common/types/__init__.py
/home/jo/clearpath_ws/install/clearpath_config/lib/python3.10/site-packages/clearpath_config/common/types/serial_number.py
/home/jo/clearpath_ws/install/clearpath_config/lib/python3.10/site-packages/clearpath_config/common/types/ip.py
/home/jo/clearpath_ws/install/clearpath_config/lib/python3.10/site-packages/clearpath_config/common/types/platform.py
/home/jo/clearpath_ws/install/clearpath_config/lib/python3.10/site-packages/clearpath_config/common/types/hostname.py
/home/jo/clearpath_ws/install/clearpath_config/lib/python3.10/site-packages/clearpath_config/common/types/list.py
/home/jo/clearpath_ws/install/clearpath_config/lib/python3.10/site-packages/clearpath_config/common/types/file.py
/home/jo/clearpath_ws/install/clearpath_config/lib/python3.10/site-packages/clearpath_config/common/types/package_path.py
/home/jo/clearpath_ws/install/clearpath_config/lib/python3.10/site-packages/clearpath_config/common/types/discovery.py
/home/jo/clearpath_ws/install/clearpath_config/lib/python3.10/site-packages/clearpath_config/common/types/config.py
/home/jo/clearpath_ws/install/clearpath_config/lib/python3.10/site-packages/clearpath_config/common/utils/yaml.py
/home/jo/clearpath_ws/install/clearpath_config/lib/python3.10/site-packages/clearpath_config/common/utils/__init__.py
/home/jo/clearpath_ws/install/clearpath_config/lib/python3.10/site-packages/clearpath_config/common/utils/dictionary.py
/home/jo/clearpath_ws/install/clearpath_config/lib/python3.10/site-packages/clearpath_config/links/__init__.py
/home/jo/clearpath_ws/install/clearpath_config/lib/python3.10/site-packages/clearpath_config/links/links.py
/home/jo/clearpath_ws/install/clearpath_config/lib/python3.10/site-packages/clearpath_config/links/types/box.py
/home/jo/clearpath_ws/install/clearpath_config/lib/python3.10/site-packages/clearpath_config/links/types/__init__.py
/home/jo/clearpath_ws/install/clearpath_config/lib/python3.10/site-packages/clearpath_config/links/types/mesh.py
/home/jo/clearpath_ws/install/clearpath_config/lib/python3.10/site-packages/clearpath_config/links/types/link.py
/home/jo/clearpath_ws/install/clearpath_config/lib/python3.10/site-packages/clearpath_config/links/types/frame.py
/home/jo/clearpath_ws/install/clearpath_config/lib/python3.10/site-packages/clearpath_config/links/types/cylinder.py
/home/jo/clearpath_ws/install/clearpath_config/lib/python3.10/site-packages/clearpath_config/links/types/sphere.py
/home/jo/clearpath_ws/install/clearpath_config/lib/python3.10/site-packages/clearpath_config/manipulators/manipulators.py
/home/jo/clearpath_ws/install/clearpath_config/lib/python3.10/site-packages/clearpath_config/manipulators/__init__.py
/home/jo/clearpath_ws/install/clearpath_config/lib/python3.10/site-packages/clearpath_config/manipulators/types/lifts.py
/home/jo/clearpath_ws/install/clearpath_config/lib/python3.10/site-packages/clearpath_config/manipulators/types/grippers.py
/home/jo/clearpath_ws/install/clearpath_config/lib/python3.10/site-packages/clearpath_config/manipulators/types/__init__.py
/home/jo/clearpath_ws/install/clearpath_config/lib/python3.10/site-packages/clearpath_config/manipulators/types/manipulator.py
/home/jo/clearpath_ws/install/clearpath_config/lib/python3.10/site-packages/clearpath_config/manipulators/types/arms.py
/home/jo/clearpath_ws/install/clearpath_config/lib/python3.10/site-packages/clearpath_config/mounts/__init__.py
/home/jo/clearpath_ws/install/clearpath_config/lib/python3.10/site-packages/clearpath_config/mounts/mounts.py
/home/jo/clearpath_ws/install/clearpath_config/lib/python3.10/site-packages/clearpath_config/mounts/types/post.py
/home/jo/clearpath_ws/install/clearpath_config/lib/python3.10/site-packages/clearpath_config/mounts/types/flir_ptu.py
/home/jo/clearpath_ws/install/clearpath_config/lib/python3.10/site-packages/clearpath_config/mounts/types/__init__.py
/home/jo/clearpath_ws/install/clearpath_config/lib/python3.10/site-packages/clearpath_config/mounts/types/fath_pivot.py
/home/jo/clearpath_ws/install/clearpath_config/lib/python3.10/site-packages/clearpath_config/mounts/types/sick.py
/home/jo/clearpath_ws/install/clearpath_config/lib/python3.10/site-packages/clearpath_config/mounts/types/disk.py
/home/jo/clearpath_ws/install/clearpath_config/lib/python3.10/site-packages/clearpath_config/mounts/types/pacs.py
/home/jo/clearpath_ws/install/clearpath_config/lib/python3.10/site-packages/clearpath_config/mounts/types/mount.py
/home/jo/clearpath_ws/install/clearpath_config/lib/python3.10/site-packages/clearpath_config/platform/__init__.py
/home/jo/clearpath_ws/install/clearpath_config/lib/python3.10/site-packages/clearpath_config/platform/can.py
/home/jo/clearpath_ws/install/clearpath_config/lib/python3.10/site-packages/clearpath_config/platform/platform.py
/home/jo/clearpath_ws/install/clearpath_config/lib/python3.10/site-packages/clearpath_config/platform/extras.py
/home/jo/clearpath_ws/install/clearpath_config/lib/python3.10/site-packages/clearpath_config/platform/battery.py
/home/jo/clearpath_ws/install/clearpath_config/lib/python3.10/site-packages/clearpath_config/platform/attachments/r100.py
/home/jo/clearpath_ws/install/clearpath_config/lib/python3.10/site-packages/clearpath_config/platform/attachments/mux.py
/home/jo/clearpath_ws/install/clearpath_config/lib/python3.10/site-packages/clearpath_config/platform/attachments/__init__.py
/home/jo/clearpath_ws/install/clearpath_config/lib/python3.10/site-packages/clearpath_config/platform/attachments/do150.py
/home/jo/clearpath_ws/install/clearpath_config/lib/python3.10/site-packages/clearpath_config/platform/attachments/do100.py
/home/jo/clearpath_ws/install/clearpath_config/lib/python3.10/site-packages/clearpath_config/platform/attachments/a200.py
/home/jo/clearpath_ws/install/clearpath_config/lib/python3.10/site-packages/clearpath_config/platform/attachments/dd100.py
/home/jo/clearpath_ws/install/clearpath_config/lib/python3.10/site-packages/clearpath_config/platform/attachments/w200.py
/home/jo/clearpath_ws/install/clearpath_config/lib/python3.10/site-packages/clearpath_config/platform/attachments/j100.py
/home/jo/clearpath_ws/install/clearpath_config/lib/python3.10/site-packages/clearpath_config/platform/attachments/generic.py
/home/jo/clearpath_ws/install/clearpath_config/lib/python3.10/site-packages/clearpath_config/platform/attachments/dd150.py
/home/jo/clearpath_ws/install/clearpath_config/lib/python3.10/site-packages/clearpath_config/platform/attachments/config.py
/home/jo/clearpath_ws/install/clearpath_config/lib/python3.10/site-packages/clearpath_config/platform/types/attachment.py
/home/jo/clearpath_ws/install/clearpath_config/lib/python3.10/site-packages/clearpath_config/platform/types/__init__.py
/home/jo/clearpath_ws/install/clearpath_config/lib/python3.10/site-packages/clearpath_config/platform/types/bumper.py
/home/jo/clearpath_ws/install/clearpath_config/lib/python3.10/site-packages/clearpath_config/sensors/sensors.py
/home/jo/clearpath_ws/install/clearpath_config/lib/python3.10/site-packages/clearpath_config/sensors/__init__.py
/home/jo/clearpath_ws/install/clearpath_config/lib/python3.10/site-packages/clearpath_config/sensors/types/sensor.py
/home/jo/clearpath_ws/install/clearpath_config/lib/python3.10/site-packages/clearpath_config/sensors/types/imu.py
/home/jo/clearpath_ws/install/clearpath_config/lib/python3.10/site-packages/clearpath_config/sensors/types/__init__.py
/home/jo/clearpath_ws/install/clearpath_config/lib/python3.10/site-packages/clearpath_config/sensors/types/lidars_2d.py
/home/jo/clearpath_ws/install/clearpath_config/lib/python3.10/site-packages/clearpath_config/sensors/types/gps.py
/home/jo/clearpath_ws/install/clearpath_config/lib/python3.10/site-packages/clearpath_config/sensors/types/lidars_3d.py
/home/jo/clearpath_ws/install/clearpath_config/lib/python3.10/site-packages/clearpath_config/sensors/types/cameras.py
/home/jo/clearpath_ws/install/clearpath_config/lib/python3.10/site-packages/clearpath_config/system/system.py
/home/jo/clearpath_ws/install/clearpath_config/lib/python3.10/site-packages/clearpath_config/system/servers.py
/home/jo/clearpath_ws/install/clearpath_config/lib/python3.10/site-packages/clearpath_config/system/middleware.py
/home/jo/clearpath_ws/install/clearpath_config/lib/python3.10/site-packages/clearpath_config/system/hosts.py
/home/jo/clearpath_ws/install/clearpath_config/lib/python3.10/site-packages/clearpath_config/system/__init__.py
/home/jo/clearpath_ws/install/clearpath_config/lib/python3.10/site-packages/clearpath_config/__pycache__/__init__.cpython-310.pyc
/home/jo/clearpath_ws/install/clearpath_config/lib/python3.10/site-packages/clearpath_config/__pycache__/clearpath_config.cpython-310.pyc
/home/jo/clearpath_ws/install/clearpath_config/lib/python3.10/site-packages/clearpath_config/common/__pycache__/__init__.cpython-310.pyc
/home/jo/clearpath_ws/install/clearpath_config/lib/python3.10/site-packages/clearpath_config/common/types/__pycache__/rmw_implementation.cpython-310.pyc
/home/jo/clearpath_ws/install/clearpath_config/lib/python3.10/site-packages/clearpath_config/common/types/__pycache__/accessory.cpython-310.pyc
/home/jo/clearpath_ws/install/clearpath_config/lib/python3.10/site-packages/clearpath_config/common/types/__pycache__/material.cpython-310.pyc
/home/jo/clearpath_ws/install/clearpath_config/lib/python3.10/site-packages/clearpath_config/common/types/__pycache__/port.cpython-310.pyc
/home/jo/clearpath_ws/install/clearpath_config/lib/python3.10/site-packages/clearpath_config/common/types/__pycache__/username.cpython-310.pyc
/home/jo/clearpath_ws/install/clearpath_config/lib/python3.10/site-packages/clearpath_config/common/types/__pycache__/domain_id.cpython-310.pyc
/home/jo/clearpath_ws/install/clearpath_config/lib/python3.10/site-packages/clearpath_config/common/types/__pycache__/namespace.cpython-310.pyc
/home/jo/clearpath_ws/install/clearpath_config/lib/python3.10/site-packages/clearpath_config/common/types/__pycache__/__init__.cpython-310.pyc
/home/jo/clearpath_ws/install/clearpath_config/lib/python3.10/site-packages/clearpath_config/common/types/__pycache__/serial_number.cpython-310.pyc
/home/jo/clearpath_ws/install/clearpath_config/lib/python3.10/site-packages/clearpath_config/common/types/__pycache__/ip.cpython-310.pyc
/home/jo/clearpath_ws/install/clearpath_config/lib/python3.10/site-packages/clearpath_config/common/types/__pycache__/platform.cpython-310.pyc
/home/jo/clearpath_ws/install/clearpath_config/lib/python3.10/site-packages/clearpath_config/common/types/__pycache__/hostname.cpython-310.pyc
/home/jo/clearpath_ws/install/clearpath_config/lib/python3.10/site-packages/clearpath_config/common/types/__pycache__/list.cpython-310.pyc
/home/jo/clearpath_ws/install/clearpath_config/lib/python3.10/site-packages/clearpath_config/common/types/__pycache__/file.cpython-310.pyc
/home/jo/clearpath_ws/install/clearpath_config/lib/python3.10/site-packages/clearpath_config/common/types/__pycache__/package_path.cpython-310.pyc
/home/jo/clearpath_ws/install/clearpath_config/lib/python3.10/site-packages/clearpath_config/common/types/__pycache__/discovery.cpython-310.pyc
/home/jo/clearpath_ws/install/clearpath_config/lib/python3.10/site-packages/clearpath_config/common/types/__pycache__/config.cpython-310.pyc
/home/jo/clearpath_ws/install/clearpath_config/lib/python3.10/site-packages/clearpath_config/common/utils/__pycache__/yaml.cpython-310.pyc
/home/jo/clearpath_ws/install/clearpath_config/lib/python3.10/site-packages/clearpath_config/common/utils/__pycache__/__init__.cpython-310.pyc
/home/jo/clearpath_ws/install/clearpath_config/lib/python3.10/site-packages/clearpath_config/common/utils/__pycache__/dictionary.cpython-310.pyc
/home/jo/clearpath_ws/install/clearpath_config/lib/python3.10/site-packages/clearpath_config/links/__pycache__/__init__.cpython-310.pyc
/home/jo/clearpath_ws/install/clearpath_config/lib/python3.10/site-packages/clearpath_config/links/__pycache__/links.cpython-310.pyc
/home/jo/clearpath_ws/install/clearpath_config/lib/python3.10/site-packages/clearpath_config/links/types/__pycache__/box.cpython-310.pyc
/home/jo/clearpath_ws/install/clearpath_config/lib/python3.10/site-packages/clearpath_config/links/types/__pycache__/__init__.cpython-310.pyc
/home/jo/clearpath_ws/install/clearpath_config/lib/python3.10/site-packages/clearpath_config/links/types/__pycache__/mesh.cpython-310.pyc
/home/jo/clearpath_ws/install/clearpath_config/lib/python3.10/site-packages/clearpath_config/links/types/__pycache__/link.cpython-310.pyc
/home/jo/clearpath_ws/install/clearpath_config/lib/python3.10/site-packages/clearpath_config/links/types/__pycache__/frame.cpython-310.pyc
/home/jo/clearpath_ws/install/clearpath_config/lib/python3.10/site-packages/clearpath_config/links/types/__pycache__/cylinder.cpython-310.pyc
/home/jo/clearpath_ws/install/clearpath_config/lib/python3.10/site-packages/clearpath_config/links/types/__pycache__/sphere.cpython-310.pyc
/home/jo/clearpath_ws/install/clearpath_config/lib/python3.10/site-packages/clearpath_config/manipulators/__pycache__/manipulators.cpython-310.pyc
/home/jo/clearpath_ws/install/clearpath_config/lib/python3.10/site-packages/clearpath_config/manipulators/__pycache__/__init__.cpython-310.pyc
/home/jo/clearpath_ws/install/clearpath_config/lib/python3.10/site-packages/clearpath_config/manipulators/types/__pycache__/lifts.cpython-310.pyc
/home/jo/clearpath_ws/install/clearpath_config/lib/python3.10/site-packages/clearpath_config/manipulators/types/__pycache__/grippers.cpython-310.pyc
/home/jo/clearpath_ws/install/clearpath_config/lib/python3.10/site-packages/clearpath_config/manipulators/types/__pycache__/__init__.cpython-310.pyc
/home/jo/clearpath_ws/install/clearpath_config/lib/python3.10/site-packages/clearpath_config/manipulators/types/__pycache__/manipulator.cpython-310.pyc
/home/jo/clearpath_ws/install/clearpath_config/lib/python3.10/site-packages/clearpath_config/manipulators/types/__pycache__/arms.cpython-310.pyc
/home/jo/clearpath_ws/install/clearpath_config/lib/python3.10/site-packages/clearpath_config/mounts/__pycache__/__init__.cpython-310.pyc
/home/jo/clearpath_ws/install/clearpath_config/lib/python3.10/site-packages/clearpath_config/mounts/__pycache__/mounts.cpython-310.pyc
/home/jo/clearpath_ws/install/clearpath_config/lib/python3.10/site-packages/clearpath_config/mounts/types/__pycache__/post.cpython-310.pyc
/home/jo/clearpath_ws/install/clearpath_config/lib/python3.10/site-packages/clearpath_config/mounts/types/__pycache__/flir_ptu.cpython-310.pyc
/home/jo/clearpath_ws/install/clearpath_config/lib/python3.10/site-packages/clearpath_config/mounts/types/__pycache__/__init__.cpython-310.pyc
/home/jo/clearpath_ws/install/clearpath_config/lib/python3.10/site-packages/clearpath_config/mounts/types/__pycache__/fath_pivot.cpython-310.pyc
/home/jo/clearpath_ws/install/clearpath_config/lib/python3.10/site-packages/clearpath_config/mounts/types/__pycache__/sick.cpython-310.pyc
/home/jo/clearpath_ws/install/clearpath_config/lib/python3.10/site-packages/clearpath_config/mounts/types/__pycache__/disk.cpython-310.pyc
/home/jo/clearpath_ws/install/clearpath_config/lib/python3.10/site-packages/clearpath_config/mounts/types/__pycache__/pacs.cpython-310.pyc
/home/jo/clearpath_ws/install/clearpath_config/lib/python3.10/site-packages/clearpath_config/mounts/types/__pycache__/mount.cpython-310.pyc
/home/jo/clearpath_ws/install/clearpath_config/lib/python3.10/site-packages/clearpath_config/platform/__pycache__/__init__.cpython-310.pyc
/home/jo/clearpath_ws/install/clearpath_config/lib/python3.10/site-packages/clearpath_config/platform/__pycache__/can.cpython-310.pyc
/home/jo/clearpath_ws/install/clearpath_config/lib/python3.10/site-packages/clearpath_config/platform/__pycache__/platform.cpython-310.pyc
/home/jo/clearpath_ws/install/clearpath_config/lib/python3.10/site-packages/clearpath_config/platform/__pycache__/extras.cpython-310.pyc
/home/jo/clearpath_ws/install/clearpath_config/lib/python3.10/site-packages/clearpath_config/platform/__pycache__/battery.cpython-310.pyc
/home/jo/clearpath_ws/install/clearpath_config/lib/python3.10/site-packages/clearpath_config/platform/attachments/__pycache__/r100.cpython-310.pyc
/home/jo/clearpath_ws/install/clearpath_config/lib/python3.10/site-packages/clearpath_config/platform/attachments/__pycache__/mux.cpython-310.pyc
/home/jo/clearpath_ws/install/clearpath_config/lib/python3.10/site-packages/clearpath_config/platform/attachments/__pycache__/__init__.cpython-310.pyc
/home/jo/clearpath_ws/install/clearpath_config/lib/python3.10/site-packages/clearpath_config/platform/attachments/__pycache__/do150.cpython-310.pyc
/home/jo/clearpath_ws/install/clearpath_config/lib/python3.10/site-packages/clearpath_config/platform/attachments/__pycache__/do100.cpython-310.pyc
/home/jo/clearpath_ws/install/clearpath_config/lib/python3.10/site-packages/clearpath_config/platform/attachments/__pycache__/a200.cpython-310.pyc
/home/jo/clearpath_ws/install/clearpath_config/lib/python3.10/site-packages/clearpath_config/platform/attachments/__pycache__/dd100.cpython-310.pyc
/home/jo/clearpath_ws/install/clearpath_config/lib/python3.10/site-packages/clearpath_config/platform/attachments/__pycache__/w200.cpython-310.pyc
/home/jo/clearpath_ws/install/clearpath_config/lib/python3.10/site-packages/clearpath_config/platform/attachments/__pycache__/j100.cpython-310.pyc
/home/jo/clearpath_ws/install/clearpath_config/lib/python3.10/site-packages/clearpath_config/platform/attachments/__pycache__/generic.cpython-310.pyc
/home/jo/clearpath_ws/install/clearpath_config/lib/python3.10/site-packages/clearpath_config/platform/attachments/__pycache__/dd150.cpython-310.pyc
/home/jo/clearpath_ws/install/clearpath_config/lib/python3.10/site-packages/clearpath_config/platform/attachments/__pycache__/config.cpython-310.pyc
/home/jo/clearpath_ws/install/clearpath_config/lib/python3.10/site-packages/clearpath_config/platform/types/__pycache__/attachment.cpython-310.pyc
/home/jo/clearpath_ws/install/clearpath_config/lib/python3.10/site-packages/clearpath_config/platform/types/__pycache__/__init__.cpython-310.pyc
/home/jo/clearpath_ws/install/clearpath_config/lib/python3.10/site-packages/clearpath_config/platform/types/__pycache__/bumper.cpython-310.pyc
/home/jo/clearpath_ws/install/clearpath_config/lib/python3.10/site-packages/clearpath_config/sensors/__pycache__/sensors.cpython-310.pyc
/home/jo/clearpath_ws/install/clearpath_config/lib/python3.10/site-packages/clearpath_config/sensors/__pycache__/__init__.cpython-310.pyc
/home/jo/clearpath_ws/install/clearpath_config/lib/python3.10/site-packages/clearpath_config/sensors/types/__pycache__/sensor.cpython-310.pyc
/home/jo/clearpath_ws/install/clearpath_config/lib/python3.10/site-packages/clearpath_config/sensors/types/__pycache__/imu.cpython-310.pyc
/home/jo/clearpath_ws/install/clearpath_config/lib/python3.10/site-packages/clearpath_config/sensors/types/__pycache__/__init__.cpython-310.pyc
/home/jo/clearpath_ws/install/clearpath_config/lib/python3.10/site-packages/clearpath_config/sensors/types/__pycache__/lidars_2d.cpython-310.pyc
/home/jo/clearpath_ws/install/clearpath_config/lib/python3.10/site-packages/clearpath_config/sensors/types/__pycache__/gps.cpython-310.pyc
/home/jo/clearpath_ws/install/clearpath_config/lib/python3.10/site-packages/clearpath_config/sensors/types/__pycache__/lidars_3d.cpython-310.pyc
/home/jo/clearpath_ws/install/clearpath_config/lib/python3.10/site-packages/clearpath_config/sensors/types/__pycache__/cameras.cpython-310.pyc
/home/jo/clearpath_ws/install/clearpath_config/lib/python3.10/site-packages/clearpath_config/system/__pycache__/system.cpython-310.pyc
/home/jo/clearpath_ws/install/clearpath_config/lib/python3.10/site-packages/clearpath_config/system/__pycache__/servers.cpython-310.pyc
/home/jo/clearpath_ws/install/clearpath_config/lib/python3.10/site-packages/clearpath_config/system/__pycache__/middleware.cpython-310.pyc
/home/jo/clearpath_ws/install/clearpath_config/lib/python3.10/site-packages/clearpath_config/system/__pycache__/hosts.cpython-310.pyc
/home/jo/clearpath_ws/install/clearpath_config/lib/python3.10/site-packages/clearpath_config/system/__pycache__/__init__.cpython-310.pyc
/home/jo/clearpath_ws/install/clearpath_config/share/ament_index/resource_index/packages/clearpath_config
/home/jo/clearpath_ws/install/clearpath_config/share/clearpath_config/package.xml
/home/jo/clearpath_ws/install/clearpath_config/share/clearpath_config/sample/w200_dual_laser.yaml
/home/jo/clearpath_ws/install/clearpath_config/share/clearpath_config/sample/w200_default.yaml
/home/jo/clearpath_ws/install/clearpath_config/share/clearpath_config/sample/w200_outline.yaml
/home/jo/clearpath_ws/install/clearpath_config/share/clearpath_config/sample/w200_velodyne.yaml
/home/jo/clearpath_ws/install/clearpath_config/share/clearpath_config/sample/r100_dual_laser_hokuyo.yaml
/home/jo/clearpath_ws/install/clearpath_config/share/clearpath_config/sample/r100_dual_laser.yaml
/home/jo/clearpath_ws/install/clearpath_config/share/clearpath_config/sample/r100_default.yaml
/home/jo/clearpath_ws/install/clearpath_config/share/clearpath_config/sample/r100_outline.yaml
/home/jo/clearpath_ws/install/clearpath_config/share/clearpath_config/sample/dd150_dual_laser.yaml
/home/jo/clearpath_ws/install/clearpath_config/share/clearpath_config/sample/dd150_default.yaml
/home/jo/clearpath_ws/install/clearpath_config/share/clearpath_config/sample/dd150_velodyne.yaml
/home/jo/clearpath_ws/install/clearpath_config/share/clearpath_config/sample/dd150_outline.yaml
/home/jo/clearpath_ws/install/clearpath_config/share/clearpath_config/sample/dd100_velodyne.yaml
/home/jo/clearpath_ws/install/clearpath_config/share/clearpath_config/sample/dd100_dual_laser.yaml
/home/jo/clearpath_ws/install/clearpath_config/share/clearpath_config/sample/dd100_outline.yaml
/home/jo/clearpath_ws/install/clearpath_config/share/clearpath_config/sample/dd100_default.yaml
/home/jo/clearpath_ws/install/clearpath_config/share/clearpath_config/sample/do150_velodyne.yaml
/home/jo/clearpath_ws/install/clearpath_config/share/clearpath_config/sample/do150_default.yaml
/home/jo/clearpath_ws/install/clearpath_config/share/clearpath_config/sample/do150_dual_laser.yaml
/home/jo/clearpath_ws/install/clearpath_config/share/clearpath_config/sample/do150_outline.yaml
/home/jo/clearpath_ws/install/clearpath_config/share/clearpath_config/sample/j100_default.yaml
/home/jo/clearpath_ws/install/clearpath_config/share/clearpath_config/sample/j100_sample.yaml
/home/jo/clearpath_ws/install/clearpath_config/share/clearpath_config/sample/j100_microstrain_gq7.yaml
/home/jo/clearpath_ws/install/clearpath_config/share/clearpath_config/sample/j100_outline.yaml
/home/jo/clearpath_ws/install/clearpath_config/share/clearpath_config/sample/j100_velodyne.yaml
/home/jo/clearpath_ws/install/clearpath_config/share/clearpath_config/sample/j100_dual_laser.yaml
/home/jo/clearpath_ws/install/clearpath_config/share/clearpath_config/sample/robotiq_2f_140.yaml
/home/jo/clearpath_ws/install/clearpath_config/share/clearpath_config/sample/kinova_2f_lite.yaml
/home/jo/clearpath_ws/install/clearpath_config/share/clearpath_config/sample/robotiq_2f_85.yaml
/home/jo/clearpath_ws/install/clearpath_config/share/clearpath_config/sample/universal_robots.yaml
/home/jo/clearpath_ws/install/clearpath_config/share/clearpath_config/sample/kinova_gen3_6dof.yaml
/home/jo/clearpath_ws/install/clearpath_config/share/clearpath_config/sample/kinova_gen3_lite.yaml
/home/jo/clearpath_ws/install/clearpath_config/share/clearpath_config/sample/kinova_gen3_7dof.yaml
/home/jo/clearpath_ws/install/clearpath_config/share/clearpath_config/sample/a200_velodyne.yaml
/home/jo/clearpath_ws/install/clearpath_config/share/clearpath_config/sample/a200_outline.yaml
/home/jo/clearpath_ws/install/clearpath_config/share/clearpath_config/sample/a200_dual_laser.yaml
/home/jo/clearpath_ws/install/clearpath_config/share/clearpath_config/sample/a200_sample.yaml
/home/jo/clearpath_ws/install/clearpath_config/share/clearpath_config/sample/a200_default.yaml
/home/jo/clearpath_ws/install/clearpath_config/share/clearpath_config/sample/do100_outline.yaml
/home/jo/clearpath_ws/install/clearpath_config/share/clearpath_config/sample/do100_velodyne.yaml
/home/jo/clearpath_ws/install/clearpath_config/share/clearpath_config/sample/do100_dual_laser.yaml
/home/jo/clearpath_ws/install/clearpath_config/share/clearpath_config/sample/do100_default.yaml
/home/jo/clearpath_ws/install/clearpath_config/share/clearpath_config/sample/redshift_um7.yaml
/home/jo/clearpath_ws/install/clearpath_config/share/clearpath_config/sample/axis_camera.yaml
/home/jo/clearpath_ws/install/clearpath_config/share/clearpath_config/sample/swiftnav_duro.yaml
/home/jo/clearpath_ws/install/clearpath_config/share/clearpath_config/sample/novatel_smart7.yaml
/home/jo/clearpath_ws/install/clearpath_config/share/clearpath_config/sample/novatel_smart6.yaml
/home/jo/clearpath_ws/install/clearpath_config/share/clearpath_config/sample/flir_blackfly.yaml
/home/jo/clearpath_ws/install/clearpath_config/share/clearpath_config/sample/velodyne_lidar.yaml
/home/jo/clearpath_ws/install/clearpath_config/share/clearpath_config/sample/luxonis_oakd.yaml
/home/jo/clearpath_ws/install/clearpath_config/share/clearpath_config/sample/intel_realsense.yaml
/home/jo/clearpath_ws/install/clearpath_config/share/clearpath_config/sample/garmin_18x.yaml
/home/jo/clearpath_ws/install/clearpath_config/share/clearpath_config/sample/chrobotics_um6.yaml
/home/jo/clearpath_ws/install/clearpath_config/share/clearpath_config/sample/microstrain_gq7.yaml
/home/jo/clearpath_ws/install/clearpath_config/share/clearpath_config/sample/sick_lms1xx.yaml
/home/jo/clearpath_ws/install/clearpath_config/share/clearpath_config/sample/hokuyo_ust.yaml
/home/jo/clearpath_ws/install/clearpath_config/share/clearpath_config/sample/microstrain_imu.yaml
/home/jo/clearpath_ws/install/clearpath_config/share/clearpath_config/sample/stereolabs_zed.yaml
/home/jo/clearpath_ws/install/clearpath_config/share/clearpath_config/sample/ouster_os1.yaml
/home/jo/clearpath_ws/install/clearpath_config/lib/python3.10/site-packages/clearpath_config-1.3.3-py3.10.egg-info/requires.txt
/home/jo/clearpath_ws/install/clearpath_config/lib/python3.10/site-packages/clearpath_config-1.3.3-py3.10.egg-info/top_level.txt
/home/jo/clearpath_ws/install/clearpath_config/lib/python3.10/site-packages/clearpath_config-1.3.3-py3.10.egg-info/dependency_links.txt
/home/jo/clearpath_ws/install/clearpath_config/lib/python3.10/site-packages/clearpath_config-1.3.3-py3.10.egg-info/PKG-INFO
/home/jo/clearpath_ws/install/clearpath_config/lib/python3.10/site-packages/clearpath_config-1.3.3-py3.10.egg-info/SOURCES.txt
/home/jo/clearpath_ws/install/clearpath_config/lib/python3.10/site-packages/clearpath_config-1.3.3-py3.10.egg-info/zip-safe
