-- The C compiler identification is GNU 11.4.0
-- The CXX compiler identification is GNU 11.4.0
-- Detecting C compiler ABI info
-- Detecting C compiler ABI info - done
-- Check for working C compiler: /usr/bin/cc - skipped
-- Detecting C compile features
-- Detecting C compile features - done
-- Detecting CXX compiler ABI info
-- Detecting CXX compiler ABI info - done
-- Check for working CXX compiler: /usr/bin/c++ - skipped
-- Detecting CXX compile features
-- Detecting CXX compile features - done
-- Found action_msgs: 1.2.2 (/opt/ros/humble/share/action_msgs/cmake)
-- Found Python3: /usr/bin/python3 (found version "3.10.12") found components: Interpreter 
-- Found rosidl_generator_c: 3.1.7 (/opt/ros/humble/share/rosidl_generator_c/cmake)
-- Found rosidl_adapter: 3.1.7 (/opt/ros/humble/share/rosidl_adapter/cmake)
-- Found rosidl_generator_cpp: 3.1.7 (/opt/ros/humble/share/rosidl_generator_cpp/cmake)
-- Using all available rosidl_typesupport_c: rosidl_typesupport_fastrtps_c;rosidl_typesupport_introspection_c
-- Using all available rosidl_typesupport_cpp: rosidl_typesupport_fastrtps_cpp;rosidl_typesupport_introspection_cpp
-- Found rosidl_default_generators: 1.2.0 (/opt/ros/humble/share/rosidl_default_generators/cmake)
-- Found std_msgs: 4.9.0 (/opt/ros/humble/share/std_msgs/cmake)
-- Found ament_cmake_ros: 0.10.0 (/opt/ros/humble/share/ament_cmake_ros/cmake)
-- Using all available rosidl_typesupport_c: rosidl_typesupport_fastrtps_c;rosidl_typesupport_introspection_c
-- Using all available rosidl_typesupport_cpp: rosidl_typesupport_fastrtps_cpp;rosidl_typesupport_introspection_cpp
-- Found PythonInterp: /usr/bin/python3 (found suitable version "3.10.12", minimum required is "3.6") 
-- Found python_cmake_module: 0.10.0 (/opt/ros/humble/share/python_cmake_module/cmake)
-- Found PythonLibs: /usr/lib/x86_64-linux-gnu/libpython3.10.so (found suitable version "3.10.12", minimum required is "3.5") 
-- Using PYTHON_EXECUTABLE: /usr/bin/python3
-- Using PYTHON_INCLUDE_DIRS: /usr/include/python3.10
-- Using PYTHON_LIBRARIES: /usr/lib/x86_64-linux-gnu/libpython3.10.so
-- Found PythonExtra: .so  
-- Configuring done
-- Generating done
-- Build files have been written to: /home/jo/clearpath_ws/build/clearpath_motor_msgs
[  1%] [34m[1mGenerating C code for ROS interfaces[0m
[  3%] [34m[1mGenerating C++ code for ROS interfaces[0m
[  3%] Built target ament_cmake_python_copy_clearpath_motor_msgs
running egg_info
creating clearpath_motor_msgs.egg-info
writing clearpath_motor_msgs.egg-info/PKG-INFO
writing dependency_links to clearpath_motor_msgs.egg-info/dependency_links.txt
writing top-level names to clearpath_motor_msgs.egg-info/top_level.txt
writing manifest file 'clearpath_motor_msgs.egg-info/SOURCES.txt'
reading manifest file 'clearpath_motor_msgs.egg-info/SOURCES.txt'
writing manifest file 'clearpath_motor_msgs.egg-info/SOURCES.txt'
[  3%] Built target ament_cmake_python_build_clearpath_motor_msgs_egg
[  3%] Built target clearpath_motor_msgs__cpp
[  7%] [32mBuilding C object CMakeFiles/clearpath_motor_msgs__rosidl_generator_c.dir/rosidl_generator_c/clearpath_motor_msgs/msg/detail/puma_multi_feedback__functions.c.o[0m
[  9%] [32mBuilding C object CMakeFiles/clearpath_motor_msgs__rosidl_generator_c.dir/rosidl_generator_c/clearpath_motor_msgs/msg/detail/puma_feedback__functions.c.o[0m
[  9%] [32mBuilding C object CMakeFiles/clearpath_motor_msgs__rosidl_generator_c.dir/rosidl_generator_c/clearpath_motor_msgs/msg/detail/puma_status__functions.c.o[0m
[ 10%] [32mBuilding C object CMakeFiles/clearpath_motor_msgs__rosidl_generator_c.dir/rosidl_generator_c/clearpath_motor_msgs/msg/detail/puma_multi_status__functions.c.o[0m
[ 16%] [34m[1mGenerating C++ type support dispatch for ROS interfaces[0m
[ 16%] [34m[1mGenerating C++ introspection for ROS interfaces[0m
[ 16%] [34m[1mGenerating C++ type support for eProsima Fast-RTPS[0m
[ 18%] [32m[1mLinking C shared library libclearpath_motor_msgs__rosidl_generator_c.so[0m
[ 18%] Built target clearpath_motor_msgs__rosidl_generator_c
[ 23%] [34m[1mGenerating C introspection for ROS interfaces[0m
[ 23%] [34m[1mGenerating C type support for eProsima Fast-RTPS[0m
[ 23%] [34m[1mGenerating C type support dispatch for ROS interfaces[0m
[ 27%] [32mBuilding CXX object CMakeFiles/clearpath_motor_msgs__rosidl_typesupport_introspection_cpp.dir/rosidl_typesupport_introspection_cpp/clearpath_motor_msgs/msg/detail/puma_multi_feedback__type_support.cpp.o[0m
[ 27%] [32mBuilding CXX object CMakeFiles/clearpath_motor_msgs__rosidl_typesupport_introspection_cpp.dir/rosidl_typesupport_introspection_cpp/clearpath_motor_msgs/msg/detail/puma_feedback__type_support.cpp.o[0m
[ 29%] [32mBuilding CXX object CMakeFiles/clearpath_motor_msgs__rosidl_typesupport_introspection_cpp.dir/rosidl_typesupport_introspection_cpp/clearpath_motor_msgs/msg/detail/puma_status__type_support.cpp.o[0m
[ 30%] [32mBuilding CXX object CMakeFiles/clearpath_motor_msgs__rosidl_typesupport_introspection_cpp.dir/rosidl_typesupport_introspection_cpp/clearpath_motor_msgs/msg/detail/puma_multi_status__type_support.cpp.o[0m
[ 38%] [32mBuilding CXX object CMakeFiles/clearpath_motor_msgs__rosidl_typesupport_cpp.dir/rosidl_typesupport_cpp/clearpath_motor_msgs/msg/puma_feedback__type_support.cpp.o[0m
[ 38%] [32mBuilding CXX object CMakeFiles/clearpath_motor_msgs__rosidl_typesupport_cpp.dir/rosidl_typesupport_cpp/clearpath_motor_msgs/msg/puma_status__type_support.cpp.o[0m
[ 38%] [32mBuilding CXX object CMakeFiles/clearpath_motor_msgs__rosidl_typesupport_cpp.dir/rosidl_typesupport_cpp/clearpath_motor_msgs/msg/puma_multi_feedback__type_support.cpp.o[0m
[ 38%] [32mBuilding CXX object CMakeFiles/clearpath_motor_msgs__rosidl_typesupport_cpp.dir/rosidl_typesupport_cpp/clearpath_motor_msgs/msg/puma_multi_status__type_support.cpp.o[0m
[ 43%] [32mBuilding CXX object CMakeFiles/clearpath_motor_msgs__rosidl_typesupport_fastrtps_cpp.dir/rosidl_typesupport_fastrtps_cpp/clearpath_motor_msgs/msg/detail/dds_fastrtps/puma_feedback__type_support.cpp.o[0m
[ 43%] [32mBuilding CXX object CMakeFiles/clearpath_motor_msgs__rosidl_typesupport_fastrtps_cpp.dir/rosidl_typesupport_fastrtps_cpp/clearpath_motor_msgs/msg/detail/dds_fastrtps/puma_status__type_support.cpp.o[0m
[ 45%] [32mBuilding CXX object CMakeFiles/clearpath_motor_msgs__rosidl_typesupport_fastrtps_cpp.dir/rosidl_typesupport_fastrtps_cpp/clearpath_motor_msgs/msg/detail/dds_fastrtps/puma_multi_status__type_support.cpp.o[0m
[ 45%] [32mBuilding CXX object CMakeFiles/clearpath_motor_msgs__rosidl_typesupport_fastrtps_cpp.dir/rosidl_typesupport_fastrtps_cpp/clearpath_motor_msgs/msg/detail/dds_fastrtps/puma_multi_feedback__type_support.cpp.o[0m
[ 47%] [32mBuilding CXX object CMakeFiles/clearpath_motor_msgs__rosidl_typesupport_c.dir/rosidl_typesupport_c/clearpath_motor_msgs/msg/puma_multi_feedback__type_support.cpp.o[0m
[ 50%] [32mBuilding CXX object CMakeFiles/clearpath_motor_msgs__rosidl_typesupport_c.dir/rosidl_typesupport_c/clearpath_motor_msgs/msg/puma_multi_status__type_support.cpp.o[0m
[ 50%] [32mBuilding CXX object CMakeFiles/clearpath_motor_msgs__rosidl_typesupport_c.dir/rosidl_typesupport_c/clearpath_motor_msgs/msg/puma_feedback__type_support.cpp.o[0m
[ 52%] [32mBuilding CXX object CMakeFiles/clearpath_motor_msgs__rosidl_typesupport_c.dir/rosidl_typesupport_c/clearpath_motor_msgs/msg/puma_status__type_support.cpp.o[0m
[ 54%] [32m[1mLinking CXX shared library libclearpath_motor_msgs__rosidl_typesupport_c.so[0m
[ 56%] [32m[1mLinking CXX shared library libclearpath_motor_msgs__rosidl_typesupport_cpp.so[0m
[ 58%] [32mBuilding C object CMakeFiles/clearpath_motor_msgs__rosidl_typesupport_introspection_c.dir/rosidl_typesupport_introspection_c/clearpath_motor_msgs/msg/detail/puma_feedback__type_support.c.o[0m
[ 61%] [32mBuilding C object CMakeFiles/clearpath_motor_msgs__rosidl_typesupport_introspection_c.dir/rosidl_typesupport_introspection_c/clearpath_motor_msgs/msg/detail/puma_status__type_support.c.o[0m
[ 61%] [32mBuilding C object CMakeFiles/clearpath_motor_msgs__rosidl_typesupport_introspection_c.dir/rosidl_typesupport_introspection_c/clearpath_motor_msgs/msg/detail/puma_multi_feedback__type_support.c.o[0m
[ 63%] [32mBuilding C object CMakeFiles/clearpath_motor_msgs__rosidl_typesupport_introspection_c.dir/rosidl_typesupport_introspection_c/clearpath_motor_msgs/msg/detail/puma_multi_status__type_support.c.o[0m
[ 63%] Built target clearpath_motor_msgs__rosidl_typesupport_c
[ 69%] [32mBuilding CXX object CMakeFiles/clearpath_motor_msgs__rosidl_typesupport_fastrtps_c.dir/rosidl_typesupport_fastrtps_c/clearpath_motor_msgs/msg/detail/puma_status__type_support_c.cpp.o[0m
[ 69%] [32mBuilding CXX object CMakeFiles/clearpath_motor_msgs__rosidl_typesupport_fastrtps_c.dir/rosidl_typesupport_fastrtps_c/clearpath_motor_msgs/msg/detail/puma_multi_feedback__type_support_c.cpp.o[0m
[ 69%] [32mBuilding CXX object CMakeFiles/clearpath_motor_msgs__rosidl_typesupport_fastrtps_c.dir/rosidl_typesupport_fastrtps_c/clearpath_motor_msgs/msg/detail/puma_feedback__type_support_c.cpp.o[0m
[ 70%] [32mBuilding CXX object CMakeFiles/clearpath_motor_msgs__rosidl_typesupport_fastrtps_c.dir/rosidl_typesupport_fastrtps_c/clearpath_motor_msgs/msg/detail/puma_multi_status__type_support_c.cpp.o[0m
[ 70%] Built target clearpath_motor_msgs__rosidl_typesupport_cpp
[ 72%] [32m[1mLinking C shared library libclearpath_motor_msgs__rosidl_typesupport_introspection_c.so[0m
[ 72%] Built target clearpath_motor_msgs__rosidl_typesupport_introspection_c
[ 74%] [32m[1mLinking CXX shared library libclearpath_motor_msgs__rosidl_typesupport_introspection_cpp.so[0m
[ 74%] Built target clearpath_motor_msgs__rosidl_typesupport_introspection_cpp
[ 76%] [32m[1mLinking CXX shared library libclearpath_motor_msgs__rosidl_typesupport_fastrtps_cpp.so[0m
[ 76%] Built target clearpath_motor_msgs__rosidl_typesupport_fastrtps_cpp
[ 78%] [32m[1mLinking CXX shared library libclearpath_motor_msgs__rosidl_typesupport_fastrtps_c.so[0m
[ 78%] Built target clearpath_motor_msgs__rosidl_typesupport_fastrtps_c
[ 78%] Built target clearpath_motor_msgs
[ 80%] [34m[1mGenerating Python code for ROS interfaces[0m
[ 80%] Built target clearpath_motor_msgs__py
[ 81%] [32mBuilding C object CMakeFiles/clearpath_motor_msgs__rosidl_generator_py.dir/rosidl_generator_py/clearpath_motor_msgs/msg/_puma_multi_status_s.c.o[0m
[ 83%] [32mBuilding C object CMakeFiles/clearpath_motor_msgs__rosidl_generator_py.dir/rosidl_generator_py/clearpath_motor_msgs/msg/_puma_feedback_s.c.o[0m
[ 85%] [32mBuilding C object CMakeFiles/clearpath_motor_msgs__rosidl_generator_py.dir/rosidl_generator_py/clearpath_motor_msgs/msg/_puma_multi_feedback_s.c.o[0m
[ 87%] [32mBuilding C object CMakeFiles/clearpath_motor_msgs__rosidl_generator_py.dir/rosidl_generator_py/clearpath_motor_msgs/msg/_puma_status_s.c.o[0m
[ 89%] [32m[1mLinking C shared library rosidl_generator_py/clearpath_motor_msgs/libclearpath_motor_msgs__rosidl_generator_py.so[0m
[ 89%] Built target clearpath_motor_msgs__rosidl_generator_py
[ 90%] [32mBuilding C object CMakeFiles/clearpath_motor_msgs__rosidl_typesupport_introspection_c__pyext.dir/rosidl_generator_py/clearpath_motor_msgs/_clearpath_motor_msgs_s.ep.rosidl_typesupport_introspection_c.c.o[0m
[ 92%] [32mBuilding C object CMakeFiles/clearpath_motor_msgs__rosidl_typesupport_fastrtps_c__pyext.dir/rosidl_generator_py/clearpath_motor_msgs/_clearpath_motor_msgs_s.ep.rosidl_typesupport_fastrtps_c.c.o[0m
[ 94%] [32mBuilding C object CMakeFiles/clearpath_motor_msgs__rosidl_typesupport_c__pyext.dir/rosidl_generator_py/clearpath_motor_msgs/_clearpath_motor_msgs_s.ep.rosidl_typesupport_c.c.o[0m
[ 96%] [32m[1mLinking C shared library rosidl_generator_py/clearpath_motor_msgs/clearpath_motor_msgs_s__rosidl_typesupport_c.cpython-310-x86_64-linux-gnu.so[0m
[ 98%] [32m[1mLinking C shared library rosidl_generator_py/clearpath_motor_msgs/clearpath_motor_msgs_s__rosidl_typesupport_fastrtps_c.cpython-310-x86_64-linux-gnu.so[0m
[100%] [32m[1mLinking C shared library rosidl_generator_py/clearpath_motor_msgs/clearpath_motor_msgs_s__rosidl_typesupport_introspection_c.cpython-310-x86_64-linux-gnu.so[0m
[100%] Built target clearpath_motor_msgs__rosidl_typesupport_c__pyext
[100%] Built target clearpath_motor_msgs__rosidl_typesupport_fastrtps_c__pyext
[100%] Built target clearpath_motor_msgs__rosidl_typesupport_introspection_c__pyext
-- Install configuration: ""
-- Installing: /home/jo/clearpath_ws/install/clearpath_motor_msgs/share/ament_index/resource_index/rosidl_interfaces/clearpath_motor_msgs
-- Installing: /home/jo/clearpath_ws/install/clearpath_motor_msgs/include/clearpath_motor_msgs/clearpath_motor_msgs
-- Installing: /home/jo/clearpath_ws/install/clearpath_motor_msgs/include/clearpath_motor_msgs/clearpath_motor_msgs/msg
-- Installing: /home/jo/clearpath_ws/install/clearpath_motor_msgs/include/clearpath_motor_msgs/clearpath_motor_msgs/msg/puma_feedback.h
-- Installing: /home/jo/clearpath_ws/install/clearpath_motor_msgs/include/clearpath_motor_msgs/clearpath_motor_msgs/msg/puma_status.h
-- Installing: /home/jo/clearpath_ws/install/clearpath_motor_msgs/include/clearpath_motor_msgs/clearpath_motor_msgs/msg/puma_multi_status.h
-- Installing: /home/jo/clearpath_ws/install/clearpath_motor_msgs/include/clearpath_motor_msgs/clearpath_motor_msgs/msg/rosidl_generator_c__visibility_control.h
-- Installing: /home/jo/clearpath_ws/install/clearpath_motor_msgs/include/clearpath_motor_msgs/clearpath_motor_msgs/msg/detail
-- Installing: /home/jo/clearpath_ws/install/clearpath_motor_msgs/include/clearpath_motor_msgs/clearpath_motor_msgs/msg/detail/puma_multi_status__struct.h
-- Installing: /home/jo/clearpath_ws/install/clearpath_motor_msgs/include/clearpath_motor_msgs/clearpath_motor_msgs/msg/detail/puma_multi_feedback__functions.h
-- Installing: /home/jo/clearpath_ws/install/clearpath_motor_msgs/include/clearpath_motor_msgs/clearpath_motor_msgs/msg/detail/puma_feedback__functions.h
-- Installing: /home/jo/clearpath_ws/install/clearpath_motor_msgs/include/clearpath_motor_msgs/clearpath_motor_msgs/msg/detail/puma_feedback__functions.c
-- Installing: /home/jo/clearpath_ws/install/clearpath_motor_msgs/include/clearpath_motor_msgs/clearpath_motor_msgs/msg/detail/puma_multi_feedback__type_support.h
-- Installing: /home/jo/clearpath_ws/install/clearpath_motor_msgs/include/clearpath_motor_msgs/clearpath_motor_msgs/msg/detail/puma_multi_status__functions.c
-- Installing: /home/jo/clearpath_ws/install/clearpath_motor_msgs/include/clearpath_motor_msgs/clearpath_motor_msgs/msg/detail/puma_status__type_support.h
-- Installing: /home/jo/clearpath_ws/install/clearpath_motor_msgs/include/clearpath_motor_msgs/clearpath_motor_msgs/msg/detail/puma_feedback__struct.h
-- Installing: /home/jo/clearpath_ws/install/clearpath_motor_msgs/include/clearpath_motor_msgs/clearpath_motor_msgs/msg/detail/puma_multi_feedback__functions.c
-- Installing: /home/jo/clearpath_ws/install/clearpath_motor_msgs/include/clearpath_motor_msgs/clearpath_motor_msgs/msg/detail/puma_status__functions.c
-- Installing: /home/jo/clearpath_ws/install/clearpath_motor_msgs/include/clearpath_motor_msgs/clearpath_motor_msgs/msg/detail/puma_status__functions.h
-- Installing: /home/jo/clearpath_ws/install/clearpath_motor_msgs/include/clearpath_motor_msgs/clearpath_motor_msgs/msg/detail/puma_status__struct.h
-- Installing: /home/jo/clearpath_ws/install/clearpath_motor_msgs/include/clearpath_motor_msgs/clearpath_motor_msgs/msg/detail/puma_multi_status__functions.h
-- Installing: /home/jo/clearpath_ws/install/clearpath_motor_msgs/include/clearpath_motor_msgs/clearpath_motor_msgs/msg/detail/puma_feedback__type_support.h
-- Installing: /home/jo/clearpath_ws/install/clearpath_motor_msgs/include/clearpath_motor_msgs/clearpath_motor_msgs/msg/detail/puma_multi_status__type_support.h
-- Installing: /home/jo/clearpath_ws/install/clearpath_motor_msgs/include/clearpath_motor_msgs/clearpath_motor_msgs/msg/detail/puma_multi_feedback__struct.h
-- Installing: /home/jo/clearpath_ws/install/clearpath_motor_msgs/include/clearpath_motor_msgs/clearpath_motor_msgs/msg/puma_multi_feedback.h
-- Installing: /home/jo/clearpath_ws/install/clearpath_motor_msgs/share/clearpath_motor_msgs/environment/library_path.sh
-- Installing: /home/jo/clearpath_ws/install/clearpath_motor_msgs/share/clearpath_motor_msgs/environment/library_path.dsv
-- Installing: /home/jo/clearpath_ws/install/clearpath_motor_msgs/lib/libclearpath_motor_msgs__rosidl_generator_c.so
-- Set runtime path of "/home/jo/clearpath_ws/install/clearpath_motor_msgs/lib/libclearpath_motor_msgs__rosidl_generator_c.so" to ""
-- Up-to-date: /home/jo/clearpath_ws/install/clearpath_motor_msgs/include/clearpath_motor_msgs/clearpath_motor_msgs
-- Up-to-date: /home/jo/clearpath_ws/install/clearpath_motor_msgs/include/clearpath_motor_msgs/clearpath_motor_msgs/msg
-- Installing: /home/jo/clearpath_ws/install/clearpath_motor_msgs/include/clearpath_motor_msgs/clearpath_motor_msgs/msg/rosidl_typesupport_fastrtps_c__visibility_control.h
-- Up-to-date: /home/jo/clearpath_ws/install/clearpath_motor_msgs/include/clearpath_motor_msgs/clearpath_motor_msgs/msg/detail
-- Installing: /home/jo/clearpath_ws/install/clearpath_motor_msgs/include/clearpath_motor_msgs/clearpath_motor_msgs/msg/detail/puma_status__rosidl_typesupport_fastrtps_c.h
-- Installing: /home/jo/clearpath_ws/install/clearpath_motor_msgs/include/clearpath_motor_msgs/clearpath_motor_msgs/msg/detail/puma_multi_status__rosidl_typesupport_fastrtps_c.h
-- Installing: /home/jo/clearpath_ws/install/clearpath_motor_msgs/include/clearpath_motor_msgs/clearpath_motor_msgs/msg/detail/puma_multi_feedback__rosidl_typesupport_fastrtps_c.h
-- Installing: /home/jo/clearpath_ws/install/clearpath_motor_msgs/include/clearpath_motor_msgs/clearpath_motor_msgs/msg/detail/puma_feedback__rosidl_typesupport_fastrtps_c.h
-- Installing: /home/jo/clearpath_ws/install/clearpath_motor_msgs/lib/libclearpath_motor_msgs__rosidl_typesupport_fastrtps_c.so
-- Set runtime path of "/home/jo/clearpath_ws/install/clearpath_motor_msgs/lib/libclearpath_motor_msgs__rosidl_typesupport_fastrtps_c.so" to ""
-- Up-to-date: /home/jo/clearpath_ws/install/clearpath_motor_msgs/include/clearpath_motor_msgs/clearpath_motor_msgs
-- Up-to-date: /home/jo/clearpath_ws/install/clearpath_motor_msgs/include/clearpath_motor_msgs/clearpath_motor_msgs/msg
-- Installing: /home/jo/clearpath_ws/install/clearpath_motor_msgs/include/clearpath_motor_msgs/clearpath_motor_msgs/msg/rosidl_generator_cpp__visibility_control.hpp
-- Installing: /home/jo/clearpath_ws/install/clearpath_motor_msgs/include/clearpath_motor_msgs/clearpath_motor_msgs/msg/puma_feedback.hpp
-- Installing: /home/jo/clearpath_ws/install/clearpath_motor_msgs/include/clearpath_motor_msgs/clearpath_motor_msgs/msg/puma_multi_feedback.hpp
-- Installing: /home/jo/clearpath_ws/install/clearpath_motor_msgs/include/clearpath_motor_msgs/clearpath_motor_msgs/msg/puma_multi_status.hpp
-- Installing: /home/jo/clearpath_ws/install/clearpath_motor_msgs/include/clearpath_motor_msgs/clearpath_motor_msgs/msg/puma_status.hpp
-- Up-to-date: /home/jo/clearpath_ws/install/clearpath_motor_msgs/include/clearpath_motor_msgs/clearpath_motor_msgs/msg/detail
-- Installing: /home/jo/clearpath_ws/install/clearpath_motor_msgs/include/clearpath_motor_msgs/clearpath_motor_msgs/msg/detail/puma_status__type_support.hpp
-- Installing: /home/jo/clearpath_ws/install/clearpath_motor_msgs/include/clearpath_motor_msgs/clearpath_motor_msgs/msg/detail/puma_feedback__type_support.hpp
-- Installing: /home/jo/clearpath_ws/install/clearpath_motor_msgs/include/clearpath_motor_msgs/clearpath_motor_msgs/msg/detail/puma_multi_feedback__traits.hpp
-- Installing: /home/jo/clearpath_ws/install/clearpath_motor_msgs/include/clearpath_motor_msgs/clearpath_motor_msgs/msg/detail/puma_multi_status__struct.hpp
-- Installing: /home/jo/clearpath_ws/install/clearpath_motor_msgs/include/clearpath_motor_msgs/clearpath_motor_msgs/msg/detail/puma_multi_status__type_support.hpp
-- Installing: /home/jo/clearpath_ws/install/clearpath_motor_msgs/include/clearpath_motor_msgs/clearpath_motor_msgs/msg/detail/puma_multi_feedback__builder.hpp
-- Installing: /home/jo/clearpath_ws/install/clearpath_motor_msgs/include/clearpath_motor_msgs/clearpath_motor_msgs/msg/detail/puma_status__struct.hpp
-- Installing: /home/jo/clearpath_ws/install/clearpath_motor_msgs/include/clearpath_motor_msgs/clearpath_motor_msgs/msg/detail/puma_feedback__builder.hpp
-- Installing: /home/jo/clearpath_ws/install/clearpath_motor_msgs/include/clearpath_motor_msgs/clearpath_motor_msgs/msg/detail/puma_multi_status__traits.hpp
-- Installing: /home/jo/clearpath_ws/install/clearpath_motor_msgs/include/clearpath_motor_msgs/clearpath_motor_msgs/msg/detail/puma_feedback__traits.hpp
-- Installing: /home/jo/clearpath_ws/install/clearpath_motor_msgs/include/clearpath_motor_msgs/clearpath_motor_msgs/msg/detail/puma_status__builder.hpp
-- Installing: /home/jo/clearpath_ws/install/clearpath_motor_msgs/include/clearpath_motor_msgs/clearpath_motor_msgs/msg/detail/puma_status__traits.hpp
-- Installing: /home/jo/clearpath_ws/install/clearpath_motor_msgs/include/clearpath_motor_msgs/clearpath_motor_msgs/msg/detail/puma_multi_feedback__type_support.hpp
-- Installing: /home/jo/clearpath_ws/install/clearpath_motor_msgs/include/clearpath_motor_msgs/clearpath_motor_msgs/msg/detail/puma_feedback__struct.hpp
-- Installing: /home/jo/clearpath_ws/install/clearpath_motor_msgs/include/clearpath_motor_msgs/clearpath_motor_msgs/msg/detail/puma_multi_feedback__struct.hpp
-- Installing: /home/jo/clearpath_ws/install/clearpath_motor_msgs/include/clearpath_motor_msgs/clearpath_motor_msgs/msg/detail/puma_multi_status__builder.hpp
-- Up-to-date: /home/jo/clearpath_ws/install/clearpath_motor_msgs/include/clearpath_motor_msgs/clearpath_motor_msgs
-- Up-to-date: /home/jo/clearpath_ws/install/clearpath_motor_msgs/include/clearpath_motor_msgs/clearpath_motor_msgs/msg
-- Installing: /home/jo/clearpath_ws/install/clearpath_motor_msgs/include/clearpath_motor_msgs/clearpath_motor_msgs/msg/rosidl_typesupport_fastrtps_cpp__visibility_control.h
-- Up-to-date: /home/jo/clearpath_ws/install/clearpath_motor_msgs/include/clearpath_motor_msgs/clearpath_motor_msgs/msg/detail
-- Installing: /home/jo/clearpath_ws/install/clearpath_motor_msgs/include/clearpath_motor_msgs/clearpath_motor_msgs/msg/detail/puma_multi_feedback__rosidl_typesupport_fastrtps_cpp.hpp
-- Installing: /home/jo/clearpath_ws/install/clearpath_motor_msgs/include/clearpath_motor_msgs/clearpath_motor_msgs/msg/detail/puma_status__rosidl_typesupport_fastrtps_cpp.hpp
-- Installing: /home/jo/clearpath_ws/install/clearpath_motor_msgs/include/clearpath_motor_msgs/clearpath_motor_msgs/msg/detail/puma_multi_status__rosidl_typesupport_fastrtps_cpp.hpp
-- Installing: /home/jo/clearpath_ws/install/clearpath_motor_msgs/include/clearpath_motor_msgs/clearpath_motor_msgs/msg/detail/dds_fastrtps
-- Installing: /home/jo/clearpath_ws/install/clearpath_motor_msgs/include/clearpath_motor_msgs/clearpath_motor_msgs/msg/detail/puma_feedback__rosidl_typesupport_fastrtps_cpp.hpp
-- Installing: /home/jo/clearpath_ws/install/clearpath_motor_msgs/lib/libclearpath_motor_msgs__rosidl_typesupport_fastrtps_cpp.so
-- Set runtime path of "/home/jo/clearpath_ws/install/clearpath_motor_msgs/lib/libclearpath_motor_msgs__rosidl_typesupport_fastrtps_cpp.so" to ""
-- Up-to-date: /home/jo/clearpath_ws/install/clearpath_motor_msgs/include/clearpath_motor_msgs/clearpath_motor_msgs
-- Up-to-date: /home/jo/clearpath_ws/install/clearpath_motor_msgs/include/clearpath_motor_msgs/clearpath_motor_msgs/msg
-- Installing: /home/jo/clearpath_ws/install/clearpath_motor_msgs/include/clearpath_motor_msgs/clearpath_motor_msgs/msg/rosidl_typesupport_introspection_c__visibility_control.h
-- Up-to-date: /home/jo/clearpath_ws/install/clearpath_motor_msgs/include/clearpath_motor_msgs/clearpath_motor_msgs/msg/detail
-- Installing: /home/jo/clearpath_ws/install/clearpath_motor_msgs/include/clearpath_motor_msgs/clearpath_motor_msgs/msg/detail/puma_feedback__type_support.c
-- Installing: /home/jo/clearpath_ws/install/clearpath_motor_msgs/include/clearpath_motor_msgs/clearpath_motor_msgs/msg/detail/puma_multi_status__rosidl_typesupport_introspection_c.h
-- Installing: /home/jo/clearpath_ws/install/clearpath_motor_msgs/include/clearpath_motor_msgs/clearpath_motor_msgs/msg/detail/puma_feedback__rosidl_typesupport_introspection_c.h
-- Installing: /home/jo/clearpath_ws/install/clearpath_motor_msgs/include/clearpath_motor_msgs/clearpath_motor_msgs/msg/detail/puma_status__rosidl_typesupport_introspection_c.h
-- Installing: /home/jo/clearpath_ws/install/clearpath_motor_msgs/include/clearpath_motor_msgs/clearpath_motor_msgs/msg/detail/puma_multi_status__type_support.c
-- Installing: /home/jo/clearpath_ws/install/clearpath_motor_msgs/include/clearpath_motor_msgs/clearpath_motor_msgs/msg/detail/puma_multi_feedback__type_support.c
-- Installing: /home/jo/clearpath_ws/install/clearpath_motor_msgs/include/clearpath_motor_msgs/clearpath_motor_msgs/msg/detail/puma_status__type_support.c
-- Installing: /home/jo/clearpath_ws/install/clearpath_motor_msgs/include/clearpath_motor_msgs/clearpath_motor_msgs/msg/detail/puma_multi_feedback__rosidl_typesupport_introspection_c.h
-- Installing: /home/jo/clearpath_ws/install/clearpath_motor_msgs/lib/libclearpath_motor_msgs__rosidl_typesupport_introspection_c.so
-- Set runtime path of "/home/jo/clearpath_ws/install/clearpath_motor_msgs/lib/libclearpath_motor_msgs__rosidl_typesupport_introspection_c.so" to ""
-- Installing: /home/jo/clearpath_ws/install/clearpath_motor_msgs/lib/libclearpath_motor_msgs__rosidl_typesupport_c.so
-- Set runtime path of "/home/jo/clearpath_ws/install/clearpath_motor_msgs/lib/libclearpath_motor_msgs__rosidl_typesupport_c.so" to ""
-- Up-to-date: /home/jo/clearpath_ws/install/clearpath_motor_msgs/include/clearpath_motor_msgs/clearpath_motor_msgs
-- Up-to-date: /home/jo/clearpath_ws/install/clearpath_motor_msgs/include/clearpath_motor_msgs/clearpath_motor_msgs/msg
-- Up-to-date: /home/jo/clearpath_ws/install/clearpath_motor_msgs/include/clearpath_motor_msgs/clearpath_motor_msgs/msg/detail
-- Installing: /home/jo/clearpath_ws/install/clearpath_motor_msgs/include/clearpath_motor_msgs/clearpath_motor_msgs/msg/detail/puma_multi_feedback__rosidl_typesupport_introspection_cpp.hpp
-- Installing: /home/jo/clearpath_ws/install/clearpath_motor_msgs/include/clearpath_motor_msgs/clearpath_motor_msgs/msg/detail/puma_multi_status__type_support.cpp
-- Installing: /home/jo/clearpath_ws/install/clearpath_motor_msgs/include/clearpath_motor_msgs/clearpath_motor_msgs/msg/detail/puma_multi_status__rosidl_typesupport_introspection_cpp.hpp
-- Installing: /home/jo/clearpath_ws/install/clearpath_motor_msgs/include/clearpath_motor_msgs/clearpath_motor_msgs/msg/detail/puma_multi_feedback__type_support.cpp
-- Installing: /home/jo/clearpath_ws/install/clearpath_motor_msgs/include/clearpath_motor_msgs/clearpath_motor_msgs/msg/detail/puma_status__rosidl_typesupport_introspection_cpp.hpp
-- Installing: /home/jo/clearpath_ws/install/clearpath_motor_msgs/include/clearpath_motor_msgs/clearpath_motor_msgs/msg/detail/puma_status__type_support.cpp
-- Installing: /home/jo/clearpath_ws/install/clearpath_motor_msgs/include/clearpath_motor_msgs/clearpath_motor_msgs/msg/detail/puma_feedback__rosidl_typesupport_introspection_cpp.hpp
-- Installing: /home/jo/clearpath_ws/install/clearpath_motor_msgs/include/clearpath_motor_msgs/clearpath_motor_msgs/msg/detail/puma_feedback__type_support.cpp
-- Installing: /home/jo/clearpath_ws/install/clearpath_motor_msgs/lib/libclearpath_motor_msgs__rosidl_typesupport_introspection_cpp.so
-- Set runtime path of "/home/jo/clearpath_ws/install/clearpath_motor_msgs/lib/libclearpath_motor_msgs__rosidl_typesupport_introspection_cpp.so" to ""
-- Installing: /home/jo/clearpath_ws/install/clearpath_motor_msgs/lib/libclearpath_motor_msgs__rosidl_typesupport_cpp.so
-- Set runtime path of "/home/jo/clearpath_ws/install/clearpath_motor_msgs/lib/libclearpath_motor_msgs__rosidl_typesupport_cpp.so" to ""
-- Installing: /home/jo/clearpath_ws/install/clearpath_motor_msgs/share/clearpath_motor_msgs/environment/pythonpath.sh
-- Installing: /home/jo/clearpath_ws/install/clearpath_motor_msgs/share/clearpath_motor_msgs/environment/pythonpath.dsv
-- Installing: /home/jo/clearpath_ws/install/clearpath_motor_msgs/local/lib/python3.10/dist-packages/clearpath_motor_msgs-1.0.1-py3.10.egg-info
-- Installing: /home/jo/clearpath_ws/install/clearpath_motor_msgs/local/lib/python3.10/dist-packages/clearpath_motor_msgs-1.0.1-py3.10.egg-info/top_level.txt
-- Installing: /home/jo/clearpath_ws/install/clearpath_motor_msgs/local/lib/python3.10/dist-packages/clearpath_motor_msgs-1.0.1-py3.10.egg-info/dependency_links.txt
-- Installing: /home/jo/clearpath_ws/install/clearpath_motor_msgs/local/lib/python3.10/dist-packages/clearpath_motor_msgs-1.0.1-py3.10.egg-info/PKG-INFO
-- Installing: /home/jo/clearpath_ws/install/clearpath_motor_msgs/local/lib/python3.10/dist-packages/clearpath_motor_msgs-1.0.1-py3.10.egg-info/SOURCES.txt
-- Installing: /home/jo/clearpath_ws/install/clearpath_motor_msgs/local/lib/python3.10/dist-packages/clearpath_motor_msgs
-- Installing: /home/jo/clearpath_ws/install/clearpath_motor_msgs/local/lib/python3.10/dist-packages/clearpath_motor_msgs/clearpath_motor_msgs_s__rosidl_typesupport_introspection_c.cpython-310-x86_64-linux-gnu.so
-- Installing: /home/jo/clearpath_ws/install/clearpath_motor_msgs/local/lib/python3.10/dist-packages/clearpath_motor_msgs/clearpath_motor_msgs_s__rosidl_typesupport_fastrtps_c.cpython-310-x86_64-linux-gnu.so
-- Installing: /home/jo/clearpath_ws/install/clearpath_motor_msgs/local/lib/python3.10/dist-packages/clearpath_motor_msgs/msg
-- Installing: /home/jo/clearpath_ws/install/clearpath_motor_msgs/local/lib/python3.10/dist-packages/clearpath_motor_msgs/msg/_puma_feedback.py
-- Installing: /home/jo/clearpath_ws/install/clearpath_motor_msgs/local/lib/python3.10/dist-packages/clearpath_motor_msgs/msg/_puma_status_s.c
-- Installing: /home/jo/clearpath_ws/install/clearpath_motor_msgs/local/lib/python3.10/dist-packages/clearpath_motor_msgs/msg/_puma_multi_feedback.py
-- Installing: /home/jo/clearpath_ws/install/clearpath_motor_msgs/local/lib/python3.10/dist-packages/clearpath_motor_msgs/msg/__init__.py
-- Installing: /home/jo/clearpath_ws/install/clearpath_motor_msgs/local/lib/python3.10/dist-packages/clearpath_motor_msgs/msg/_puma_multi_status_s.c
-- Installing: /home/jo/clearpath_ws/install/clearpath_motor_msgs/local/lib/python3.10/dist-packages/clearpath_motor_msgs/msg/_puma_feedback_s.c
-- Installing: /home/jo/clearpath_ws/install/clearpath_motor_msgs/local/lib/python3.10/dist-packages/clearpath_motor_msgs/msg/_puma_multi_status.py
-- Installing: /home/jo/clearpath_ws/install/clearpath_motor_msgs/local/lib/python3.10/dist-packages/clearpath_motor_msgs/msg/_puma_multi_feedback_s.c
-- Installing: /home/jo/clearpath_ws/install/clearpath_motor_msgs/local/lib/python3.10/dist-packages/clearpath_motor_msgs/msg/_puma_status.py
-- Installing: /home/jo/clearpath_ws/install/clearpath_motor_msgs/local/lib/python3.10/dist-packages/clearpath_motor_msgs/__init__.py
-- Installing: /home/jo/clearpath_ws/install/clearpath_motor_msgs/local/lib/python3.10/dist-packages/clearpath_motor_msgs/_clearpath_motor_msgs_s.ep.rosidl_typesupport_c.c
-- Installing: /home/jo/clearpath_ws/install/clearpath_motor_msgs/local/lib/python3.10/dist-packages/clearpath_motor_msgs/_clearpath_motor_msgs_s.ep.rosidl_typesupport_introspection_c.c
-- Installing: /home/jo/clearpath_ws/install/clearpath_motor_msgs/local/lib/python3.10/dist-packages/clearpath_motor_msgs/libclearpath_motor_msgs__rosidl_generator_py.so
-- Installing: /home/jo/clearpath_ws/install/clearpath_motor_msgs/local/lib/python3.10/dist-packages/clearpath_motor_msgs/clearpath_motor_msgs_s__rosidl_typesupport_c.cpython-310-x86_64-linux-gnu.so
-- Installing: /home/jo/clearpath_ws/install/clearpath_motor_msgs/local/lib/python3.10/dist-packages/clearpath_motor_msgs/_clearpath_motor_msgs_s.ep.rosidl_typesupport_fastrtps_c.c
Listing '/home/jo/clearpath_ws/install/clearpath_motor_msgs/local/lib/python3.10/dist-packages/clearpath_motor_msgs'...
Compiling '/home/jo/clearpath_ws/install/clearpath_motor_msgs/local/lib/python3.10/dist-packages/clearpath_motor_msgs/__init__.py'...
Listing '/home/jo/clearpath_ws/install/clearpath_motor_msgs/local/lib/python3.10/dist-packages/clearpath_motor_msgs/msg'...
Compiling '/home/jo/clearpath_ws/install/clearpath_motor_msgs/local/lib/python3.10/dist-packages/clearpath_motor_msgs/msg/__init__.py'...
Compiling '/home/jo/clearpath_ws/install/clearpath_motor_msgs/local/lib/python3.10/dist-packages/clearpath_motor_msgs/msg/_puma_feedback.py'...
Compiling '/home/jo/clearpath_ws/install/clearpath_motor_msgs/local/lib/python3.10/dist-packages/clearpath_motor_msgs/msg/_puma_multi_feedback.py'...
Compiling '/home/jo/clearpath_ws/install/clearpath_motor_msgs/local/lib/python3.10/dist-packages/clearpath_motor_msgs/msg/_puma_multi_status.py'...
Compiling '/home/jo/clearpath_ws/install/clearpath_motor_msgs/local/lib/python3.10/dist-packages/clearpath_motor_msgs/msg/_puma_status.py'...
-- Installing: /home/jo/clearpath_ws/install/clearpath_motor_msgs/local/lib/python3.10/dist-packages/clearpath_motor_msgs/clearpath_motor_msgs_s__rosidl_typesupport_fastrtps_c.cpython-310-x86_64-linux-gnu.so
-- Set runtime path of "/home/jo/clearpath_ws/install/clearpath_motor_msgs/local/lib/python3.10/dist-packages/clearpath_motor_msgs/clearpath_motor_msgs_s__rosidl_typesupport_fastrtps_c.cpython-310-x86_64-linux-gnu.so" to ""
-- Installing: /home/jo/clearpath_ws/install/clearpath_motor_msgs/local/lib/python3.10/dist-packages/clearpath_motor_msgs/clearpath_motor_msgs_s__rosidl_typesupport_introspection_c.cpython-310-x86_64-linux-gnu.so
-- Set runtime path of "/home/jo/clearpath_ws/install/clearpath_motor_msgs/local/lib/python3.10/dist-packages/clearpath_motor_msgs/clearpath_motor_msgs_s__rosidl_typesupport_introspection_c.cpython-310-x86_64-linux-gnu.so" to ""
-- Installing: /home/jo/clearpath_ws/install/clearpath_motor_msgs/local/lib/python3.10/dist-packages/clearpath_motor_msgs/clearpath_motor_msgs_s__rosidl_typesupport_c.cpython-310-x86_64-linux-gnu.so
-- Set runtime path of "/home/jo/clearpath_ws/install/clearpath_motor_msgs/local/lib/python3.10/dist-packages/clearpath_motor_msgs/clearpath_motor_msgs_s__rosidl_typesupport_c.cpython-310-x86_64-linux-gnu.so" to ""
-- Installing: /home/jo/clearpath_ws/install/clearpath_motor_msgs/lib/libclearpath_motor_msgs__rosidl_generator_py.so
-- Set runtime path of "/home/jo/clearpath_ws/install/clearpath_motor_msgs/lib/libclearpath_motor_msgs__rosidl_generator_py.so" to ""
-- Installing: /home/jo/clearpath_ws/install/clearpath_motor_msgs/share/clearpath_motor_msgs/msg/PumaFeedback.idl
-- Installing: /home/jo/clearpath_ws/install/clearpath_motor_msgs/share/clearpath_motor_msgs/msg/PumaStatus.idl
-- Installing: /home/jo/clearpath_ws/install/clearpath_motor_msgs/share/clearpath_motor_msgs/msg/PumaMultiFeedback.idl
-- Installing: /home/jo/clearpath_ws/install/clearpath_motor_msgs/share/clearpath_motor_msgs/msg/PumaMultiStatus.idl
-- Installing: /home/jo/clearpath_ws/install/clearpath_motor_msgs/share/clearpath_motor_msgs/msg/PumaFeedback.msg
-- Installing: /home/jo/clearpath_ws/install/clearpath_motor_msgs/share/clearpath_motor_msgs/msg/PumaStatus.msg
-- Installing: /home/jo/clearpath_ws/install/clearpath_motor_msgs/share/clearpath_motor_msgs/msg/PumaMultiFeedback.msg
-- Installing: /home/jo/clearpath_ws/install/clearpath_motor_msgs/share/clearpath_motor_msgs/msg/PumaMultiStatus.msg
-- Installing: /home/jo/clearpath_ws/install/clearpath_motor_msgs/share/ament_index/resource_index/package_run_dependencies/clearpath_motor_msgs
-- Installing: /home/jo/clearpath_ws/install/clearpath_motor_msgs/share/ament_index/resource_index/parent_prefix_path/clearpath_motor_msgs
-- Installing: /home/jo/clearpath_ws/install/clearpath_motor_msgs/share/clearpath_motor_msgs/environment/ament_prefix_path.sh
-- Installing: /home/jo/clearpath_ws/install/clearpath_motor_msgs/share/clearpath_motor_msgs/environment/ament_prefix_path.dsv
-- Installing: /home/jo/clearpath_ws/install/clearpath_motor_msgs/share/clearpath_motor_msgs/environment/path.sh
-- Installing: /home/jo/clearpath_ws/install/clearpath_motor_msgs/share/clearpath_motor_msgs/environment/path.dsv
-- Installing: /home/jo/clearpath_ws/install/clearpath_motor_msgs/share/clearpath_motor_msgs/local_setup.bash
-- Installing: /home/jo/clearpath_ws/install/clearpath_motor_msgs/share/clearpath_motor_msgs/local_setup.sh
-- Installing: /home/jo/clearpath_ws/install/clearpath_motor_msgs/share/clearpath_motor_msgs/local_setup.zsh
-- Installing: /home/jo/clearpath_ws/install/clearpath_motor_msgs/share/clearpath_motor_msgs/local_setup.dsv
-- Installing: /home/jo/clearpath_ws/install/clearpath_motor_msgs/share/clearpath_motor_msgs/package.dsv
-- Installing: /home/jo/clearpath_ws/install/clearpath_motor_msgs/share/ament_index/resource_index/packages/clearpath_motor_msgs
-- Installing: /home/jo/clearpath_ws/install/clearpath_motor_msgs/share/clearpath_motor_msgs/cmake/export_clearpath_motor_msgs__rosidl_generator_cExport.cmake
-- Installing: /home/jo/clearpath_ws/install/clearpath_motor_msgs/share/clearpath_motor_msgs/cmake/export_clearpath_motor_msgs__rosidl_generator_cExport-noconfig.cmake
-- Installing: /home/jo/clearpath_ws/install/clearpath_motor_msgs/share/clearpath_motor_msgs/cmake/export_clearpath_motor_msgs__rosidl_typesupport_fastrtps_cExport.cmake
-- Installing: /home/jo/clearpath_ws/install/clearpath_motor_msgs/share/clearpath_motor_msgs/cmake/export_clearpath_motor_msgs__rosidl_typesupport_fastrtps_cExport-noconfig.cmake
-- Installing: /home/jo/clearpath_ws/install/clearpath_motor_msgs/share/clearpath_motor_msgs/cmake/export_clearpath_motor_msgs__rosidl_generator_cppExport.cmake
-- Installing: /home/jo/clearpath_ws/install/clearpath_motor_msgs/share/clearpath_motor_msgs/cmake/export_clearpath_motor_msgs__rosidl_typesupport_fastrtps_cppExport.cmake
-- Installing: /home/jo/clearpath_ws/install/clearpath_motor_msgs/share/clearpath_motor_msgs/cmake/export_clearpath_motor_msgs__rosidl_typesupport_fastrtps_cppExport-noconfig.cmake
-- Installing: /home/jo/clearpath_ws/install/clearpath_motor_msgs/share/clearpath_motor_msgs/cmake/clearpath_motor_msgs__rosidl_typesupport_introspection_cExport.cmake
-- Installing: /home/jo/clearpath_ws/install/clearpath_motor_msgs/share/clearpath_motor_msgs/cmake/clearpath_motor_msgs__rosidl_typesupport_introspection_cExport-noconfig.cmake
-- Installing: /home/jo/clearpath_ws/install/clearpath_motor_msgs/share/clearpath_motor_msgs/cmake/clearpath_motor_msgs__rosidl_typesupport_cExport.cmake
-- Installing: /home/jo/clearpath_ws/install/clearpath_motor_msgs/share/clearpath_motor_msgs/cmake/clearpath_motor_msgs__rosidl_typesupport_cExport-noconfig.cmake
-- Installing: /home/jo/clearpath_ws/install/clearpath_motor_msgs/share/clearpath_motor_msgs/cmake/clearpath_motor_msgs__rosidl_typesupport_introspection_cppExport.cmake
-- Installing: /home/jo/clearpath_ws/install/clearpath_motor_msgs/share/clearpath_motor_msgs/cmake/clearpath_motor_msgs__rosidl_typesupport_introspection_cppExport-noconfig.cmake
-- Installing: /home/jo/clearpath_ws/install/clearpath_motor_msgs/share/clearpath_motor_msgs/cmake/clearpath_motor_msgs__rosidl_typesupport_cppExport.cmake
-- Installing: /home/jo/clearpath_ws/install/clearpath_motor_msgs/share/clearpath_motor_msgs/cmake/clearpath_motor_msgs__rosidl_typesupport_cppExport-noconfig.cmake
-- Installing: /home/jo/clearpath_ws/install/clearpath_motor_msgs/share/clearpath_motor_msgs/cmake/export_clearpath_motor_msgs__rosidl_generator_pyExport.cmake
-- Installing: /home/jo/clearpath_ws/install/clearpath_motor_msgs/share/clearpath_motor_msgs/cmake/export_clearpath_motor_msgs__rosidl_generator_pyExport-noconfig.cmake
-- Installing: /home/jo/clearpath_ws/install/clearpath_motor_msgs/share/clearpath_motor_msgs/cmake/rosidl_cmake-extras.cmake
-- Installing: /home/jo/clearpath_ws/install/clearpath_motor_msgs/share/clearpath_motor_msgs/cmake/ament_cmake_export_dependencies-extras.cmake
-- Installing: /home/jo/clearpath_ws/install/clearpath_motor_msgs/share/clearpath_motor_msgs/cmake/ament_cmake_export_include_directories-extras.cmake
-- Installing: /home/jo/clearpath_ws/install/clearpath_motor_msgs/share/clearpath_motor_msgs/cmake/ament_cmake_export_libraries-extras.cmake
-- Installing: /home/jo/clearpath_ws/install/clearpath_motor_msgs/share/clearpath_motor_msgs/cmake/ament_cmake_export_targets-extras.cmake
-- Installing: /home/jo/clearpath_ws/install/clearpath_motor_msgs/share/clearpath_motor_msgs/cmake/rosidl_cmake_export_typesupport_targets-extras.cmake
-- Installing: /home/jo/clearpath_ws/install/clearpath_motor_msgs/share/clearpath_motor_msgs/cmake/rosidl_cmake_export_typesupport_libraries-extras.cmake
-- Installing: /home/jo/clearpath_ws/install/clearpath_motor_msgs/share/clearpath_motor_msgs/cmake/clearpath_motor_msgsConfig.cmake
-- Installing: /home/jo/clearpath_ws/install/clearpath_motor_msgs/share/clearpath_motor_msgs/cmake/clearpath_motor_msgsConfig-version.cmake
-- Installing: /home/jo/clearpath_ws/install/clearpath_motor_msgs/share/clearpath_motor_msgs/package.xml
