[0.205s] Invoking command in '/home/jo/clearpath_ws/build/clearpath_motor_msgs': CMAKE_PREFIX_PATH=${CMAKE_PREFIX_PATH}:/opt/ros/humble /usr/bin/cmake /home/jo/clearpath_ws/src/clearpath_msgs/clearpath_motor_msgs -DCMAKE_INSTALL_PREFIX=/home/jo/clearpath_ws/install/clearpath_motor_msgs
[0.244s] -- The C compiler identification is GNU 11.4.0
[0.286s] -- The CXX compiler identification is GNU 11.4.0
[0.293s] -- Detecting C compiler ABI info
[0.348s] -- Detecting C compiler ABI info - done
[0.358s] -- Check for working C compiler: /usr/bin/cc - skipped
[0.359s] -- Detecting C compile features
[0.359s] -- Detecting C compile features - done
[0.363s] -- Detecting CXX compiler ABI info
[0.425s] -- Detecting CXX compiler ABI info - done
[0.431s] -- Check for working CXX compiler: /usr/bin/c++ - skipped
[0.431s] -- Detecting CXX compile features
[0.432s] -- Detecting CXX compile features - done
[0.439s] -- Found action_msgs: 1.2.2 (/opt/ros/humble/share/action_msgs/cmake)
[0.778s] -- Found Python3: /usr/bin/python3 (found version "3.10.12") found components: Interpreter 
[0.999s] -- Found rosidl_generator_c: 3.1.7 (/opt/ros/humble/share/rosidl_generator_c/cmake)
[1.013s] -- Found rosidl_adapter: 3.1.7 (/opt/ros/humble/share/rosidl_adapter/cmake)
[1.030s] -- Found rosidl_generator_cpp: 3.1.7 (/opt/ros/humble/share/rosidl_generator_cpp/cmake)
[1.050s] -- Using all available rosidl_typesupport_c: rosidl_typesupport_fastrtps_c;rosidl_typesupport_introspection_c
[1.078s] -- Using all available rosidl_typesupport_cpp: rosidl_typesupport_fastrtps_cpp;rosidl_typesupport_introspection_cpp
[1.132s] -- Found rosidl_default_generators: 1.2.0 (/opt/ros/humble/share/rosidl_default_generators/cmake)
[1.152s] -- Found std_msgs: 4.9.0 (/opt/ros/humble/share/std_msgs/cmake)
[1.400s] -- Found ament_cmake_ros: 0.10.0 (/opt/ros/humble/share/ament_cmake_ros/cmake)
[1.699s] -- Using all available rosidl_typesupport_c: rosidl_typesupport_fastrtps_c;rosidl_typesupport_introspection_c
[1.817s] -- Using all available rosidl_typesupport_cpp: rosidl_typesupport_fastrtps_cpp;rosidl_typesupport_introspection_cpp
[1.836s] -- Found PythonInterp: /usr/bin/python3 (found suitable version "3.10.12", minimum required is "3.6") 
[1.843s] -- Found python_cmake_module: 0.10.0 (/opt/ros/humble/share/python_cmake_module/cmake)
[1.865s] -- Found PythonLibs: /usr/lib/x86_64-linux-gnu/libpython3.10.so (found suitable version "3.10.12", minimum required is "3.5") 
[1.865s] -- Using PYTHON_EXECUTABLE: /usr/bin/python3
[1.865s] -- Using PYTHON_INCLUDE_DIRS: /usr/include/python3.10
[1.865s] -- Using PYTHON_LIBRARIES: /usr/lib/x86_64-linux-gnu/libpython3.10.so
[1.882s] -- Found PythonExtra: .so  
[1.958s] -- Configuring done
[1.985s] -- Generating done
[1.995s] -- Build files have been written to: /home/jo/clearpath_ws/build/clearpath_motor_msgs
[2.000s] Invoked command in '/home/jo/clearpath_ws/build/clearpath_motor_msgs' returned '0': CMAKE_PREFIX_PATH=${CMAKE_PREFIX_PATH}:/opt/ros/humble /usr/bin/cmake /home/jo/clearpath_ws/src/clearpath_msgs/clearpath_motor_msgs -DCMAKE_INSTALL_PREFIX=/home/jo/clearpath_ws/install/clearpath_motor_msgs
[2.001s] Invoking command in '/home/jo/clearpath_ws/build/clearpath_motor_msgs': CMAKE_PREFIX_PATH=${CMAKE_PREFIX_PATH}:/opt/ros/humble /usr/bin/cmake --build /home/jo/clearpath_ws/build/clearpath_motor_msgs -- -j20 -l20
[2.028s] [  1%] [34m[1mGenerating C code for ROS interfaces[0m
[2.036s] [  3%] [34m[1mGenerating C++ code for ROS interfaces[0m
[2.042s] [  3%] Built target ament_cmake_python_copy_clearpath_motor_msgs
[2.225s] running egg_info
[2.240s] creating clearpath_motor_msgs.egg-info
[2.240s] writing clearpath_motor_msgs.egg-info/PKG-INFO
[2.240s] writing dependency_links to clearpath_motor_msgs.egg-info/dependency_links.txt
[2.241s] writing top-level names to clearpath_motor_msgs.egg-info/top_level.txt
[2.241s] writing manifest file 'clearpath_motor_msgs.egg-info/SOURCES.txt'
[2.286s] reading manifest file 'clearpath_motor_msgs.egg-info/SOURCES.txt'
[2.286s] writing manifest file 'clearpath_motor_msgs.egg-info/SOURCES.txt'
[2.309s] [  3%] Built target ament_cmake_python_build_clearpath_motor_msgs_egg
[2.478s] [  3%] Built target clearpath_motor_msgs__cpp
[2.480s] [  7%] [32mBuilding C object CMakeFiles/clearpath_motor_msgs__rosidl_generator_c.dir/rosidl_generator_c/clearpath_motor_msgs/msg/detail/puma_multi_feedback__functions.c.o[0m
[2.480s] [  9%] [32mBuilding C object CMakeFiles/clearpath_motor_msgs__rosidl_generator_c.dir/rosidl_generator_c/clearpath_motor_msgs/msg/detail/puma_feedback__functions.c.o[0m
[2.480s] [  9%] [32mBuilding C object CMakeFiles/clearpath_motor_msgs__rosidl_generator_c.dir/rosidl_generator_c/clearpath_motor_msgs/msg/detail/puma_status__functions.c.o[0m
[2.480s] [ 10%] [32mBuilding C object CMakeFiles/clearpath_motor_msgs__rosidl_generator_c.dir/rosidl_generator_c/clearpath_motor_msgs/msg/detail/puma_multi_status__functions.c.o[0m
[2.486s] [ 16%] [34m[1mGenerating C++ type support dispatch for ROS interfaces[0m
[2.486s] [ 16%] [34m[1mGenerating C++ introspection for ROS interfaces[0m
[2.486s] [ 16%] [34m[1mGenerating C++ type support for eProsima Fast-RTPS[0m
[2.620s] [ 18%] [32m[1mLinking C shared library libclearpath_motor_msgs__rosidl_generator_c.so[0m
[2.646s] [ 18%] Built target clearpath_motor_msgs__rosidl_generator_c
[2.654s] [ 23%] [34m[1mGenerating C introspection for ROS interfaces[0m
[2.654s] [ 23%] [34m[1mGenerating C type support for eProsima Fast-RTPS[0m
[2.654s] [ 23%] [34m[1mGenerating C type support dispatch for ROS interfaces[0m
[2.866s] [ 27%] [32mBuilding CXX object CMakeFiles/clearpath_motor_msgs__rosidl_typesupport_introspection_cpp.dir/rosidl_typesupport_introspection_cpp/clearpath_motor_msgs/msg/detail/puma_multi_feedback__type_support.cpp.o[0m
[2.866s] [ 27%] [32mBuilding CXX object CMakeFiles/clearpath_motor_msgs__rosidl_typesupport_introspection_cpp.dir/rosidl_typesupport_introspection_cpp/clearpath_motor_msgs/msg/detail/puma_feedback__type_support.cpp.o[0m
[2.867s] [ 29%] [32mBuilding CXX object CMakeFiles/clearpath_motor_msgs__rosidl_typesupport_introspection_cpp.dir/rosidl_typesupport_introspection_cpp/clearpath_motor_msgs/msg/detail/puma_status__type_support.cpp.o[0m
[2.868s] [ 30%] [32mBuilding CXX object CMakeFiles/clearpath_motor_msgs__rosidl_typesupport_introspection_cpp.dir/rosidl_typesupport_introspection_cpp/clearpath_motor_msgs/msg/detail/puma_multi_status__type_support.cpp.o[0m
[2.880s] [ 38%] [32mBuilding CXX object CMakeFiles/clearpath_motor_msgs__rosidl_typesupport_cpp.dir/rosidl_typesupport_cpp/clearpath_motor_msgs/msg/puma_feedback__type_support.cpp.o[0m
[2.880s] [ 38%] [32mBuilding CXX object CMakeFiles/clearpath_motor_msgs__rosidl_typesupport_cpp.dir/rosidl_typesupport_cpp/clearpath_motor_msgs/msg/puma_status__type_support.cpp.o[0m
[2.880s] [ 38%] [32mBuilding CXX object CMakeFiles/clearpath_motor_msgs__rosidl_typesupport_cpp.dir/rosidl_typesupport_cpp/clearpath_motor_msgs/msg/puma_multi_feedback__type_support.cpp.o[0m
[2.880s] [ 38%] [32mBuilding CXX object CMakeFiles/clearpath_motor_msgs__rosidl_typesupport_cpp.dir/rosidl_typesupport_cpp/clearpath_motor_msgs/msg/puma_multi_status__type_support.cpp.o[0m
[2.943s] [ 43%] [32mBuilding CXX object CMakeFiles/clearpath_motor_msgs__rosidl_typesupport_fastrtps_cpp.dir/rosidl_typesupport_fastrtps_cpp/clearpath_motor_msgs/msg/detail/dds_fastrtps/puma_feedback__type_support.cpp.o[0m
[2.943s] [ 43%] [32mBuilding CXX object CMakeFiles/clearpath_motor_msgs__rosidl_typesupport_fastrtps_cpp.dir/rosidl_typesupport_fastrtps_cpp/clearpath_motor_msgs/msg/detail/dds_fastrtps/puma_status__type_support.cpp.o[0m
[2.943s] [ 45%] [32mBuilding CXX object CMakeFiles/clearpath_motor_msgs__rosidl_typesupport_fastrtps_cpp.dir/rosidl_typesupport_fastrtps_cpp/clearpath_motor_msgs/msg/detail/dds_fastrtps/puma_multi_status__type_support.cpp.o[0m
[2.943s] [ 45%] [32mBuilding CXX object CMakeFiles/clearpath_motor_msgs__rosidl_typesupport_fastrtps_cpp.dir/rosidl_typesupport_fastrtps_cpp/clearpath_motor_msgs/msg/detail/dds_fastrtps/puma_multi_feedback__type_support.cpp.o[0m
[3.107s] [ 47%] [32mBuilding CXX object CMakeFiles/clearpath_motor_msgs__rosidl_typesupport_c.dir/rosidl_typesupport_c/clearpath_motor_msgs/msg/puma_multi_feedback__type_support.cpp.o[0m
[3.110s] [ 50%] [32mBuilding CXX object CMakeFiles/clearpath_motor_msgs__rosidl_typesupport_c.dir/rosidl_typesupport_c/clearpath_motor_msgs/msg/puma_multi_status__type_support.cpp.o[0m
[3.110s] [ 50%] [32mBuilding CXX object CMakeFiles/clearpath_motor_msgs__rosidl_typesupport_c.dir/rosidl_typesupport_c/clearpath_motor_msgs/msg/puma_feedback__type_support.cpp.o[0m
[3.112s] [ 52%] [32mBuilding CXX object CMakeFiles/clearpath_motor_msgs__rosidl_typesupport_c.dir/rosidl_typesupport_c/clearpath_motor_msgs/msg/puma_status__type_support.cpp.o[0m
[3.167s] [ 54%] [32m[1mLinking CXX shared library libclearpath_motor_msgs__rosidl_typesupport_c.so[0m
[3.213s] [ 56%] [32m[1mLinking CXX shared library libclearpath_motor_msgs__rosidl_typesupport_cpp.so[0m
[3.224s] [ 58%] [32mBuilding C object CMakeFiles/clearpath_motor_msgs__rosidl_typesupport_introspection_c.dir/rosidl_typesupport_introspection_c/clearpath_motor_msgs/msg/detail/puma_feedback__type_support.c.o[0m
[3.224s] [ 61%] [32mBuilding C object CMakeFiles/clearpath_motor_msgs__rosidl_typesupport_introspection_c.dir/rosidl_typesupport_introspection_c/clearpath_motor_msgs/msg/detail/puma_status__type_support.c.o[0m
[3.225s] [ 61%] [32mBuilding C object CMakeFiles/clearpath_motor_msgs__rosidl_typesupport_introspection_c.dir/rosidl_typesupport_introspection_c/clearpath_motor_msgs/msg/detail/puma_multi_feedback__type_support.c.o[0m
[3.225s] [ 63%] [32mBuilding C object CMakeFiles/clearpath_motor_msgs__rosidl_typesupport_introspection_c.dir/rosidl_typesupport_introspection_c/clearpath_motor_msgs/msg/detail/puma_multi_status__type_support.c.o[0m
[3.227s] [ 63%] Built target clearpath_motor_msgs__rosidl_typesupport_c
[3.245s] [ 69%] [32mBuilding CXX object CMakeFiles/clearpath_motor_msgs__rosidl_typesupport_fastrtps_c.dir/rosidl_typesupport_fastrtps_c/clearpath_motor_msgs/msg/detail/puma_status__type_support_c.cpp.o[0m
[3.245s] [ 69%] [32mBuilding CXX object CMakeFiles/clearpath_motor_msgs__rosidl_typesupport_fastrtps_c.dir/rosidl_typesupport_fastrtps_c/clearpath_motor_msgs/msg/detail/puma_multi_feedback__type_support_c.cpp.o[0m
[3.245s] [ 69%] [32mBuilding CXX object CMakeFiles/clearpath_motor_msgs__rosidl_typesupport_fastrtps_c.dir/rosidl_typesupport_fastrtps_c/clearpath_motor_msgs/msg/detail/puma_feedback__type_support_c.cpp.o[0m
[3.258s] [ 70%] [32mBuilding CXX object CMakeFiles/clearpath_motor_msgs__rosidl_typesupport_fastrtps_c.dir/rosidl_typesupport_fastrtps_c/clearpath_motor_msgs/msg/detail/puma_multi_status__type_support_c.cpp.o[0m
[3.262s] [ 70%] Built target clearpath_motor_msgs__rosidl_typesupport_cpp
[3.269s] [ 72%] [32m[1mLinking C shared library libclearpath_motor_msgs__rosidl_typesupport_introspection_c.so[0m
[3.308s] [ 72%] Built target clearpath_motor_msgs__rosidl_typesupport_introspection_c
[3.344s] [ 74%] [32m[1mLinking CXX shared library libclearpath_motor_msgs__rosidl_typesupport_introspection_cpp.so[0m
[3.463s] [ 74%] Built target clearpath_motor_msgs__rosidl_typesupport_introspection_cpp
[3.494s] [ 76%] [32m[1mLinking CXX shared library libclearpath_motor_msgs__rosidl_typesupport_fastrtps_cpp.so[0m
[3.569s] [ 76%] Built target clearpath_motor_msgs__rosidl_typesupport_fastrtps_cpp
[3.603s] [ 78%] [32m[1mLinking CXX shared library libclearpath_motor_msgs__rosidl_typesupport_fastrtps_c.so[0m
[3.656s] [ 78%] Built target clearpath_motor_msgs__rosidl_typesupport_fastrtps_c
[3.671s] [ 78%] Built target clearpath_motor_msgs
[3.686s] [ 80%] [34m[1mGenerating Python code for ROS interfaces[0m
[4.397s] [ 80%] Built target clearpath_motor_msgs__py
[4.415s] [ 81%] [32mBuilding C object CMakeFiles/clearpath_motor_msgs__rosidl_generator_py.dir/rosidl_generator_py/clearpath_motor_msgs/msg/_puma_multi_status_s.c.o[0m
[4.415s] [ 83%] [32mBuilding C object CMakeFiles/clearpath_motor_msgs__rosidl_generator_py.dir/rosidl_generator_py/clearpath_motor_msgs/msg/_puma_feedback_s.c.o[0m
[4.416s] [ 85%] [32mBuilding C object CMakeFiles/clearpath_motor_msgs__rosidl_generator_py.dir/rosidl_generator_py/clearpath_motor_msgs/msg/_puma_multi_feedback_s.c.o[0m
[4.424s] [ 87%] [32mBuilding C object CMakeFiles/clearpath_motor_msgs__rosidl_generator_py.dir/rosidl_generator_py/clearpath_motor_msgs/msg/_puma_status_s.c.o[0m
[4.563s] [ 89%] [32m[1mLinking C shared library rosidl_generator_py/clearpath_motor_msgs/libclearpath_motor_msgs__rosidl_generator_py.so[0m
[4.623s] [ 89%] Built target clearpath_motor_msgs__rosidl_generator_py
[4.650s] [ 90%] [32mBuilding C object CMakeFiles/clearpath_motor_msgs__rosidl_typesupport_introspection_c__pyext.dir/rosidl_generator_py/clearpath_motor_msgs/_clearpath_motor_msgs_s.ep.rosidl_typesupport_introspection_c.c.o[0m
[4.650s] [ 92%] [32mBuilding C object CMakeFiles/clearpath_motor_msgs__rosidl_typesupport_fastrtps_c__pyext.dir/rosidl_generator_py/clearpath_motor_msgs/_clearpath_motor_msgs_s.ep.rosidl_typesupport_fastrtps_c.c.o[0m
[4.658s] [ 94%] [32mBuilding C object CMakeFiles/clearpath_motor_msgs__rosidl_typesupport_c__pyext.dir/rosidl_generator_py/clearpath_motor_msgs/_clearpath_motor_msgs_s.ep.rosidl_typesupport_c.c.o[0m
[4.791s] [ 96%] [32m[1mLinking C shared library rosidl_generator_py/clearpath_motor_msgs/clearpath_motor_msgs_s__rosidl_typesupport_c.cpython-310-x86_64-linux-gnu.so[0m
[4.793s] [ 98%] [32m[1mLinking C shared library rosidl_generator_py/clearpath_motor_msgs/clearpath_motor_msgs_s__rosidl_typesupport_fastrtps_c.cpython-310-x86_64-linux-gnu.so[0m
[4.797s] [100%] [32m[1mLinking C shared library rosidl_generator_py/clearpath_motor_msgs/clearpath_motor_msgs_s__rosidl_typesupport_introspection_c.cpython-310-x86_64-linux-gnu.so[0m
[4.839s] [100%] Built target clearpath_motor_msgs__rosidl_typesupport_c__pyext
[4.847s] [100%] Built target clearpath_motor_msgs__rosidl_typesupport_fastrtps_c__pyext
[4.874s] [100%] Built target clearpath_motor_msgs__rosidl_typesupport_introspection_c__pyext
[4.910s] Invoked command in '/home/jo/clearpath_ws/build/clearpath_motor_msgs' returned '0': CMAKE_PREFIX_PATH=${CMAKE_PREFIX_PATH}:/opt/ros/humble /usr/bin/cmake --build /home/jo/clearpath_ws/build/clearpath_motor_msgs -- -j20 -l20
[4.910s] Invoking command in '/home/jo/clearpath_ws/build/clearpath_motor_msgs': CMAKE_PREFIX_PATH=${CMAKE_PREFIX_PATH}:/opt/ros/humble /usr/bin/cmake --install /home/jo/clearpath_ws/build/clearpath_motor_msgs
[4.923s] -- Install configuration: ""
[4.924s] -- Installing: /home/jo/clearpath_ws/install/clearpath_motor_msgs/share/ament_index/resource_index/rosidl_interfaces/clearpath_motor_msgs
[4.924s] -- Installing: /home/jo/clearpath_ws/install/clearpath_motor_msgs/include/clearpath_motor_msgs/clearpath_motor_msgs
[4.924s] -- Installing: /home/jo/clearpath_ws/install/clearpath_motor_msgs/include/clearpath_motor_msgs/clearpath_motor_msgs/msg
[4.924s] -- Installing: /home/jo/clearpath_ws/install/clearpath_motor_msgs/include/clearpath_motor_msgs/clearpath_motor_msgs/msg/puma_feedback.h
[4.924s] -- Installing: /home/jo/clearpath_ws/install/clearpath_motor_msgs/include/clearpath_motor_msgs/clearpath_motor_msgs/msg/puma_status.h
[4.924s] -- Installing: /home/jo/clearpath_ws/install/clearpath_motor_msgs/include/clearpath_motor_msgs/clearpath_motor_msgs/msg/puma_multi_status.h
[4.924s] -- Installing: /home/jo/clearpath_ws/install/clearpath_motor_msgs/include/clearpath_motor_msgs/clearpath_motor_msgs/msg/rosidl_generator_c__visibility_control.h
[4.924s] -- Installing: /home/jo/clearpath_ws/install/clearpath_motor_msgs/include/clearpath_motor_msgs/clearpath_motor_msgs/msg/detail
[4.924s] -- Installing: /home/jo/clearpath_ws/install/clearpath_motor_msgs/include/clearpath_motor_msgs/clearpath_motor_msgs/msg/detail/puma_multi_status__struct.h
[4.924s] -- Installing: /home/jo/clearpath_ws/install/clearpath_motor_msgs/include/clearpath_motor_msgs/clearpath_motor_msgs/msg/detail/puma_multi_feedback__functions.h
[4.924s] -- Installing: /home/jo/clearpath_ws/install/clearpath_motor_msgs/include/clearpath_motor_msgs/clearpath_motor_msgs/msg/detail/puma_feedback__functions.h
[4.924s] -- Installing: /home/jo/clearpath_ws/install/clearpath_motor_msgs/include/clearpath_motor_msgs/clearpath_motor_msgs/msg/detail/puma_feedback__functions.c
[4.924s] -- Installing: /home/jo/clearpath_ws/install/clearpath_motor_msgs/include/clearpath_motor_msgs/clearpath_motor_msgs/msg/detail/puma_multi_feedback__type_support.h
[4.925s] -- Installing: /home/jo/clearpath_ws/install/clearpath_motor_msgs/include/clearpath_motor_msgs/clearpath_motor_msgs/msg/detail/puma_multi_status__functions.c
[4.925s] -- Installing: /home/jo/clearpath_ws/install/clearpath_motor_msgs/include/clearpath_motor_msgs/clearpath_motor_msgs/msg/detail/puma_status__type_support.h
[4.925s] -- Installing: /home/jo/clearpath_ws/install/clearpath_motor_msgs/include/clearpath_motor_msgs/clearpath_motor_msgs/msg/detail/puma_feedback__struct.h
[4.925s] -- Installing: /home/jo/clearpath_ws/install/clearpath_motor_msgs/include/clearpath_motor_msgs/clearpath_motor_msgs/msg/detail/puma_multi_feedback__functions.c
[4.925s] -- Installing: /home/jo/clearpath_ws/install/clearpath_motor_msgs/include/clearpath_motor_msgs/clearpath_motor_msgs/msg/detail/puma_status__functions.c
[4.925s] -- Installing: /home/jo/clearpath_ws/install/clearpath_motor_msgs/include/clearpath_motor_msgs/clearpath_motor_msgs/msg/detail/puma_status__functions.h
[4.925s] -- Installing: /home/jo/clearpath_ws/install/clearpath_motor_msgs/include/clearpath_motor_msgs/clearpath_motor_msgs/msg/detail/puma_status__struct.h
[4.925s] -- Installing: /home/jo/clearpath_ws/install/clearpath_motor_msgs/include/clearpath_motor_msgs/clearpath_motor_msgs/msg/detail/puma_multi_status__functions.h
[4.925s] -- Installing: /home/jo/clearpath_ws/install/clearpath_motor_msgs/include/clearpath_motor_msgs/clearpath_motor_msgs/msg/detail/puma_feedback__type_support.h
[4.925s] -- Installing: /home/jo/clearpath_ws/install/clearpath_motor_msgs/include/clearpath_motor_msgs/clearpath_motor_msgs/msg/detail/puma_multi_status__type_support.h
[4.925s] -- Installing: /home/jo/clearpath_ws/install/clearpath_motor_msgs/include/clearpath_motor_msgs/clearpath_motor_msgs/msg/detail/puma_multi_feedback__struct.h
[4.925s] -- Installing: /home/jo/clearpath_ws/install/clearpath_motor_msgs/include/clearpath_motor_msgs/clearpath_motor_msgs/msg/puma_multi_feedback.h
[4.926s] -- Installing: /home/jo/clearpath_ws/install/clearpath_motor_msgs/share/clearpath_motor_msgs/environment/library_path.sh
[4.926s] -- Installing: /home/jo/clearpath_ws/install/clearpath_motor_msgs/share/clearpath_motor_msgs/environment/library_path.dsv
[4.926s] -- Installing: /home/jo/clearpath_ws/install/clearpath_motor_msgs/lib/libclearpath_motor_msgs__rosidl_generator_c.so
[4.926s] -- Set runtime path of "/home/jo/clearpath_ws/install/clearpath_motor_msgs/lib/libclearpath_motor_msgs__rosidl_generator_c.so" to ""
[4.926s] -- Up-to-date: /home/jo/clearpath_ws/install/clearpath_motor_msgs/include/clearpath_motor_msgs/clearpath_motor_msgs
[4.926s] -- Up-to-date: /home/jo/clearpath_ws/install/clearpath_motor_msgs/include/clearpath_motor_msgs/clearpath_motor_msgs/msg
[4.926s] -- Installing: /home/jo/clearpath_ws/install/clearpath_motor_msgs/include/clearpath_motor_msgs/clearpath_motor_msgs/msg/rosidl_typesupport_fastrtps_c__visibility_control.h
[4.926s] -- Up-to-date: /home/jo/clearpath_ws/install/clearpath_motor_msgs/include/clearpath_motor_msgs/clearpath_motor_msgs/msg/detail
[4.926s] -- Installing: /home/jo/clearpath_ws/install/clearpath_motor_msgs/include/clearpath_motor_msgs/clearpath_motor_msgs/msg/detail/puma_status__rosidl_typesupport_fastrtps_c.h
[4.926s] -- Installing: /home/jo/clearpath_ws/install/clearpath_motor_msgs/include/clearpath_motor_msgs/clearpath_motor_msgs/msg/detail/puma_multi_status__rosidl_typesupport_fastrtps_c.h
[4.926s] -- Installing: /home/jo/clearpath_ws/install/clearpath_motor_msgs/include/clearpath_motor_msgs/clearpath_motor_msgs/msg/detail/puma_multi_feedback__rosidl_typesupport_fastrtps_c.h
[4.926s] -- Installing: /home/jo/clearpath_ws/install/clearpath_motor_msgs/include/clearpath_motor_msgs/clearpath_motor_msgs/msg/detail/puma_feedback__rosidl_typesupport_fastrtps_c.h
[4.927s] -- Installing: /home/jo/clearpath_ws/install/clearpath_motor_msgs/lib/libclearpath_motor_msgs__rosidl_typesupport_fastrtps_c.so
[4.928s] -- Set runtime path of "/home/jo/clearpath_ws/install/clearpath_motor_msgs/lib/libclearpath_motor_msgs__rosidl_typesupport_fastrtps_c.so" to ""
[4.928s] -- Up-to-date: /home/jo/clearpath_ws/install/clearpath_motor_msgs/include/clearpath_motor_msgs/clearpath_motor_msgs
[4.928s] -- Up-to-date: /home/jo/clearpath_ws/install/clearpath_motor_msgs/include/clearpath_motor_msgs/clearpath_motor_msgs/msg
[4.928s] -- Installing: /home/jo/clearpath_ws/install/clearpath_motor_msgs/include/clearpath_motor_msgs/clearpath_motor_msgs/msg/rosidl_generator_cpp__visibility_control.hpp
[4.928s] -- Installing: /home/jo/clearpath_ws/install/clearpath_motor_msgs/include/clearpath_motor_msgs/clearpath_motor_msgs/msg/puma_feedback.hpp
[4.928s] -- Installing: /home/jo/clearpath_ws/install/clearpath_motor_msgs/include/clearpath_motor_msgs/clearpath_motor_msgs/msg/puma_multi_feedback.hpp
[4.928s] -- Installing: /home/jo/clearpath_ws/install/clearpath_motor_msgs/include/clearpath_motor_msgs/clearpath_motor_msgs/msg/puma_multi_status.hpp
[4.928s] -- Installing: /home/jo/clearpath_ws/install/clearpath_motor_msgs/include/clearpath_motor_msgs/clearpath_motor_msgs/msg/puma_status.hpp
[4.929s] -- Up-to-date: /home/jo/clearpath_ws/install/clearpath_motor_msgs/include/clearpath_motor_msgs/clearpath_motor_msgs/msg/detail
[4.929s] -- Installing: /home/jo/clearpath_ws/install/clearpath_motor_msgs/include/clearpath_motor_msgs/clearpath_motor_msgs/msg/detail/puma_status__type_support.hpp
[4.929s] -- Installing: /home/jo/clearpath_ws/install/clearpath_motor_msgs/include/clearpath_motor_msgs/clearpath_motor_msgs/msg/detail/puma_feedback__type_support.hpp
[4.929s] -- Installing: /home/jo/clearpath_ws/install/clearpath_motor_msgs/include/clearpath_motor_msgs/clearpath_motor_msgs/msg/detail/puma_multi_feedback__traits.hpp
[4.929s] -- Installing: /home/jo/clearpath_ws/install/clearpath_motor_msgs/include/clearpath_motor_msgs/clearpath_motor_msgs/msg/detail/puma_multi_status__struct.hpp
[4.929s] -- Installing: /home/jo/clearpath_ws/install/clearpath_motor_msgs/include/clearpath_motor_msgs/clearpath_motor_msgs/msg/detail/puma_multi_status__type_support.hpp
[4.929s] -- Installing: /home/jo/clearpath_ws/install/clearpath_motor_msgs/include/clearpath_motor_msgs/clearpath_motor_msgs/msg/detail/puma_multi_feedback__builder.hpp
[4.929s] -- Installing: /home/jo/clearpath_ws/install/clearpath_motor_msgs/include/clearpath_motor_msgs/clearpath_motor_msgs/msg/detail/puma_status__struct.hpp
[4.929s] -- Installing: /home/jo/clearpath_ws/install/clearpath_motor_msgs/include/clearpath_motor_msgs/clearpath_motor_msgs/msg/detail/puma_feedback__builder.hpp
[4.929s] -- Installing: /home/jo/clearpath_ws/install/clearpath_motor_msgs/include/clearpath_motor_msgs/clearpath_motor_msgs/msg/detail/puma_multi_status__traits.hpp
[4.929s] -- Installing: /home/jo/clearpath_ws/install/clearpath_motor_msgs/include/clearpath_motor_msgs/clearpath_motor_msgs/msg/detail/puma_feedback__traits.hpp
[4.930s] -- Installing: /home/jo/clearpath_ws/install/clearpath_motor_msgs/include/clearpath_motor_msgs/clearpath_motor_msgs/msg/detail/puma_status__builder.hpp
[4.930s] -- Installing: /home/jo/clearpath_ws/install/clearpath_motor_msgs/include/clearpath_motor_msgs/clearpath_motor_msgs/msg/detail/puma_status__traits.hpp
[4.930s] -- Installing: /home/jo/clearpath_ws/install/clearpath_motor_msgs/include/clearpath_motor_msgs/clearpath_motor_msgs/msg/detail/puma_multi_feedback__type_support.hpp
[4.930s] -- Installing: /home/jo/clearpath_ws/install/clearpath_motor_msgs/include/clearpath_motor_msgs/clearpath_motor_msgs/msg/detail/puma_feedback__struct.hpp
[4.930s] -- Installing: /home/jo/clearpath_ws/install/clearpath_motor_msgs/include/clearpath_motor_msgs/clearpath_motor_msgs/msg/detail/puma_multi_feedback__struct.hpp
[4.930s] -- Installing: /home/jo/clearpath_ws/install/clearpath_motor_msgs/include/clearpath_motor_msgs/clearpath_motor_msgs/msg/detail/puma_multi_status__builder.hpp
[4.930s] -- Up-to-date: /home/jo/clearpath_ws/install/clearpath_motor_msgs/include/clearpath_motor_msgs/clearpath_motor_msgs
[4.930s] -- Up-to-date: /home/jo/clearpath_ws/install/clearpath_motor_msgs/include/clearpath_motor_msgs/clearpath_motor_msgs/msg
[4.930s] -- Installing: /home/jo/clearpath_ws/install/clearpath_motor_msgs/include/clearpath_motor_msgs/clearpath_motor_msgs/msg/rosidl_typesupport_fastrtps_cpp__visibility_control.h
[4.930s] -- Up-to-date: /home/jo/clearpath_ws/install/clearpath_motor_msgs/include/clearpath_motor_msgs/clearpath_motor_msgs/msg/detail
[4.931s] -- Installing: /home/jo/clearpath_ws/install/clearpath_motor_msgs/include/clearpath_motor_msgs/clearpath_motor_msgs/msg/detail/puma_multi_feedback__rosidl_typesupport_fastrtps_cpp.hpp
[4.931s] -- Installing: /home/jo/clearpath_ws/install/clearpath_motor_msgs/include/clearpath_motor_msgs/clearpath_motor_msgs/msg/detail/puma_status__rosidl_typesupport_fastrtps_cpp.hpp
[4.931s] -- Installing: /home/jo/clearpath_ws/install/clearpath_motor_msgs/include/clearpath_motor_msgs/clearpath_motor_msgs/msg/detail/puma_multi_status__rosidl_typesupport_fastrtps_cpp.hpp
[4.931s] -- Installing: /home/jo/clearpath_ws/install/clearpath_motor_msgs/include/clearpath_motor_msgs/clearpath_motor_msgs/msg/detail/dds_fastrtps
[4.931s] -- Installing: /home/jo/clearpath_ws/install/clearpath_motor_msgs/include/clearpath_motor_msgs/clearpath_motor_msgs/msg/detail/puma_feedback__rosidl_typesupport_fastrtps_cpp.hpp
[4.931s] -- Installing: /home/jo/clearpath_ws/install/clearpath_motor_msgs/lib/libclearpath_motor_msgs__rosidl_typesupport_fastrtps_cpp.so
[4.935s] -- Set runtime path of "/home/jo/clearpath_ws/install/clearpath_motor_msgs/lib/libclearpath_motor_msgs__rosidl_typesupport_fastrtps_cpp.so" to ""
[4.935s] -- Up-to-date: /home/jo/clearpath_ws/install/clearpath_motor_msgs/include/clearpath_motor_msgs/clearpath_motor_msgs
[4.935s] -- Up-to-date: /home/jo/clearpath_ws/install/clearpath_motor_msgs/include/clearpath_motor_msgs/clearpath_motor_msgs/msg
[4.935s] -- Installing: /home/jo/clearpath_ws/install/clearpath_motor_msgs/include/clearpath_motor_msgs/clearpath_motor_msgs/msg/rosidl_typesupport_introspection_c__visibility_control.h
[4.935s] -- Up-to-date: /home/jo/clearpath_ws/install/clearpath_motor_msgs/include/clearpath_motor_msgs/clearpath_motor_msgs/msg/detail
[4.935s] -- Installing: /home/jo/clearpath_ws/install/clearpath_motor_msgs/include/clearpath_motor_msgs/clearpath_motor_msgs/msg/detail/puma_feedback__type_support.c
[4.935s] -- Installing: /home/jo/clearpath_ws/install/clearpath_motor_msgs/include/clearpath_motor_msgs/clearpath_motor_msgs/msg/detail/puma_multi_status__rosidl_typesupport_introspection_c.h
[4.935s] -- Installing: /home/jo/clearpath_ws/install/clearpath_motor_msgs/include/clearpath_motor_msgs/clearpath_motor_msgs/msg/detail/puma_feedback__rosidl_typesupport_introspection_c.h
[4.935s] -- Installing: /home/jo/clearpath_ws/install/clearpath_motor_msgs/include/clearpath_motor_msgs/clearpath_motor_msgs/msg/detail/puma_status__rosidl_typesupport_introspection_c.h
[4.935s] -- Installing: /home/jo/clearpath_ws/install/clearpath_motor_msgs/include/clearpath_motor_msgs/clearpath_motor_msgs/msg/detail/puma_multi_status__type_support.c
[4.936s] -- Installing: /home/jo/clearpath_ws/install/clearpath_motor_msgs/include/clearpath_motor_msgs/clearpath_motor_msgs/msg/detail/puma_multi_feedback__type_support.c
[4.936s] -- Installing: /home/jo/clearpath_ws/install/clearpath_motor_msgs/include/clearpath_motor_msgs/clearpath_motor_msgs/msg/detail/puma_status__type_support.c
[4.936s] -- Installing: /home/jo/clearpath_ws/install/clearpath_motor_msgs/include/clearpath_motor_msgs/clearpath_motor_msgs/msg/detail/puma_multi_feedback__rosidl_typesupport_introspection_c.h
[4.936s] -- Installing: /home/jo/clearpath_ws/install/clearpath_motor_msgs/lib/libclearpath_motor_msgs__rosidl_typesupport_introspection_c.so
[4.938s] -- Set runtime path of "/home/jo/clearpath_ws/install/clearpath_motor_msgs/lib/libclearpath_motor_msgs__rosidl_typesupport_introspection_c.so" to ""
[4.939s] -- Installing: /home/jo/clearpath_ws/install/clearpath_motor_msgs/lib/libclearpath_motor_msgs__rosidl_typesupport_c.so
[4.940s] -- Set runtime path of "/home/jo/clearpath_ws/install/clearpath_motor_msgs/lib/libclearpath_motor_msgs__rosidl_typesupport_c.so" to ""
[4.941s] -- Up-to-date: /home/jo/clearpath_ws/install/clearpath_motor_msgs/include/clearpath_motor_msgs/clearpath_motor_msgs
[4.941s] -- Up-to-date: /home/jo/clearpath_ws/install/clearpath_motor_msgs/include/clearpath_motor_msgs/clearpath_motor_msgs/msg
[4.941s] -- Up-to-date: /home/jo/clearpath_ws/install/clearpath_motor_msgs/include/clearpath_motor_msgs/clearpath_motor_msgs/msg/detail
[4.941s] -- Installing: /home/jo/clearpath_ws/install/clearpath_motor_msgs/include/clearpath_motor_msgs/clearpath_motor_msgs/msg/detail/puma_multi_feedback__rosidl_typesupport_introspection_cpp.hpp
[4.941s] -- Installing: /home/jo/clearpath_ws/install/clearpath_motor_msgs/include/clearpath_motor_msgs/clearpath_motor_msgs/msg/detail/puma_multi_status__type_support.cpp
[4.941s] -- Installing: /home/jo/clearpath_ws/install/clearpath_motor_msgs/include/clearpath_motor_msgs/clearpath_motor_msgs/msg/detail/puma_multi_status__rosidl_typesupport_introspection_cpp.hpp
[4.941s] -- Installing: /home/jo/clearpath_ws/install/clearpath_motor_msgs/include/clearpath_motor_msgs/clearpath_motor_msgs/msg/detail/puma_multi_feedback__type_support.cpp
[4.941s] -- Installing: /home/jo/clearpath_ws/install/clearpath_motor_msgs/include/clearpath_motor_msgs/clearpath_motor_msgs/msg/detail/puma_status__rosidl_typesupport_introspection_cpp.hpp
[4.941s] -- Installing: /home/jo/clearpath_ws/install/clearpath_motor_msgs/include/clearpath_motor_msgs/clearpath_motor_msgs/msg/detail/puma_status__type_support.cpp
[4.941s] -- Installing: /home/jo/clearpath_ws/install/clearpath_motor_msgs/include/clearpath_motor_msgs/clearpath_motor_msgs/msg/detail/puma_feedback__rosidl_typesupport_introspection_cpp.hpp
[4.942s] -- Installing: /home/jo/clearpath_ws/install/clearpath_motor_msgs/include/clearpath_motor_msgs/clearpath_motor_msgs/msg/detail/puma_feedback__type_support.cpp
[4.942s] -- Installing: /home/jo/clearpath_ws/install/clearpath_motor_msgs/lib/libclearpath_motor_msgs__rosidl_typesupport_introspection_cpp.so
[4.946s] -- Set runtime path of "/home/jo/clearpath_ws/install/clearpath_motor_msgs/lib/libclearpath_motor_msgs__rosidl_typesupport_introspection_cpp.so" to ""
[4.946s] -- Installing: /home/jo/clearpath_ws/install/clearpath_motor_msgs/lib/libclearpath_motor_msgs__rosidl_typesupport_cpp.so
[4.947s] -- Set runtime path of "/home/jo/clearpath_ws/install/clearpath_motor_msgs/lib/libclearpath_motor_msgs__rosidl_typesupport_cpp.so" to ""
[4.948s] -- Installing: /home/jo/clearpath_ws/install/clearpath_motor_msgs/share/clearpath_motor_msgs/environment/pythonpath.sh
[4.948s] -- Installing: /home/jo/clearpath_ws/install/clearpath_motor_msgs/share/clearpath_motor_msgs/environment/pythonpath.dsv
[4.948s] -- Installing: /home/jo/clearpath_ws/install/clearpath_motor_msgs/local/lib/python3.10/dist-packages/clearpath_motor_msgs-1.0.1-py3.10.egg-info
[4.949s] -- Installing: /home/jo/clearpath_ws/install/clearpath_motor_msgs/local/lib/python3.10/dist-packages/clearpath_motor_msgs-1.0.1-py3.10.egg-info/top_level.txt
[4.950s] -- Installing: /home/jo/clearpath_ws/install/clearpath_motor_msgs/local/lib/python3.10/dist-packages/clearpath_motor_msgs-1.0.1-py3.10.egg-info/dependency_links.txt
[4.951s] -- Installing: /home/jo/clearpath_ws/install/clearpath_motor_msgs/local/lib/python3.10/dist-packages/clearpath_motor_msgs-1.0.1-py3.10.egg-info/PKG-INFO
[4.952s] -- Installing: /home/jo/clearpath_ws/install/clearpath_motor_msgs/local/lib/python3.10/dist-packages/clearpath_motor_msgs-1.0.1-py3.10.egg-info/SOURCES.txt
[4.953s] -- Installing: /home/jo/clearpath_ws/install/clearpath_motor_msgs/local/lib/python3.10/dist-packages/clearpath_motor_msgs
[4.953s] -- Installing: /home/jo/clearpath_ws/install/clearpath_motor_msgs/local/lib/python3.10/dist-packages/clearpath_motor_msgs/clearpath_motor_msgs_s__rosidl_typesupport_introspection_c.cpython-310-x86_64-linux-gnu.so
[4.953s] -- Installing: /home/jo/clearpath_ws/install/clearpath_motor_msgs/local/lib/python3.10/dist-packages/clearpath_motor_msgs/clearpath_motor_msgs_s__rosidl_typesupport_fastrtps_c.cpython-310-x86_64-linux-gnu.so
[4.953s] -- Installing: /home/jo/clearpath_ws/install/clearpath_motor_msgs/local/lib/python3.10/dist-packages/clearpath_motor_msgs/msg
[4.954s] -- Installing: /home/jo/clearpath_ws/install/clearpath_motor_msgs/local/lib/python3.10/dist-packages/clearpath_motor_msgs/msg/_puma_feedback.py
[4.954s] -- Installing: /home/jo/clearpath_ws/install/clearpath_motor_msgs/local/lib/python3.10/dist-packages/clearpath_motor_msgs/msg/_puma_status_s.c
[4.954s] -- Installing: /home/jo/clearpath_ws/install/clearpath_motor_msgs/local/lib/python3.10/dist-packages/clearpath_motor_msgs/msg/_puma_multi_feedback.py
[4.954s] -- Installing: /home/jo/clearpath_ws/install/clearpath_motor_msgs/local/lib/python3.10/dist-packages/clearpath_motor_msgs/msg/__init__.py
[4.954s] -- Installing: /home/jo/clearpath_ws/install/clearpath_motor_msgs/local/lib/python3.10/dist-packages/clearpath_motor_msgs/msg/_puma_multi_status_s.c
[4.954s] -- Installing: /home/jo/clearpath_ws/install/clearpath_motor_msgs/local/lib/python3.10/dist-packages/clearpath_motor_msgs/msg/_puma_feedback_s.c
[4.954s] -- Installing: /home/jo/clearpath_ws/install/clearpath_motor_msgs/local/lib/python3.10/dist-packages/clearpath_motor_msgs/msg/_puma_multi_status.py
[4.954s] -- Installing: /home/jo/clearpath_ws/install/clearpath_motor_msgs/local/lib/python3.10/dist-packages/clearpath_motor_msgs/msg/_puma_multi_feedback_s.c
[4.954s] -- Installing: /home/jo/clearpath_ws/install/clearpath_motor_msgs/local/lib/python3.10/dist-packages/clearpath_motor_msgs/msg/_puma_status.py
[4.955s] -- Installing: /home/jo/clearpath_ws/install/clearpath_motor_msgs/local/lib/python3.10/dist-packages/clearpath_motor_msgs/__init__.py
[4.955s] -- Installing: /home/jo/clearpath_ws/install/clearpath_motor_msgs/local/lib/python3.10/dist-packages/clearpath_motor_msgs/_clearpath_motor_msgs_s.ep.rosidl_typesupport_c.c
[4.955s] -- Installing: /home/jo/clearpath_ws/install/clearpath_motor_msgs/local/lib/python3.10/dist-packages/clearpath_motor_msgs/_clearpath_motor_msgs_s.ep.rosidl_typesupport_introspection_c.c
[4.955s] -- Installing: /home/jo/clearpath_ws/install/clearpath_motor_msgs/local/lib/python3.10/dist-packages/clearpath_motor_msgs/libclearpath_motor_msgs__rosidl_generator_py.so
[4.955s] -- Installing: /home/jo/clearpath_ws/install/clearpath_motor_msgs/local/lib/python3.10/dist-packages/clearpath_motor_msgs/clearpath_motor_msgs_s__rosidl_typesupport_c.cpython-310-x86_64-linux-gnu.so
[4.955s] -- Installing: /home/jo/clearpath_ws/install/clearpath_motor_msgs/local/lib/python3.10/dist-packages/clearpath_motor_msgs/_clearpath_motor_msgs_s.ep.rosidl_typesupport_fastrtps_c.c
[5.027s] Listing '/home/jo/clearpath_ws/install/clearpath_motor_msgs/local/lib/python3.10/dist-packages/clearpath_motor_msgs'...
[5.027s] Compiling '/home/jo/clearpath_ws/install/clearpath_motor_msgs/local/lib/python3.10/dist-packages/clearpath_motor_msgs/__init__.py'...
[5.027s] Listing '/home/jo/clearpath_ws/install/clearpath_motor_msgs/local/lib/python3.10/dist-packages/clearpath_motor_msgs/msg'...
[5.027s] Compiling '/home/jo/clearpath_ws/install/clearpath_motor_msgs/local/lib/python3.10/dist-packages/clearpath_motor_msgs/msg/__init__.py'...
[5.027s] Compiling '/home/jo/clearpath_ws/install/clearpath_motor_msgs/local/lib/python3.10/dist-packages/clearpath_motor_msgs/msg/_puma_feedback.py'...
[5.027s] Compiling '/home/jo/clearpath_ws/install/clearpath_motor_msgs/local/lib/python3.10/dist-packages/clearpath_motor_msgs/msg/_puma_multi_feedback.py'...
[5.027s] Compiling '/home/jo/clearpath_ws/install/clearpath_motor_msgs/local/lib/python3.10/dist-packages/clearpath_motor_msgs/msg/_puma_multi_status.py'...
[5.027s] Compiling '/home/jo/clearpath_ws/install/clearpath_motor_msgs/local/lib/python3.10/dist-packages/clearpath_motor_msgs/msg/_puma_status.py'...
[5.035s] -- Installing: /home/jo/clearpath_ws/install/clearpath_motor_msgs/local/lib/python3.10/dist-packages/clearpath_motor_msgs/clearpath_motor_msgs_s__rosidl_typesupport_fastrtps_c.cpython-310-x86_64-linux-gnu.so
[5.036s] -- Set runtime path of "/home/jo/clearpath_ws/install/clearpath_motor_msgs/local/lib/python3.10/dist-packages/clearpath_motor_msgs/clearpath_motor_msgs_s__rosidl_typesupport_fastrtps_c.cpython-310-x86_64-linux-gnu.so" to ""
[5.037s] -- Installing: /home/jo/clearpath_ws/install/clearpath_motor_msgs/local/lib/python3.10/dist-packages/clearpath_motor_msgs/clearpath_motor_msgs_s__rosidl_typesupport_introspection_c.cpython-310-x86_64-linux-gnu.so
[5.039s] -- Set runtime path of "/home/jo/clearpath_ws/install/clearpath_motor_msgs/local/lib/python3.10/dist-packages/clearpath_motor_msgs/clearpath_motor_msgs_s__rosidl_typesupport_introspection_c.cpython-310-x86_64-linux-gnu.so" to ""
[5.040s] -- Installing: /home/jo/clearpath_ws/install/clearpath_motor_msgs/local/lib/python3.10/dist-packages/clearpath_motor_msgs/clearpath_motor_msgs_s__rosidl_typesupport_c.cpython-310-x86_64-linux-gnu.so
[5.040s] -- Set runtime path of "/home/jo/clearpath_ws/install/clearpath_motor_msgs/local/lib/python3.10/dist-packages/clearpath_motor_msgs/clearpath_motor_msgs_s__rosidl_typesupport_c.cpython-310-x86_64-linux-gnu.so" to ""
[5.041s] -- Installing: /home/jo/clearpath_ws/install/clearpath_motor_msgs/lib/libclearpath_motor_msgs__rosidl_generator_py.so
[5.042s] -- Set runtime path of "/home/jo/clearpath_ws/install/clearpath_motor_msgs/lib/libclearpath_motor_msgs__rosidl_generator_py.so" to ""
[5.042s] -- Installing: /home/jo/clearpath_ws/install/clearpath_motor_msgs/share/clearpath_motor_msgs/msg/PumaFeedback.idl
[5.044s] -- Installing: /home/jo/clearpath_ws/install/clearpath_motor_msgs/share/clearpath_motor_msgs/msg/PumaStatus.idl
[5.044s] -- Installing: /home/jo/clearpath_ws/install/clearpath_motor_msgs/share/clearpath_motor_msgs/msg/PumaMultiFeedback.idl
[5.045s] -- Installing: /home/jo/clearpath_ws/install/clearpath_motor_msgs/share/clearpath_motor_msgs/msg/PumaMultiStatus.idl
[5.045s] -- Installing: /home/jo/clearpath_ws/install/clearpath_motor_msgs/share/clearpath_motor_msgs/msg/PumaFeedback.msg
[5.045s] -- Installing: /home/jo/clearpath_ws/install/clearpath_motor_msgs/share/clearpath_motor_msgs/msg/PumaStatus.msg
[5.046s] -- Installing: /home/jo/clearpath_ws/install/clearpath_motor_msgs/share/clearpath_motor_msgs/msg/PumaMultiFeedback.msg
[5.046s] -- Installing: /home/jo/clearpath_ws/install/clearpath_motor_msgs/share/clearpath_motor_msgs/msg/PumaMultiStatus.msg
[5.046s] -- Installing: /home/jo/clearpath_ws/install/clearpath_motor_msgs/share/ament_index/resource_index/package_run_dependencies/clearpath_motor_msgs
[5.047s] -- Installing: /home/jo/clearpath_ws/install/clearpath_motor_msgs/share/ament_index/resource_index/parent_prefix_path/clearpath_motor_msgs
[5.047s] -- Installing: /home/jo/clearpath_ws/install/clearpath_motor_msgs/share/clearpath_motor_msgs/environment/ament_prefix_path.sh
[5.047s] -- Installing: /home/jo/clearpath_ws/install/clearpath_motor_msgs/share/clearpath_motor_msgs/environment/ament_prefix_path.dsv
[5.048s] -- Installing: /home/jo/clearpath_ws/install/clearpath_motor_msgs/share/clearpath_motor_msgs/environment/path.sh
[5.048s] -- Installing: /home/jo/clearpath_ws/install/clearpath_motor_msgs/share/clearpath_motor_msgs/environment/path.dsv
[5.048s] -- Installing: /home/jo/clearpath_ws/install/clearpath_motor_msgs/share/clearpath_motor_msgs/local_setup.bash
[5.048s] -- Installing: /home/jo/clearpath_ws/install/clearpath_motor_msgs/share/clearpath_motor_msgs/local_setup.sh
[5.049s] -- Installing: /home/jo/clearpath_ws/install/clearpath_motor_msgs/share/clearpath_motor_msgs/local_setup.zsh
[5.049s] -- Installing: /home/jo/clearpath_ws/install/clearpath_motor_msgs/share/clearpath_motor_msgs/local_setup.dsv
[5.049s] -- Installing: /home/jo/clearpath_ws/install/clearpath_motor_msgs/share/clearpath_motor_msgs/package.dsv
[5.050s] -- Installing: /home/jo/clearpath_ws/install/clearpath_motor_msgs/share/ament_index/resource_index/packages/clearpath_motor_msgs
[5.050s] -- Installing: /home/jo/clearpath_ws/install/clearpath_motor_msgs/share/clearpath_motor_msgs/cmake/export_clearpath_motor_msgs__rosidl_generator_cExport.cmake
[5.050s] -- Installing: /home/jo/clearpath_ws/install/clearpath_motor_msgs/share/clearpath_motor_msgs/cmake/export_clearpath_motor_msgs__rosidl_generator_cExport-noconfig.cmake
[5.051s] -- Installing: /home/jo/clearpath_ws/install/clearpath_motor_msgs/share/clearpath_motor_msgs/cmake/export_clearpath_motor_msgs__rosidl_typesupport_fastrtps_cExport.cmake
[5.051s] -- Installing: /home/jo/clearpath_ws/install/clearpath_motor_msgs/share/clearpath_motor_msgs/cmake/export_clearpath_motor_msgs__rosidl_typesupport_fastrtps_cExport-noconfig.cmake
[5.051s] -- Installing: /home/jo/clearpath_ws/install/clearpath_motor_msgs/share/clearpath_motor_msgs/cmake/export_clearpath_motor_msgs__rosidl_generator_cppExport.cmake
[5.052s] -- Installing: /home/jo/clearpath_ws/install/clearpath_motor_msgs/share/clearpath_motor_msgs/cmake/export_clearpath_motor_msgs__rosidl_typesupport_fastrtps_cppExport.cmake
[5.052s] -- Installing: /home/jo/clearpath_ws/install/clearpath_motor_msgs/share/clearpath_motor_msgs/cmake/export_clearpath_motor_msgs__rosidl_typesupport_fastrtps_cppExport-noconfig.cmake
[5.052s] -- Installing: /home/jo/clearpath_ws/install/clearpath_motor_msgs/share/clearpath_motor_msgs/cmake/clearpath_motor_msgs__rosidl_typesupport_introspection_cExport.cmake
[5.053s] -- Installing: /home/jo/clearpath_ws/install/clearpath_motor_msgs/share/clearpath_motor_msgs/cmake/clearpath_motor_msgs__rosidl_typesupport_introspection_cExport-noconfig.cmake
[5.053s] -- Installing: /home/jo/clearpath_ws/install/clearpath_motor_msgs/share/clearpath_motor_msgs/cmake/clearpath_motor_msgs__rosidl_typesupport_cExport.cmake
[5.053s] -- Installing: /home/jo/clearpath_ws/install/clearpath_motor_msgs/share/clearpath_motor_msgs/cmake/clearpath_motor_msgs__rosidl_typesupport_cExport-noconfig.cmake
[5.054s] -- Installing: /home/jo/clearpath_ws/install/clearpath_motor_msgs/share/clearpath_motor_msgs/cmake/clearpath_motor_msgs__rosidl_typesupport_introspection_cppExport.cmake
[5.054s] -- Installing: /home/jo/clearpath_ws/install/clearpath_motor_msgs/share/clearpath_motor_msgs/cmake/clearpath_motor_msgs__rosidl_typesupport_introspection_cppExport-noconfig.cmake
[5.054s] -- Installing: /home/jo/clearpath_ws/install/clearpath_motor_msgs/share/clearpath_motor_msgs/cmake/clearpath_motor_msgs__rosidl_typesupport_cppExport.cmake
[5.055s] -- Installing: /home/jo/clearpath_ws/install/clearpath_motor_msgs/share/clearpath_motor_msgs/cmake/clearpath_motor_msgs__rosidl_typesupport_cppExport-noconfig.cmake
[5.055s] -- Installing: /home/jo/clearpath_ws/install/clearpath_motor_msgs/share/clearpath_motor_msgs/cmake/export_clearpath_motor_msgs__rosidl_generator_pyExport.cmake
[5.055s] -- Installing: /home/jo/clearpath_ws/install/clearpath_motor_msgs/share/clearpath_motor_msgs/cmake/export_clearpath_motor_msgs__rosidl_generator_pyExport-noconfig.cmake
[5.055s] -- Installing: /home/jo/clearpath_ws/install/clearpath_motor_msgs/share/clearpath_motor_msgs/cmake/rosidl_cmake-extras.cmake
[5.056s] -- Installing: /home/jo/clearpath_ws/install/clearpath_motor_msgs/share/clearpath_motor_msgs/cmake/ament_cmake_export_dependencies-extras.cmake
[5.056s] -- Installing: /home/jo/clearpath_ws/install/clearpath_motor_msgs/share/clearpath_motor_msgs/cmake/ament_cmake_export_include_directories-extras.cmake
[5.056s] -- Installing: /home/jo/clearpath_ws/install/clearpath_motor_msgs/share/clearpath_motor_msgs/cmake/ament_cmake_export_libraries-extras.cmake
[5.057s] -- Installing: /home/jo/clearpath_ws/install/clearpath_motor_msgs/share/clearpath_motor_msgs/cmake/ament_cmake_export_targets-extras.cmake
[5.057s] -- Installing: /home/jo/clearpath_ws/install/clearpath_motor_msgs/share/clearpath_motor_msgs/cmake/rosidl_cmake_export_typesupport_targets-extras.cmake
[5.057s] -- Installing: /home/jo/clearpath_ws/install/clearpath_motor_msgs/share/clearpath_motor_msgs/cmake/rosidl_cmake_export_typesupport_libraries-extras.cmake
[5.058s] -- Installing: /home/jo/clearpath_ws/install/clearpath_motor_msgs/share/clearpath_motor_msgs/cmake/clearpath_motor_msgsConfig.cmake
[5.058s] -- Installing: /home/jo/clearpath_ws/install/clearpath_motor_msgs/share/clearpath_motor_msgs/cmake/clearpath_motor_msgsConfig-version.cmake
[5.058s] -- Installing: /home/jo/clearpath_ws/install/clearpath_motor_msgs/share/clearpath_motor_msgs/package.xml
[5.077s] Invoked command in '/home/jo/clearpath_ws/build/clearpath_motor_msgs' returned '0': CMAKE_PREFIX_PATH=${CMAKE_PREFIX_PATH}:/opt/ros/humble /usr/bin/cmake --install /home/jo/clearpath_ws/build/clearpath_motor_msgs
