[0.039s] Invoking command in '/home/jo/clearpath_ws/build/clearpath_sensors_description': CMAKE_PREFIX_PATH=${CMAKE_PREFIX_PATH}:/opt/ros/humble /usr/bin/cmake /home/jo/clearpath_ws/src/clearpath_common/clearpath_sensors_description -DCMAKE_INSTALL_PREFIX=/home/jo/clearpath_ws/install/clearpath_sensors_description
[0.227s] -- The C compiler identification is GNU 11.4.0
[0.227s] -- The CXX compiler identification is GNU 11.4.0
[0.227s] -- Detecting C compiler ABI info
[0.227s] -- Detecting C compiler ABI info - done
[0.227s] -- Check for working C compiler: /usr/bin/cc - skipped
[0.227s] -- Detecting C compile features
[0.227s] -- Detecting C compile features - done
[0.227s] -- Detecting CXX compiler ABI info
[0.233s] -- Detecting CXX compiler ABI info - done
[0.240s] -- Check for working CXX compiler: /usr/bin/c++ - skipped
[0.240s] -- Detecting CXX compile features
[0.240s] -- Detecting CXX compile features - done
[0.248s] -- Found ament_cmake: 1.3.12 (/opt/ros/humble/share/ament_cmake/cmake)
[0.593s] -- Found Python3: /usr/bin/python3 (found version "3.10.12") found components: Interpreter 
[0.811s] -- Configuring done
[0.813s] -- Generating done
[0.814s] -- Build files have been written to: /home/jo/clearpath_ws/build/clearpath_sensors_description
[0.818s] Invoked command in '/home/jo/clearpath_ws/build/clearpath_sensors_description' returned '0': CMAKE_PREFIX_PATH=${CMAKE_PREFIX_PATH}:/opt/ros/humble /usr/bin/cmake /home/jo/clearpath_ws/src/clearpath_common/clearpath_sensors_description -DCMAKE_INSTALL_PREFIX=/home/jo/clearpath_ws/install/clearpath_sensors_description
[0.820s] Invoking command in '/home/jo/clearpath_ws/build/clearpath_sensors_description': CMAKE_PREFIX_PATH=${CMAKE_PREFIX_PATH}:/opt/ros/humble /usr/bin/cmake --build /home/jo/clearpath_ws/build/clearpath_sensors_description -- -j20 -l20
[0.853s] Invoked command in '/home/jo/clearpath_ws/build/clearpath_sensors_description' returned '0': CMAKE_PREFIX_PATH=${CMAKE_PREFIX_PATH}:/opt/ros/humble /usr/bin/cmake --build /home/jo/clearpath_ws/build/clearpath_sensors_description -- -j20 -l20
[0.860s] Invoking command in '/home/jo/clearpath_ws/build/clearpath_sensors_description': CMAKE_PREFIX_PATH=${CMAKE_PREFIX_PATH}:/opt/ros/humble /usr/bin/cmake --install /home/jo/clearpath_ws/build/clearpath_sensors_description
[0.866s] -- Install configuration: ""
[0.866s] -- Installing: /home/jo/clearpath_ws/install/clearpath_sensors_description/share/clearpath_sensors_description/meshes
[0.866s] -- Installing: /home/jo/clearpath_ws/install/clearpath_sensors_description/share/clearpath_sensors_description/meshes/novatel_smart6.stl
[0.866s] -- Installing: /home/jo/clearpath_ws/install/clearpath_sensors_description/share/clearpath_sensors_description/meshes/hokuyo_utm30.stl
[0.866s] -- Installing: /home/jo/clearpath_ws/install/clearpath_sensors_description/share/clearpath_sensors_description/meshes/oakd_lite.dae
[0.870s] -- Installing: /home/jo/clearpath_ws/install/clearpath_sensors_description/share/clearpath_sensors_description/meshes/swift_antenna.stl
[0.870s] -- Installing: /home/jo/clearpath_ws/install/clearpath_sensors_description/share/clearpath_sensors_description/meshes/ouster
[0.870s] -- Installing: /home/jo/clearpath_ws/install/clearpath_sensors_description/share/clearpath_sensors_description/meshes/ouster/os1_fins.dae
[0.871s] -- Installing: /home/jo/clearpath_ws/install/clearpath_sensors_description/share/clearpath_sensors_description/meshes/ouster/os1_lidar.dae
[0.873s] -- Installing: /home/jo/clearpath_ws/install/clearpath_sensors_description/share/clearpath_sensors_description/meshes/ouster/os1_halo.dae
[0.875s] -- Installing: /home/jo/clearpath_ws/install/clearpath_sensors_description/share/clearpath_sensors_description/meshes/ouster/os1_base.dae
[0.877s] -- Installing: /home/jo/clearpath_ws/install/clearpath_sensors_description/share/clearpath_sensors_description/meshes/novatel_smart7.stl
[0.877s] -- Installing: /home/jo/clearpath_ws/install/clearpath_sensors_description/share/clearpath_sensors_description/meshes/sick_lms1xx_small.dae
[0.878s] -- Installing: /home/jo/clearpath_ws/install/clearpath_sensors_description/share/clearpath_sensors_description/meshes/oakd_pro.dae
[0.885s] -- Installing: /home/jo/clearpath_ws/install/clearpath_sensors_description/share/clearpath_sensors_description/meshes/flir_blackfly.stl
[0.885s] -- Installing: /home/jo/clearpath_ws/install/clearpath_sensors_description/share/clearpath_sensors_description/meshes/hokuyo_ust.stl
[0.885s] -- Installing: /home/jo/clearpath_ws/install/clearpath_sensors_description/share/clearpath_sensors_description/meshes/sick_lms1xx_collision.stl
[0.885s] -- Installing: /home/jo/clearpath_ws/install/clearpath_sensors_description/share/clearpath_sensors_description/meshes/axis_q62_base.stl
[0.885s] -- Installing: /home/jo/clearpath_ws/install/clearpath_sensors_description/share/clearpath_sensors_description/meshes/axis_q62_top.stl
[0.886s] -- Installing: /home/jo/clearpath_ws/install/clearpath_sensors_description/share/clearpath_sensors_description/meshes/axis_dome.stl
[0.886s] -- Installing: /home/jo/clearpath_ws/install/clearpath_sensors_description/share/clearpath_sensors_description/urdf
[0.886s] -- Installing: /home/jo/clearpath_ws/install/clearpath_sensors_description/share/clearpath_sensors_description/urdf/novatel_smart7.urdf.xacro
[0.887s] -- Installing: /home/jo/clearpath_ws/install/clearpath_sensors_description/share/clearpath_sensors_description/urdf/flir_blackfly.urdf.xacro
[0.887s] -- Installing: /home/jo/clearpath_ws/install/clearpath_sensors_description/share/clearpath_sensors_description/urdf/chrobotics_um6.urdf.xacro
[0.887s] -- Installing: /home/jo/clearpath_ws/install/clearpath_sensors_description/share/clearpath_sensors_description/urdf/swiftnav_duro.urdf.xacro
[0.887s] -- Installing: /home/jo/clearpath_ws/install/clearpath_sensors_description/share/clearpath_sensors_description/urdf/hokuyo_ust.urdf.xacro
[0.887s] -- Installing: /home/jo/clearpath_ws/install/clearpath_sensors_description/share/clearpath_sensors_description/urdf/stereolabs_zed.urdf.xacro
[0.887s] -- Installing: /home/jo/clearpath_ws/install/clearpath_sensors_description/share/clearpath_sensors_description/urdf/redshift_um7.urdf.xacro
[0.887s] -- Installing: /home/jo/clearpath_ws/install/clearpath_sensors_description/share/clearpath_sensors_description/urdf/phidgets_spatial.urdf.xacro
[0.887s] -- Installing: /home/jo/clearpath_ws/install/clearpath_sensors_description/share/clearpath_sensors_description/urdf/novatel_smart6.urdf.xacro
[0.887s] -- Installing: /home/jo/clearpath_ws/install/clearpath_sensors_description/share/clearpath_sensors_description/urdf/luxonis_oakd.urdf.xacro
[0.887s] -- Installing: /home/jo/clearpath_ws/install/clearpath_sensors_description/share/clearpath_sensors_description/urdf/ouster_os1.urdf.xacro
[0.887s] -- Installing: /home/jo/clearpath_ws/install/clearpath_sensors_description/share/clearpath_sensors_description/urdf/intel_realsense.urdf.xacro
[0.887s] -- Installing: /home/jo/clearpath_ws/install/clearpath_sensors_description/share/clearpath_sensors_description/urdf/velodyne_lidar.urdf.xacro
[0.887s] -- Installing: /home/jo/clearpath_ws/install/clearpath_sensors_description/share/clearpath_sensors_description/urdf/axis_camera.urdf.xacro
[0.887s] -- Installing: /home/jo/clearpath_ws/install/clearpath_sensors_description/share/clearpath_sensors_description/urdf/sick_lms1xx.urdf.xacro
[0.887s] -- Installing: /home/jo/clearpath_ws/install/clearpath_sensors_description/share/clearpath_sensors_description/urdf/microstrain_gq7.urdf.xacro
[0.887s] -- Installing: /home/jo/clearpath_ws/install/clearpath_sensors_description/share/clearpath_sensors_description/urdf/garmin_18x.urdf.xacro
[0.887s] -- Installing: /home/jo/clearpath_ws/install/clearpath_sensors_description/share/clearpath_sensors_description/urdf/microstrain_imu.urdf.xacro
[0.888s] -- Installing: /home/jo/clearpath_ws/install/clearpath_sensors_description/share/clearpath_sensors_description/urdf/axis
[0.888s] -- Installing: /home/jo/clearpath_ws/install/clearpath_sensors_description/share/clearpath_sensors_description/urdf/axis/axis_dome_ptz.urdf.xacro
[0.888s] -- Installing: /home/jo/clearpath_ws/install/clearpath_sensors_description/share/clearpath_sensors_description/urdf/axis/axis_dome_fixed.urdf.xacro
[0.888s] -- Installing: /home/jo/clearpath_ws/install/clearpath_sensors_description/share/clearpath_sensors_description/urdf/axis/axis_q62.urdf.xacro
[0.888s] -- Installing: /home/jo/clearpath_ws/install/clearpath_sensors_description/share/ament_index/resource_index/package_run_dependencies/clearpath_sensors_description
[0.888s] -- Installing: /home/jo/clearpath_ws/install/clearpath_sensors_description/share/ament_index/resource_index/parent_prefix_path/clearpath_sensors_description
[0.888s] -- Installing: /home/jo/clearpath_ws/install/clearpath_sensors_description/share/clearpath_sensors_description/environment/ament_prefix_path.sh
[0.888s] -- Installing: /home/jo/clearpath_ws/install/clearpath_sensors_description/share/clearpath_sensors_description/environment/ament_prefix_path.dsv
[0.888s] -- Installing: /home/jo/clearpath_ws/install/clearpath_sensors_description/share/clearpath_sensors_description/environment/path.sh
[0.888s] -- Installing: /home/jo/clearpath_ws/install/clearpath_sensors_description/share/clearpath_sensors_description/environment/path.dsv
[0.888s] -- Installing: /home/jo/clearpath_ws/install/clearpath_sensors_description/share/clearpath_sensors_description/local_setup.bash
[0.888s] -- Installing: /home/jo/clearpath_ws/install/clearpath_sensors_description/share/clearpath_sensors_description/local_setup.sh
[0.888s] -- Installing: /home/jo/clearpath_ws/install/clearpath_sensors_description/share/clearpath_sensors_description/local_setup.zsh
[0.888s] -- Installing: /home/jo/clearpath_ws/install/clearpath_sensors_description/share/clearpath_sensors_description/local_setup.dsv
[0.888s] -- Installing: /home/jo/clearpath_ws/install/clearpath_sensors_description/share/clearpath_sensors_description/package.dsv
[0.888s] -- Installing: /home/jo/clearpath_ws/install/clearpath_sensors_description/share/ament_index/resource_index/packages/clearpath_sensors_description
[0.889s] -- Installing: /home/jo/clearpath_ws/install/clearpath_sensors_description/share/clearpath_sensors_description/cmake/clearpath_sensors_descriptionConfig.cmake
[0.889s] -- Installing: /home/jo/clearpath_ws/install/clearpath_sensors_description/share/clearpath_sensors_description/cmake/clearpath_sensors_descriptionConfig-version.cmake
[0.889s] -- Installing: /home/jo/clearpath_ws/install/clearpath_sensors_description/share/clearpath_sensors_description/package.xml
[0.910s] Invoked command in '/home/jo/clearpath_ws/build/clearpath_sensors_description' returned '0': CMAKE_PREFIX_PATH=${CMAKE_PREFIX_PATH}:/opt/ros/humble /usr/bin/cmake --install /home/jo/clearpath_ws/build/clearpath_sensors_description
