[0.013s] Invoking command in '/home/jo/clearpath_ws/build/clearpath_generator_common': AMENT_PREFIX_PATH=/home/jo/clearpath_ws/install/clearpath_manipulators:/home/jo/clearpath_ws/install/clearpath_description:/home/jo/clearpath_ws/install/clearpath_sensors_description:/home/jo/clearpath_ws/install/clearpath_platform_description:/home/jo/clearpath_ws/install/clearpath_mounts_description:/home/jo/clearpath_ws/install/clearpath_manipulators_description:/home/jo/clearpath_ws/install/clearpath_control:/home/jo/clearpath_ws/install/clearpath_config:${AMENT_PREFIX_PATH} CMAKE_PREFIX_PATH=/home/jo/clearpath_ws/install/clearpath_manipulators:/home/jo/clearpath_ws/install/clearpath_description:/home/jo/clearpath_ws/install/clearpath_sensors_description:/home/jo/clearpath_ws/install/clearpath_platform_description:/home/jo/clearpath_ws/install/clearpath_mounts_description:/home/jo/clearpath_ws/install/clearpath_manipulators_description:/home/jo/clearpath_ws/install/clearpath_control:/home/jo/TRG-planner-main/install/trg_planner_ros:/home/jo/myrobot_ws/install/go2_nav_pkg:/home/jo/ugv_husky_ws/install/ugv_nav4d_ros2:/home/jo/ugv_husky_ws/install/lidarslam:/home/jo/ugv_husky_ws/install/scanmatcher:/home/jo/ugv_husky_ws/install/graph_based_slam:/home/jo/ugv_husky_ws/install/ndt_omp_ros2:/home/jo/ugv_husky_ws/install/lidarslam_msgs:/home/jo/ugv_husky_ws/install/husky_ugv_nav4d_pkg:/home/jo/myrobot_ws/install/my_robot_pkg:/home/jo/myrobot_ws/install/go2_description:/home/jo/myrobot_ws/install/go2_config:/home/jo/myrobot_ws/install/champ_teleop:/home/jo/myrobot_ws/install/champ_navigation:/home/jo/myrobot_ws/install/champ_gazebo:/home/jo/myrobot_ws/install/champ_bringup:/home/jo/myrobot_ws/install/champ_base:/home/jo/myrobot_ws/install/champ_msgs:/home/jo/myrobot_ws/install/champ_description:/home/jo/myrobot_ws/install/champ_config:/home/jo/myrobot_ws/install/champ:/home/jo/ros2_ws/install/zed_ros2:/home/jo/ros2_ws/install/zed_robot_integration:/home/jo/ros2_ws/install/zed_ipc:/home/jo/ros2_ws/install/zed_multi_camera:/home/jo/ros2_ws/install/zed_isaac_ros_april_tag:/home/jo/ros2_ws/install/zed_display_rviz2:/home/jo/ros2_ws/install/zed_depth_to_laserscan:/home/jo/ros2_ws/install/zed_wrapper:/home/jo/ros2_ws/install/zed_tutorial_video:/home/jo/ros2_ws/install/zed_tutorial_pos_tracking:/home/jo/ros2_ws/install/zed_tutorial_depth:/home/jo/ros2_ws/install/zed_topic_benchmark:/home/jo/ros2_ws/install/zed_topic_benchmark_component:/home/jo/ros2_ws/install/zed_topic_benchmark_interfaces:/home/jo/ros2_ws/install/zed_rgb_convert:/home/jo/ros2_ws/install/zed_isaac_ros_nitros_sub:/home/jo/ros2_ws/install/zed_aruco_localization:/home/jo/ros2_ws/install/zed_components:/home/jo/ros2_ws/install/rviz_plugin_zed_od:/opt/ros/humble PYTHONPATH=/home/jo/clearpath_ws/install/clearpath_config/lib/python3.10/site-packages:${PYTHONPATH} /usr/bin/cmake /home/jo/clearpath_ws/src/clearpath_common/clearpath_generator_common -DCMAKE_INSTALL_PREFIX=/home/jo/clearpath_ws/install/clearpath_generator_common
[0.050s] -- The C compiler identification is GNU 11.4.0
[0.087s] -- The CXX compiler identification is GNU 11.4.0
[0.092s] -- Detecting C compiler ABI info
[0.138s] -- Detecting C compiler ABI info - done
[0.144s] -- Check for working C compiler: /usr/bin/cc - skipped
[0.144s] -- Detecting C compile features
[0.144s] -- Detecting C compile features - done
[0.146s] -- Detecting CXX compiler ABI info
[0.200s] -- Detecting CXX compiler ABI info - done
[0.205s] -- Check for working CXX compiler: /usr/bin/c++ - skipped
[0.205s] -- Detecting CXX compile features
[0.206s] -- Detecting CXX compile features - done
[0.213s] -- Found ament_cmake: 1.3.12 (/opt/ros/humble/share/ament_cmake/cmake)
[0.515s] -- Found Python3: /usr/bin/python3 (found version "3.10.12") found components: Interpreter 
[0.669s] -- Found moveit_setup_framework: 2.5.9 (/opt/ros/humble/share/moveit_setup_framework/cmake)
[0.780s] -- Found rosidl_generator_c: 3.1.7 (/opt/ros/humble/share/rosidl_generator_c/cmake)
[0.794s] -- Found rosidl_adapter: 3.1.7 (/opt/ros/humble/share/rosidl_adapter/cmake)
[0.810s] -- Found rosidl_generator_cpp: 3.1.7 (/opt/ros/humble/share/rosidl_generator_cpp/cmake)
[0.830s] -- Using all available rosidl_typesupport_c: rosidl_typesupport_fastrtps_c;rosidl_typesupport_introspection_c
[0.859s] -- Using all available rosidl_typesupport_cpp: rosidl_typesupport_fastrtps_cpp;rosidl_typesupport_introspection_cpp
[0.947s] -- Found rmw_implementation_cmake: 6.1.2 (/opt/ros/humble/share/rmw_implementation_cmake/cmake)
[0.956s] -- Found rmw_fastrtps_cpp: 6.2.8 (/opt/ros/humble/share/rmw_fastrtps_cpp/cmake)
[1.054s] -- Found OpenSSL: /usr/lib/x86_64-linux-gnu/libcrypto.so (found version "3.0.2")  
[1.088s] -- Found FastRTPS: /opt/ros/humble/include  
[1.161s] -- Using RMW implementation 'rmw_fastrtps_cpp' as default
[1.201s] -- Looking for pthread.h
[1.315s] -- Looking for pthread.h - found
[1.315s] -- Performing Test CMAKE_HAVE_LIBC_PTHREAD
[1.439s] -- Performing Test CMAKE_HAVE_LIBC_PTHREAD - Success
[1.441s] -- Found Threads: TRUE  
[1.754s] -- Found Boost: /usr/lib/x86_64-linux-gnu/cmake/Boost-1.74.0/BoostConfig.cmake (found version "1.74.0") found components: chrono date_time filesystem iostreams program_options regex serialization system thread 
[1.859s] -- Found parameter_traits: 0.5.0 (/opt/ros/humble/share/parameter_traits/cmake)
[1.892s] -- Found rclcpp_lifecycle: 16.0.14 (/opt/ros/humble/share/rclcpp_lifecycle/cmake)
[1.929s] -- Found Boost: /usr/lib/x86_64-linux-gnu/cmake/Boost-1.74.0/BoostConfig.cmake (found version "1.74.0") found components: filesystem 
[2.045s] -- library: /usr/lib/x86_64-linux-gnu/libcurl.so
[2.131s] -- Found Eigen3: TRUE (found version "3.4.0") 
[2.131s] -- Ensuring Eigen3 include directory is part of orocos-kdl CMake target
[2.477s] -- Found Boost: /usr/lib/x86_64-linux-gnu/cmake/Boost-1.74.0/BoostConfig.cmake (found version "1.74.0") found components: system filesystem date_time program_options thread chrono 
[2.512s] -- Found Boost: /usr/lib/x86_64-linux-gnu/cmake/Boost-1.74.0/BoostConfig.cmake (found version "1.74.0") found components: thread date_time system filesystem 
[2.534s] -- Found Boost: /usr/lib/x86_64-linux-gnu/cmake/Boost-1.74.0/BoostConfig.cmake (found version "1.74.0") found components: date_time filesystem program_options system thread 
[2.551s] -- Found Boost: /usr/lib/x86_64-linux-gnu/cmake/Boost-1.74.0/BoostConfig.cmake (found version "1.74.0") found components: thread system filesystem regex date_time program_options 
[2.580s] -- Found Boost: /usr/lib/x86_64-linux-gnu/cmake/Boost-1.74.0/BoostConfig.cmake (found version "1.74.0") found components: system filesystem date_time program_options thread 
[2.659s] -- Setting OGRE_DIR to: '/opt/ros/humble/share/rviz_ogre_vendor/cmake/../../../opt/rviz_ogre_vendor/lib/OGRE/cmake'
[2.660s] -- Found OGRE
[2.660s] --   static     : OFF
[2.660s] --   components : HLMS;MeshLodGenerator;Overlay;Paging;Property;RTShaderSystem;Terrain;Volume
[2.660s] --   plugins    : Plugin_BSPSceneManager;Plugin_OctreeSceneManager;Plugin_PCZSceneManager;Plugin_ParticleFX;RenderSystem_GL;RenderSystem_GL3Plus;Codec_STBI
[2.660s] --   media      : /opt/ros/humble/opt/rviz_ogre_vendor/share/OGRE/Media
[2.661s] -- OGRE_LIBRARIES: OgreHLMS;OgreMeshLodGenerator;OgreOverlay;OgrePaging;OgreProperty;OgreRTShaderSystem;OgreTerrain;OgreVolume;OgreMain
[2.661s] -- OGRE_LIBRARY_DIRS: /opt/ros/humble/opt/rviz_ogre_vendor/lib
[2.661s] -- OGRE_PLUGINS: Plugin_BSPSceneManager;Plugin_OctreeSceneManager;Plugin_PCZSceneManager;Plugin_ParticleFX;RenderSystem_GL;RenderSystem_GL3Plus;Codec_STBI
[2.661s] -- OGRE_PLUGIN_DIR: /opt/ros/humble/opt/rviz_ogre_vendor/lib/OGRE
[2.661s] -- rviz_ogre_vendor::OgreOverlay for IMPORTED_LOCATION_RELEASE: /opt/ros/humble/opt/rviz_ogre_vendor/lib/libOgreOverlay.so
[2.661s] -- rviz_ogre_vendor::OgreOverlay for IMPORTED_LOCATION_DEBUG: /opt/ros/humble/opt/rviz_ogre_vendor/lib/libOgreOverlay.so
[2.661s] -- rviz_ogre_vendor::OgreMain for IMPORTED_LOCATION_RELEASE: /opt/ros/humble/opt/rviz_ogre_vendor/lib/libOgreMain.so
[2.661s] -- rviz_ogre_vendor::OgreMain for IMPORTED_LOCATION_DEBUG: /opt/ros/humble/opt/rviz_ogre_vendor/lib/libOgreMain.so
[2.691s] -- Found ZLIB: /usr/lib/x86_64-linux-gnu/libz.so (found version "1.2.11") 
[2.702s] -- Found OpenGL: /usr/lib/x86_64-linux-gnu/libOpenGL.so   
[2.887s] -- Found X11: /usr/include   
[2.887s] -- Looking for XOpenDisplay in /usr/lib/x86_64-linux-gnu/libX11.so;/usr/lib/x86_64-linux-gnu/libXext.so
[3.040s] -- Looking for XOpenDisplay in /usr/lib/x86_64-linux-gnu/libX11.so;/usr/lib/x86_64-linux-gnu/libXext.so - found
[3.041s] -- Looking for gethostbyname
[3.119s] -- Looking for gethostbyname - found
[3.119s] -- Looking for connect
[3.373s] -- Looking for connect - found
[3.373s] -- Looking for remove
[3.591s] -- Looking for remove - found
[3.592s] -- Looking for shmat
[3.667s] -- Looking for shmat - found
[3.667s] -- Looking for IceConnectionNumber in ICE
[3.731s] -- Looking for IceConnectionNumber in ICE - found
[3.768s] -- Setting assimp_DIR to: '/opt/ros/humble/share/rviz_assimp_vendor/cmake/../../../opt/rviz_assimp_vendor/lib/cmake/assimp-4.1'
[3.907s] -- Found moveit_setup_srdf_plugins: 2.5.9 (/opt/ros/humble/share/moveit_setup_srdf_plugins/cmake)
[4.008s] -- Found ament_lint_auto: 0.12.14 (/opt/ros/humble/share/ament_lint_auto/cmake)
[7.099s] -- Added test 'cppcheck' to perform static code analysis on C / C++ code
[7.099s] -- Configured cppcheck include dirs: 
[7.099s] -- Configured cppcheck exclude dirs and/or files: 
[7.100s] -- Added test 'flake8' to check Python code syntax and style conventions
[7.101s] -- Added test 'lint_cmake' to check CMake code style
[7.102s] -- Added test 'pep257' to check Python code against some of the docstring style conventions in PEP 257
[7.104s] -- Added test 'uncrustify' to check C / C++ code style
[7.104s] -- Configured uncrustify additional arguments: 
[7.105s] -- Added test 'xmllint' to check XML markup files
[7.106s] -- Configuring done
[7.134s] -- Generating done
[7.141s] -- Build files have been written to: /home/jo/clearpath_ws/build/clearpath_generator_common
[7.152s] Invoked command in '/home/jo/clearpath_ws/build/clearpath_generator_common' returned '0': AMENT_PREFIX_PATH=/home/jo/clearpath_ws/install/clearpath_manipulators:/home/jo/clearpath_ws/install/clearpath_description:/home/jo/clearpath_ws/install/clearpath_sensors_description:/home/jo/clearpath_ws/install/clearpath_platform_description:/home/jo/clearpath_ws/install/clearpath_mounts_description:/home/jo/clearpath_ws/install/clearpath_manipulators_description:/home/jo/clearpath_ws/install/clearpath_control:/home/jo/clearpath_ws/install/clearpath_config:${AMENT_PREFIX_PATH} CMAKE_PREFIX_PATH=/home/jo/clearpath_ws/install/clearpath_manipulators:/home/jo/clearpath_ws/install/clearpath_description:/home/jo/clearpath_ws/install/clearpath_sensors_description:/home/jo/clearpath_ws/install/clearpath_platform_description:/home/jo/clearpath_ws/install/clearpath_mounts_description:/home/jo/clearpath_ws/install/clearpath_manipulators_description:/home/jo/clearpath_ws/install/clearpath_control:/home/jo/TRG-planner-main/install/trg_planner_ros:/home/jo/myrobot_ws/install/go2_nav_pkg:/home/jo/ugv_husky_ws/install/ugv_nav4d_ros2:/home/jo/ugv_husky_ws/install/lidarslam:/home/jo/ugv_husky_ws/install/scanmatcher:/home/jo/ugv_husky_ws/install/graph_based_slam:/home/jo/ugv_husky_ws/install/ndt_omp_ros2:/home/jo/ugv_husky_ws/install/lidarslam_msgs:/home/jo/ugv_husky_ws/install/husky_ugv_nav4d_pkg:/home/jo/myrobot_ws/install/my_robot_pkg:/home/jo/myrobot_ws/install/go2_description:/home/jo/myrobot_ws/install/go2_config:/home/jo/myrobot_ws/install/champ_teleop:/home/jo/myrobot_ws/install/champ_navigation:/home/jo/myrobot_ws/install/champ_gazebo:/home/jo/myrobot_ws/install/champ_bringup:/home/jo/myrobot_ws/install/champ_base:/home/jo/myrobot_ws/install/champ_msgs:/home/jo/myrobot_ws/install/champ_description:/home/jo/myrobot_ws/install/champ_config:/home/jo/myrobot_ws/install/champ:/home/jo/ros2_ws/install/zed_ros2:/home/jo/ros2_ws/install/zed_robot_integration:/home/jo/ros2_ws/install/zed_ipc:/home/jo/ros2_ws/install/zed_multi_camera:/home/jo/ros2_ws/install/zed_isaac_ros_april_tag:/home/jo/ros2_ws/install/zed_display_rviz2:/home/jo/ros2_ws/install/zed_depth_to_laserscan:/home/jo/ros2_ws/install/zed_wrapper:/home/jo/ros2_ws/install/zed_tutorial_video:/home/jo/ros2_ws/install/zed_tutorial_pos_tracking:/home/jo/ros2_ws/install/zed_tutorial_depth:/home/jo/ros2_ws/install/zed_topic_benchmark:/home/jo/ros2_ws/install/zed_topic_benchmark_component:/home/jo/ros2_ws/install/zed_topic_benchmark_interfaces:/home/jo/ros2_ws/install/zed_rgb_convert:/home/jo/ros2_ws/install/zed_isaac_ros_nitros_sub:/home/jo/ros2_ws/install/zed_aruco_localization:/home/jo/ros2_ws/install/zed_components:/home/jo/ros2_ws/install/rviz_plugin_zed_od:/opt/ros/humble PYTHONPATH=/home/jo/clearpath_ws/install/clearpath_config/lib/python3.10/site-packages:${PYTHONPATH} /usr/bin/cmake /home/jo/clearpath_ws/src/clearpath_common/clearpath_generator_common -DCMAKE_INSTALL_PREFIX=/home/jo/clearpath_ws/install/clearpath_generator_common
[7.153s] Invoking command in '/home/jo/clearpath_ws/build/clearpath_generator_common': AMENT_PREFIX_PATH=/home/jo/clearpath_ws/install/clearpath_manipulators:/home/jo/clearpath_ws/install/clearpath_description:/home/jo/clearpath_ws/install/clearpath_sensors_description:/home/jo/clearpath_ws/install/clearpath_platform_description:/home/jo/clearpath_ws/install/clearpath_mounts_description:/home/jo/clearpath_ws/install/clearpath_manipulators_description:/home/jo/clearpath_ws/install/clearpath_control:/home/jo/clearpath_ws/install/clearpath_config:${AMENT_PREFIX_PATH} CMAKE_PREFIX_PATH=/home/jo/clearpath_ws/install/clearpath_manipulators:/home/jo/clearpath_ws/install/clearpath_description:/home/jo/clearpath_ws/install/clearpath_sensors_description:/home/jo/clearpath_ws/install/clearpath_platform_description:/home/jo/clearpath_ws/install/clearpath_mounts_description:/home/jo/clearpath_ws/install/clearpath_manipulators_description:/home/jo/clearpath_ws/install/clearpath_control:/home/jo/TRG-planner-main/install/trg_planner_ros:/home/jo/myrobot_ws/install/go2_nav_pkg:/home/jo/ugv_husky_ws/install/ugv_nav4d_ros2:/home/jo/ugv_husky_ws/install/lidarslam:/home/jo/ugv_husky_ws/install/scanmatcher:/home/jo/ugv_husky_ws/install/graph_based_slam:/home/jo/ugv_husky_ws/install/ndt_omp_ros2:/home/jo/ugv_husky_ws/install/lidarslam_msgs:/home/jo/ugv_husky_ws/install/husky_ugv_nav4d_pkg:/home/jo/myrobot_ws/install/my_robot_pkg:/home/jo/myrobot_ws/install/go2_description:/home/jo/myrobot_ws/install/go2_config:/home/jo/myrobot_ws/install/champ_teleop:/home/jo/myrobot_ws/install/champ_navigation:/home/jo/myrobot_ws/install/champ_gazebo:/home/jo/myrobot_ws/install/champ_bringup:/home/jo/myrobot_ws/install/champ_base:/home/jo/myrobot_ws/install/champ_msgs:/home/jo/myrobot_ws/install/champ_description:/home/jo/myrobot_ws/install/champ_config:/home/jo/myrobot_ws/install/champ:/home/jo/ros2_ws/install/zed_ros2:/home/jo/ros2_ws/install/zed_robot_integration:/home/jo/ros2_ws/install/zed_ipc:/home/jo/ros2_ws/install/zed_multi_camera:/home/jo/ros2_ws/install/zed_isaac_ros_april_tag:/home/jo/ros2_ws/install/zed_display_rviz2:/home/jo/ros2_ws/install/zed_depth_to_laserscan:/home/jo/ros2_ws/install/zed_wrapper:/home/jo/ros2_ws/install/zed_tutorial_video:/home/jo/ros2_ws/install/zed_tutorial_pos_tracking:/home/jo/ros2_ws/install/zed_tutorial_depth:/home/jo/ros2_ws/install/zed_topic_benchmark:/home/jo/ros2_ws/install/zed_topic_benchmark_component:/home/jo/ros2_ws/install/zed_topic_benchmark_interfaces:/home/jo/ros2_ws/install/zed_rgb_convert:/home/jo/ros2_ws/install/zed_isaac_ros_nitros_sub:/home/jo/ros2_ws/install/zed_aruco_localization:/home/jo/ros2_ws/install/zed_components:/home/jo/ros2_ws/install/rviz_plugin_zed_od:/opt/ros/humble PYTHONPATH=/home/jo/clearpath_ws/install/clearpath_config/lib/python3.10/site-packages:${PYTHONPATH} /usr/bin/cmake --build /home/jo/clearpath_ws/build/clearpath_generator_common -- -j20 -l20
[7.191s] [ 50%] [32mBuilding CXX object CMakeFiles/moveit_collision_updater.dir/src/moveit_collision_updater.cpp.o[0m
[7.197s] [ 50%] Built target ament_cmake_python_copy_clearpath_generator_common
[7.376s] running egg_info
[7.391s] creating clearpath_generator_common.egg-info
[7.391s] writing clearpath_generator_common.egg-info/PKG-INFO
[7.392s] writing dependency_links to clearpath_generator_common.egg-info/dependency_links.txt
[7.392s] writing top-level names to clearpath_generator_common.egg-info/top_level.txt
[7.392s] writing manifest file 'clearpath_generator_common.egg-info/SOURCES.txt'
[7.435s] reading manifest file 'clearpath_generator_common.egg-info/SOURCES.txt'
[7.436s] writing manifest file 'clearpath_generator_common.egg-info/SOURCES.txt'
[7.456s] [ 50%] Built target ament_cmake_python_build_clearpath_generator_common_egg
[15.430s] [100%] [32m[1mLinking CXX executable moveit_collision_updater[0m
[15.973s] [100%] Built target moveit_collision_updater
[15.980s] Invoked command in '/home/jo/clearpath_ws/build/clearpath_generator_common' returned '0': AMENT_PREFIX_PATH=/home/jo/clearpath_ws/install/clearpath_manipulators:/home/jo/clearpath_ws/install/clearpath_description:/home/jo/clearpath_ws/install/clearpath_sensors_description:/home/jo/clearpath_ws/install/clearpath_platform_description:/home/jo/clearpath_ws/install/clearpath_mounts_description:/home/jo/clearpath_ws/install/clearpath_manipulators_description:/home/jo/clearpath_ws/install/clearpath_control:/home/jo/clearpath_ws/install/clearpath_config:${AMENT_PREFIX_PATH} CMAKE_PREFIX_PATH=/home/jo/clearpath_ws/install/clearpath_manipulators:/home/jo/clearpath_ws/install/clearpath_description:/home/jo/clearpath_ws/install/clearpath_sensors_description:/home/jo/clearpath_ws/install/clearpath_platform_description:/home/jo/clearpath_ws/install/clearpath_mounts_description:/home/jo/clearpath_ws/install/clearpath_manipulators_description:/home/jo/clearpath_ws/install/clearpath_control:/home/jo/TRG-planner-main/install/trg_planner_ros:/home/jo/myrobot_ws/install/go2_nav_pkg:/home/jo/ugv_husky_ws/install/ugv_nav4d_ros2:/home/jo/ugv_husky_ws/install/lidarslam:/home/jo/ugv_husky_ws/install/scanmatcher:/home/jo/ugv_husky_ws/install/graph_based_slam:/home/jo/ugv_husky_ws/install/ndt_omp_ros2:/home/jo/ugv_husky_ws/install/lidarslam_msgs:/home/jo/ugv_husky_ws/install/husky_ugv_nav4d_pkg:/home/jo/myrobot_ws/install/my_robot_pkg:/home/jo/myrobot_ws/install/go2_description:/home/jo/myrobot_ws/install/go2_config:/home/jo/myrobot_ws/install/champ_teleop:/home/jo/myrobot_ws/install/champ_navigation:/home/jo/myrobot_ws/install/champ_gazebo:/home/jo/myrobot_ws/install/champ_bringup:/home/jo/myrobot_ws/install/champ_base:/home/jo/myrobot_ws/install/champ_msgs:/home/jo/myrobot_ws/install/champ_description:/home/jo/myrobot_ws/install/champ_config:/home/jo/myrobot_ws/install/champ:/home/jo/ros2_ws/install/zed_ros2:/home/jo/ros2_ws/install/zed_robot_integration:/home/jo/ros2_ws/install/zed_ipc:/home/jo/ros2_ws/install/zed_multi_camera:/home/jo/ros2_ws/install/zed_isaac_ros_april_tag:/home/jo/ros2_ws/install/zed_display_rviz2:/home/jo/ros2_ws/install/zed_depth_to_laserscan:/home/jo/ros2_ws/install/zed_wrapper:/home/jo/ros2_ws/install/zed_tutorial_video:/home/jo/ros2_ws/install/zed_tutorial_pos_tracking:/home/jo/ros2_ws/install/zed_tutorial_depth:/home/jo/ros2_ws/install/zed_topic_benchmark:/home/jo/ros2_ws/install/zed_topic_benchmark_component:/home/jo/ros2_ws/install/zed_topic_benchmark_interfaces:/home/jo/ros2_ws/install/zed_rgb_convert:/home/jo/ros2_ws/install/zed_isaac_ros_nitros_sub:/home/jo/ros2_ws/install/zed_aruco_localization:/home/jo/ros2_ws/install/zed_components:/home/jo/ros2_ws/install/rviz_plugin_zed_od:/opt/ros/humble PYTHONPATH=/home/jo/clearpath_ws/install/clearpath_config/lib/python3.10/site-packages:${PYTHONPATH} /usr/bin/cmake --build /home/jo/clearpath_ws/build/clearpath_generator_common -- -j20 -l20
[15.981s] Invoking command in '/home/jo/clearpath_ws/build/clearpath_generator_common': AMENT_PREFIX_PATH=/home/jo/clearpath_ws/install/clearpath_manipulators:/home/jo/clearpath_ws/install/clearpath_description:/home/jo/clearpath_ws/install/clearpath_sensors_description:/home/jo/clearpath_ws/install/clearpath_platform_description:/home/jo/clearpath_ws/install/clearpath_mounts_description:/home/jo/clearpath_ws/install/clearpath_manipulators_description:/home/jo/clearpath_ws/install/clearpath_control:/home/jo/clearpath_ws/install/clearpath_config:${AMENT_PREFIX_PATH} CMAKE_PREFIX_PATH=/home/jo/clearpath_ws/install/clearpath_manipulators:/home/jo/clearpath_ws/install/clearpath_description:/home/jo/clearpath_ws/install/clearpath_sensors_description:/home/jo/clearpath_ws/install/clearpath_platform_description:/home/jo/clearpath_ws/install/clearpath_mounts_description:/home/jo/clearpath_ws/install/clearpath_manipulators_description:/home/jo/clearpath_ws/install/clearpath_control:/home/jo/TRG-planner-main/install/trg_planner_ros:/home/jo/myrobot_ws/install/go2_nav_pkg:/home/jo/ugv_husky_ws/install/ugv_nav4d_ros2:/home/jo/ugv_husky_ws/install/lidarslam:/home/jo/ugv_husky_ws/install/scanmatcher:/home/jo/ugv_husky_ws/install/graph_based_slam:/home/jo/ugv_husky_ws/install/ndt_omp_ros2:/home/jo/ugv_husky_ws/install/lidarslam_msgs:/home/jo/ugv_husky_ws/install/husky_ugv_nav4d_pkg:/home/jo/myrobot_ws/install/my_robot_pkg:/home/jo/myrobot_ws/install/go2_description:/home/jo/myrobot_ws/install/go2_config:/home/jo/myrobot_ws/install/champ_teleop:/home/jo/myrobot_ws/install/champ_navigation:/home/jo/myrobot_ws/install/champ_gazebo:/home/jo/myrobot_ws/install/champ_bringup:/home/jo/myrobot_ws/install/champ_base:/home/jo/myrobot_ws/install/champ_msgs:/home/jo/myrobot_ws/install/champ_description:/home/jo/myrobot_ws/install/champ_config:/home/jo/myrobot_ws/install/champ:/home/jo/ros2_ws/install/zed_ros2:/home/jo/ros2_ws/install/zed_robot_integration:/home/jo/ros2_ws/install/zed_ipc:/home/jo/ros2_ws/install/zed_multi_camera:/home/jo/ros2_ws/install/zed_isaac_ros_april_tag:/home/jo/ros2_ws/install/zed_display_rviz2:/home/jo/ros2_ws/install/zed_depth_to_laserscan:/home/jo/ros2_ws/install/zed_wrapper:/home/jo/ros2_ws/install/zed_tutorial_video:/home/jo/ros2_ws/install/zed_tutorial_pos_tracking:/home/jo/ros2_ws/install/zed_tutorial_depth:/home/jo/ros2_ws/install/zed_topic_benchmark:/home/jo/ros2_ws/install/zed_topic_benchmark_component:/home/jo/ros2_ws/install/zed_topic_benchmark_interfaces:/home/jo/ros2_ws/install/zed_rgb_convert:/home/jo/ros2_ws/install/zed_isaac_ros_nitros_sub:/home/jo/ros2_ws/install/zed_aruco_localization:/home/jo/ros2_ws/install/zed_components:/home/jo/ros2_ws/install/rviz_plugin_zed_od:/opt/ros/humble PYTHONPATH=/home/jo/clearpath_ws/install/clearpath_config/lib/python3.10/site-packages:${PYTHONPATH} /usr/bin/cmake --install /home/jo/clearpath_ws/build/clearpath_generator_common
[15.985s] -- Install configuration: ""
[15.985s] -- Installing: /home/jo/clearpath_ws/install/clearpath_generator_common/lib/clearpath_generator_common/generate_description
[15.986s] -- Installing: /home/jo/clearpath_ws/install/clearpath_generator_common/lib/clearpath_generator_common/generate_discovery_server
[15.986s] -- Installing: /home/jo/clearpath_ws/install/clearpath_generator_common/lib/clearpath_generator_common/generate_bash
[15.986s] -- Installing: /home/jo/clearpath_ws/install/clearpath_generator_common/lib/clearpath_generator_common/generate_semantic_description
[15.986s] -- Installing: /home/jo/clearpath_ws/install/clearpath_generator_common/lib/clearpath_generator_common/generate_vcan
[15.986s] -- Installing: /home/jo/clearpath_ws/install/clearpath_generator_common/lib/clearpath_generator_common/moveit_collision_updater
[15.987s] -- Set runtime path of "/home/jo/clearpath_ws/install/clearpath_generator_common/lib/clearpath_generator_common/moveit_collision_updater" to ""
[15.987s] -- Installing: /home/jo/clearpath_ws/install/clearpath_generator_common/share/clearpath_generator_common/environment/pythonpath.sh
[15.987s] -- Installing: /home/jo/clearpath_ws/install/clearpath_generator_common/share/clearpath_generator_common/environment/pythonpath.dsv
[15.987s] -- Installing: /home/jo/clearpath_ws/install/clearpath_generator_common/local/lib/python3.10/dist-packages/clearpath_generator_common-1.3.9-py3.10.egg-info
[15.987s] -- Installing: /home/jo/clearpath_ws/install/clearpath_generator_common/local/lib/python3.10/dist-packages/clearpath_generator_common-1.3.9-py3.10.egg-info/top_level.txt
[15.987s] -- Installing: /home/jo/clearpath_ws/install/clearpath_generator_common/local/lib/python3.10/dist-packages/clearpath_generator_common-1.3.9-py3.10.egg-info/dependency_links.txt
[15.987s] -- Installing: /home/jo/clearpath_ws/install/clearpath_generator_common/local/lib/python3.10/dist-packages/clearpath_generator_common-1.3.9-py3.10.egg-info/PKG-INFO
[15.987s] -- Installing: /home/jo/clearpath_ws/install/clearpath_generator_common/local/lib/python3.10/dist-packages/clearpath_generator_common-1.3.9-py3.10.egg-info/SOURCES.txt
[15.987s] -- Installing: /home/jo/clearpath_ws/install/clearpath_generator_common/local/lib/python3.10/dist-packages/clearpath_generator_common
[15.987s] -- Installing: /home/jo/clearpath_ws/install/clearpath_generator_common/local/lib/python3.10/dist-packages/clearpath_generator_common/bash
[15.987s] -- Installing: /home/jo/clearpath_ws/install/clearpath_generator_common/local/lib/python3.10/dist-packages/clearpath_generator_common/bash/generator.py
[15.987s] -- Installing: /home/jo/clearpath_ws/install/clearpath_generator_common/local/lib/python3.10/dist-packages/clearpath_generator_common/bash/__init__.py
[15.988s] -- Installing: /home/jo/clearpath_ws/install/clearpath_generator_common/local/lib/python3.10/dist-packages/clearpath_generator_common/bash/generate_bash
[15.988s] -- Installing: /home/jo/clearpath_ws/install/clearpath_generator_common/local/lib/python3.10/dist-packages/clearpath_generator_common/bash/writer.py
[15.988s] -- Installing: /home/jo/clearpath_ws/install/clearpath_generator_common/local/lib/python3.10/dist-packages/clearpath_generator_common/discovery_server
[15.988s] -- Installing: /home/jo/clearpath_ws/install/clearpath_generator_common/local/lib/python3.10/dist-packages/clearpath_generator_common/discovery_server/generator.py
[15.988s] -- Installing: /home/jo/clearpath_ws/install/clearpath_generator_common/local/lib/python3.10/dist-packages/clearpath_generator_common/discovery_server/generate_discovery_server
[15.988s] -- Installing: /home/jo/clearpath_ws/install/clearpath_generator_common/local/lib/python3.10/dist-packages/clearpath_generator_common/semantic_description
[15.988s] -- Installing: /home/jo/clearpath_ws/install/clearpath_generator_common/local/lib/python3.10/dist-packages/clearpath_generator_common/semantic_description/generator.py
[15.988s] -- Installing: /home/jo/clearpath_ws/install/clearpath_generator_common/local/lib/python3.10/dist-packages/clearpath_generator_common/semantic_description/manipulators.py
[15.988s] -- Installing: /home/jo/clearpath_ws/install/clearpath_generator_common/local/lib/python3.10/dist-packages/clearpath_generator_common/semantic_description/__init__.py
[15.988s] -- Installing: /home/jo/clearpath_ws/install/clearpath_generator_common/local/lib/python3.10/dist-packages/clearpath_generator_common/semantic_description/generate_semantic_description
[15.988s] -- Installing: /home/jo/clearpath_ws/install/clearpath_generator_common/local/lib/python3.10/dist-packages/clearpath_generator_common/launch
[15.988s] -- Installing: /home/jo/clearpath_ws/install/clearpath_generator_common/local/lib/python3.10/dist-packages/clearpath_generator_common/launch/generator.py
[15.988s] -- Installing: /home/jo/clearpath_ws/install/clearpath_generator_common/local/lib/python3.10/dist-packages/clearpath_generator_common/launch/__init__.py
[15.988s] -- Installing: /home/jo/clearpath_ws/install/clearpath_generator_common/local/lib/python3.10/dist-packages/clearpath_generator_common/launch/writer.py
[15.988s] -- Installing: /home/jo/clearpath_ws/install/clearpath_generator_common/local/lib/python3.10/dist-packages/clearpath_generator_common/package
[15.988s] -- Installing: /home/jo/clearpath_ws/install/clearpath_generator_common/local/lib/python3.10/dist-packages/clearpath_generator_common/package/__init__.py
[15.988s] -- Installing: /home/jo/clearpath_ws/install/clearpath_generator_common/local/lib/python3.10/dist-packages/clearpath_generator_common/package/writer.py
[15.988s] -- Installing: /home/jo/clearpath_ws/install/clearpath_generator_common/local/lib/python3.10/dist-packages/clearpath_generator_common/__init__.py
[15.988s] -- Installing: /home/jo/clearpath_ws/install/clearpath_generator_common/local/lib/python3.10/dist-packages/clearpath_generator_common/common.py
[15.989s] -- Installing: /home/jo/clearpath_ws/install/clearpath_generator_common/local/lib/python3.10/dist-packages/clearpath_generator_common/description
[15.989s] -- Installing: /home/jo/clearpath_ws/install/clearpath_generator_common/local/lib/python3.10/dist-packages/clearpath_generator_common/description/generator.py
[15.989s] -- Installing: /home/jo/clearpath_ws/install/clearpath_generator_common/local/lib/python3.10/dist-packages/clearpath_generator_common/description/manipulators.py
[15.989s] -- Installing: /home/jo/clearpath_ws/install/clearpath_generator_common/local/lib/python3.10/dist-packages/clearpath_generator_common/description/sensors.py
[15.989s] -- Installing: /home/jo/clearpath_ws/install/clearpath_generator_common/local/lib/python3.10/dist-packages/clearpath_generator_common/description/generate_description
[15.989s] -- Installing: /home/jo/clearpath_ws/install/clearpath_generator_common/local/lib/python3.10/dist-packages/clearpath_generator_common/description/__init__.py
[15.989s] -- Installing: /home/jo/clearpath_ws/install/clearpath_generator_common/local/lib/python3.10/dist-packages/clearpath_generator_common/description/platform.py
[15.989s] -- Installing: /home/jo/clearpath_ws/install/clearpath_generator_common/local/lib/python3.10/dist-packages/clearpath_generator_common/description/links.py
[15.989s] -- Installing: /home/jo/clearpath_ws/install/clearpath_generator_common/local/lib/python3.10/dist-packages/clearpath_generator_common/description/attachments.py
[15.989s] -- Installing: /home/jo/clearpath_ws/install/clearpath_generator_common/local/lib/python3.10/dist-packages/clearpath_generator_common/description/mounts.py
[15.989s] -- Installing: /home/jo/clearpath_ws/install/clearpath_generator_common/local/lib/python3.10/dist-packages/clearpath_generator_common/description/writer.py
[15.989s] -- Installing: /home/jo/clearpath_ws/install/clearpath_generator_common/local/lib/python3.10/dist-packages/clearpath_generator_common/vcan
[15.989s] -- Installing: /home/jo/clearpath_ws/install/clearpath_generator_common/local/lib/python3.10/dist-packages/clearpath_generator_common/vcan/generator.py
[15.989s] -- Installing: /home/jo/clearpath_ws/install/clearpath_generator_common/local/lib/python3.10/dist-packages/clearpath_generator_common/vcan/generate_vcan
[15.989s] -- Installing: /home/jo/clearpath_ws/install/clearpath_generator_common/local/lib/python3.10/dist-packages/clearpath_generator_common/param
[15.989s] -- Installing: /home/jo/clearpath_ws/install/clearpath_generator_common/local/lib/python3.10/dist-packages/clearpath_generator_common/param/generator.py
[15.989s] -- Installing: /home/jo/clearpath_ws/install/clearpath_generator_common/local/lib/python3.10/dist-packages/clearpath_generator_common/param/manipulators.py
[15.989s] -- Installing: /home/jo/clearpath_ws/install/clearpath_generator_common/local/lib/python3.10/dist-packages/clearpath_generator_common/param/__init__.py
[15.989s] -- Installing: /home/jo/clearpath_ws/install/clearpath_generator_common/local/lib/python3.10/dist-packages/clearpath_generator_common/param/platform.py
[15.989s] -- Installing: /home/jo/clearpath_ws/install/clearpath_generator_common/local/lib/python3.10/dist-packages/clearpath_generator_common/param/writer.py
[16.029s] Listing '/home/jo/clearpath_ws/install/clearpath_generator_common/local/lib/python3.10/dist-packages/clearpath_generator_common'...
[16.029s] Compiling '/home/jo/clearpath_ws/install/clearpath_generator_common/local/lib/python3.10/dist-packages/clearpath_generator_common/__init__.py'...
[16.029s] Listing '/home/jo/clearpath_ws/install/clearpath_generator_common/local/lib/python3.10/dist-packages/clearpath_generator_common/bash'...
[16.029s] Compiling '/home/jo/clearpath_ws/install/clearpath_generator_common/local/lib/python3.10/dist-packages/clearpath_generator_common/bash/__init__.py'...
[16.029s] Compiling '/home/jo/clearpath_ws/install/clearpath_generator_common/local/lib/python3.10/dist-packages/clearpath_generator_common/bash/generator.py'...
[16.029s] Compiling '/home/jo/clearpath_ws/install/clearpath_generator_common/local/lib/python3.10/dist-packages/clearpath_generator_common/bash/writer.py'...
[16.029s] Compiling '/home/jo/clearpath_ws/install/clearpath_generator_common/local/lib/python3.10/dist-packages/clearpath_generator_common/common.py'...
[16.029s] Listing '/home/jo/clearpath_ws/install/clearpath_generator_common/local/lib/python3.10/dist-packages/clearpath_generator_common/description'...
[16.029s] Compiling '/home/jo/clearpath_ws/install/clearpath_generator_common/local/lib/python3.10/dist-packages/clearpath_generator_common/description/__init__.py'...
[16.029s] Compiling '/home/jo/clearpath_ws/install/clearpath_generator_common/local/lib/python3.10/dist-packages/clearpath_generator_common/description/attachments.py'...
[16.029s] Compiling '/home/jo/clearpath_ws/install/clearpath_generator_common/local/lib/python3.10/dist-packages/clearpath_generator_common/description/generator.py'...
[16.029s] Compiling '/home/jo/clearpath_ws/install/clearpath_generator_common/local/lib/python3.10/dist-packages/clearpath_generator_common/description/links.py'...
[16.029s] Compiling '/home/jo/clearpath_ws/install/clearpath_generator_common/local/lib/python3.10/dist-packages/clearpath_generator_common/description/manipulators.py'...
[16.029s] Compiling '/home/jo/clearpath_ws/install/clearpath_generator_common/local/lib/python3.10/dist-packages/clearpath_generator_common/description/mounts.py'...
[16.029s] Compiling '/home/jo/clearpath_ws/install/clearpath_generator_common/local/lib/python3.10/dist-packages/clearpath_generator_common/description/platform.py'...
[16.029s] Compiling '/home/jo/clearpath_ws/install/clearpath_generator_common/local/lib/python3.10/dist-packages/clearpath_generator_common/description/sensors.py'...
[16.029s] Compiling '/home/jo/clearpath_ws/install/clearpath_generator_common/local/lib/python3.10/dist-packages/clearpath_generator_common/description/writer.py'...
[16.029s] Listing '/home/jo/clearpath_ws/install/clearpath_generator_common/local/lib/python3.10/dist-packages/clearpath_generator_common/discovery_server'...
[16.029s] Compiling '/home/jo/clearpath_ws/install/clearpath_generator_common/local/lib/python3.10/dist-packages/clearpath_generator_common/discovery_server/generator.py'...
[16.029s] Listing '/home/jo/clearpath_ws/install/clearpath_generator_common/local/lib/python3.10/dist-packages/clearpath_generator_common/launch'...
[16.029s] Compiling '/home/jo/clearpath_ws/install/clearpath_generator_common/local/lib/python3.10/dist-packages/clearpath_generator_common/launch/__init__.py'...
[16.029s] Compiling '/home/jo/clearpath_ws/install/clearpath_generator_common/local/lib/python3.10/dist-packages/clearpath_generator_common/launch/generator.py'...
[16.029s] Compiling '/home/jo/clearpath_ws/install/clearpath_generator_common/local/lib/python3.10/dist-packages/clearpath_generator_common/launch/writer.py'...
[16.029s] Listing '/home/jo/clearpath_ws/install/clearpath_generator_common/local/lib/python3.10/dist-packages/clearpath_generator_common/package'...
[16.030s] Compiling '/home/jo/clearpath_ws/install/clearpath_generator_common/local/lib/python3.10/dist-packages/clearpath_generator_common/package/__init__.py'...
[16.030s] Compiling '/home/jo/clearpath_ws/install/clearpath_generator_common/local/lib/python3.10/dist-packages/clearpath_generator_common/package/writer.py'...
[16.030s] Listing '/home/jo/clearpath_ws/install/clearpath_generator_common/local/lib/python3.10/dist-packages/clearpath_generator_common/param'...
[16.030s] Compiling '/home/jo/clearpath_ws/install/clearpath_generator_common/local/lib/python3.10/dist-packages/clearpath_generator_common/param/__init__.py'...
[16.030s] Compiling '/home/jo/clearpath_ws/install/clearpath_generator_common/local/lib/python3.10/dist-packages/clearpath_generator_common/param/generator.py'...
[16.030s] Compiling '/home/jo/clearpath_ws/install/clearpath_generator_common/local/lib/python3.10/dist-packages/clearpath_generator_common/param/manipulators.py'...
[16.030s] Compiling '/home/jo/clearpath_ws/install/clearpath_generator_common/local/lib/python3.10/dist-packages/clearpath_generator_common/param/platform.py'...
[16.030s] Compiling '/home/jo/clearpath_ws/install/clearpath_generator_common/local/lib/python3.10/dist-packages/clearpath_generator_common/param/writer.py'...
[16.030s] Listing '/home/jo/clearpath_ws/install/clearpath_generator_common/local/lib/python3.10/dist-packages/clearpath_generator_common/semantic_description'...
[16.030s] Compiling '/home/jo/clearpath_ws/install/clearpath_generator_common/local/lib/python3.10/dist-packages/clearpath_generator_common/semantic_description/__init__.py'...
[16.030s] Compiling '/home/jo/clearpath_ws/install/clearpath_generator_common/local/lib/python3.10/dist-packages/clearpath_generator_common/semantic_description/generator.py'...
[16.030s] Compiling '/home/jo/clearpath_ws/install/clearpath_generator_common/local/lib/python3.10/dist-packages/clearpath_generator_common/semantic_description/manipulators.py'...
[16.030s] Listing '/home/jo/clearpath_ws/install/clearpath_generator_common/local/lib/python3.10/dist-packages/clearpath_generator_common/vcan'...
[16.030s] Compiling '/home/jo/clearpath_ws/install/clearpath_generator_common/local/lib/python3.10/dist-packages/clearpath_generator_common/vcan/generator.py'...
[16.032s] -- Installing: /home/jo/clearpath_ws/install/clearpath_generator_common/share/ament_index/resource_index/package_run_dependencies/clearpath_generator_common
[16.032s] -- Installing: /home/jo/clearpath_ws/install/clearpath_generator_common/share/ament_index/resource_index/parent_prefix_path/clearpath_generator_common
[16.032s] -- Installing: /home/jo/clearpath_ws/install/clearpath_generator_common/share/clearpath_generator_common/environment/ament_prefix_path.sh
[16.032s] -- Installing: /home/jo/clearpath_ws/install/clearpath_generator_common/share/clearpath_generator_common/environment/ament_prefix_path.dsv
[16.032s] -- Installing: /home/jo/clearpath_ws/install/clearpath_generator_common/share/clearpath_generator_common/environment/path.sh
[16.032s] -- Installing: /home/jo/clearpath_ws/install/clearpath_generator_common/share/clearpath_generator_common/environment/path.dsv
[16.032s] -- Installing: /home/jo/clearpath_ws/install/clearpath_generator_common/share/clearpath_generator_common/local_setup.bash
[16.032s] -- Installing: /home/jo/clearpath_ws/install/clearpath_generator_common/share/clearpath_generator_common/local_setup.sh
[16.032s] -- Installing: /home/jo/clearpath_ws/install/clearpath_generator_common/share/clearpath_generator_common/local_setup.zsh
[16.032s] -- Installing: /home/jo/clearpath_ws/install/clearpath_generator_common/share/clearpath_generator_common/local_setup.dsv
[16.032s] -- Installing: /home/jo/clearpath_ws/install/clearpath_generator_common/share/clearpath_generator_common/package.dsv
[16.032s] -- Installing: /home/jo/clearpath_ws/install/clearpath_generator_common/share/ament_index/resource_index/packages/clearpath_generator_common
[16.032s] -- Installing: /home/jo/clearpath_ws/install/clearpath_generator_common/share/clearpath_generator_common/cmake/clearpath_generator_commonConfig.cmake
[16.033s] -- Installing: /home/jo/clearpath_ws/install/clearpath_generator_common/share/clearpath_generator_common/cmake/clearpath_generator_commonConfig-version.cmake
[16.033s] -- Installing: /home/jo/clearpath_ws/install/clearpath_generator_common/share/clearpath_generator_common/package.xml
[16.034s] Invoked command in '/home/jo/clearpath_ws/build/clearpath_generator_common' returned '0': AMENT_PREFIX_PATH=/home/jo/clearpath_ws/install/clearpath_manipulators:/home/jo/clearpath_ws/install/clearpath_description:/home/jo/clearpath_ws/install/clearpath_sensors_description:/home/jo/clearpath_ws/install/clearpath_platform_description:/home/jo/clearpath_ws/install/clearpath_mounts_description:/home/jo/clearpath_ws/install/clearpath_manipulators_description:/home/jo/clearpath_ws/install/clearpath_control:/home/jo/clearpath_ws/install/clearpath_config:${AMENT_PREFIX_PATH} CMAKE_PREFIX_PATH=/home/jo/clearpath_ws/install/clearpath_manipulators:/home/jo/clearpath_ws/install/clearpath_description:/home/jo/clearpath_ws/install/clearpath_sensors_description:/home/jo/clearpath_ws/install/clearpath_platform_description:/home/jo/clearpath_ws/install/clearpath_mounts_description:/home/jo/clearpath_ws/install/clearpath_manipulators_description:/home/jo/clearpath_ws/install/clearpath_control:/home/jo/TRG-planner-main/install/trg_planner_ros:/home/jo/myrobot_ws/install/go2_nav_pkg:/home/jo/ugv_husky_ws/install/ugv_nav4d_ros2:/home/jo/ugv_husky_ws/install/lidarslam:/home/jo/ugv_husky_ws/install/scanmatcher:/home/jo/ugv_husky_ws/install/graph_based_slam:/home/jo/ugv_husky_ws/install/ndt_omp_ros2:/home/jo/ugv_husky_ws/install/lidarslam_msgs:/home/jo/ugv_husky_ws/install/husky_ugv_nav4d_pkg:/home/jo/myrobot_ws/install/my_robot_pkg:/home/jo/myrobot_ws/install/go2_description:/home/jo/myrobot_ws/install/go2_config:/home/jo/myrobot_ws/install/champ_teleop:/home/jo/myrobot_ws/install/champ_navigation:/home/jo/myrobot_ws/install/champ_gazebo:/home/jo/myrobot_ws/install/champ_bringup:/home/jo/myrobot_ws/install/champ_base:/home/jo/myrobot_ws/install/champ_msgs:/home/jo/myrobot_ws/install/champ_description:/home/jo/myrobot_ws/install/champ_config:/home/jo/myrobot_ws/install/champ:/home/jo/ros2_ws/install/zed_ros2:/home/jo/ros2_ws/install/zed_robot_integration:/home/jo/ros2_ws/install/zed_ipc:/home/jo/ros2_ws/install/zed_multi_camera:/home/jo/ros2_ws/install/zed_isaac_ros_april_tag:/home/jo/ros2_ws/install/zed_display_rviz2:/home/jo/ros2_ws/install/zed_depth_to_laserscan:/home/jo/ros2_ws/install/zed_wrapper:/home/jo/ros2_ws/install/zed_tutorial_video:/home/jo/ros2_ws/install/zed_tutorial_pos_tracking:/home/jo/ros2_ws/install/zed_tutorial_depth:/home/jo/ros2_ws/install/zed_topic_benchmark:/home/jo/ros2_ws/install/zed_topic_benchmark_component:/home/jo/ros2_ws/install/zed_topic_benchmark_interfaces:/home/jo/ros2_ws/install/zed_rgb_convert:/home/jo/ros2_ws/install/zed_isaac_ros_nitros_sub:/home/jo/ros2_ws/install/zed_aruco_localization:/home/jo/ros2_ws/install/zed_components:/home/jo/ros2_ws/install/rviz_plugin_zed_od:/opt/ros/humble PYTHONPATH=/home/jo/clearpath_ws/install/clearpath_config/lib/python3.10/site-packages:${PYTHONPATH} /usr/bin/cmake --install /home/jo/clearpath_ws/build/clearpath_generator_common
