[0.202s] Invoking command in '/home/jo/clearpath_ws/build/clearpath_platform_msgs': CMAKE_PREFIX_PATH=${CMAKE_PREFIX_PATH}:/opt/ros/humble /usr/bin/cmake /home/jo/clearpath_ws/src/clearpath_msgs/clearpath_platform_msgs -DCMAKE_INSTALL_PREFIX=/home/jo/clearpath_ws/install/clearpath_platform_msgs
[0.242s] -- The C compiler identification is GNU 11.4.0
[0.285s] -- The CXX compiler identification is GNU 11.4.0
[0.292s] -- Detecting C compiler ABI info
[0.343s] -- Detecting C compiler ABI info - done
[0.350s] -- Check for working C compiler: /usr/bin/cc - skipped
[0.350s] -- Detecting C compile features
[0.351s] -- Detecting C compile features - done
[0.353s] -- Detecting CXX compiler ABI info
[0.411s] -- Detecting CXX compiler ABI info - done
[0.417s] -- Check for working CXX compiler: /usr/bin/c++ - skipped
[0.417s] -- Detecting CXX compile features
[0.417s] -- Detecting CXX compile features - done
[0.425s] -- Found ament_cmake: 1.3.12 (/opt/ros/humble/share/ament_cmake/cmake)
[0.763s] -- Found Python3: /usr/bin/python3 (found version "3.10.12") found components: Interpreter 
[0.914s] -- Found std_msgs: 4.9.0 (/opt/ros/humble/share/std_msgs/cmake)
[0.985s] -- Found rosidl_generator_c: 3.1.7 (/opt/ros/humble/share/rosidl_generator_c/cmake)
[1.000s] -- Found rosidl_adapter: 3.1.7 (/opt/ros/humble/share/rosidl_adapter/cmake)
[1.018s] -- Found rosidl_generator_cpp: 3.1.7 (/opt/ros/humble/share/rosidl_generator_cpp/cmake)
[1.039s] -- Using all available rosidl_typesupport_c: rosidl_typesupport_fastrtps_c;rosidl_typesupport_introspection_c
[1.067s] -- Using all available rosidl_typesupport_cpp: rosidl_typesupport_fastrtps_cpp;rosidl_typesupport_introspection_cpp
[1.106s] -- Found rosidl_default_generators: 1.2.0 (/opt/ros/humble/share/rosidl_default_generators/cmake)
[1.395s] -- Found ament_cmake_ros: 0.10.0 (/opt/ros/humble/share/ament_cmake_ros/cmake)
[1.693s] -- Using all available rosidl_typesupport_c: rosidl_typesupport_fastrtps_c;rosidl_typesupport_introspection_c
[1.805s] -- Using all available rosidl_typesupport_cpp: rosidl_typesupport_fastrtps_cpp;rosidl_typesupport_introspection_cpp
[1.825s] -- Found PythonInterp: /usr/bin/python3 (found suitable version "3.10.12", minimum required is "3.6") 
[1.831s] -- Found python_cmake_module: 0.10.0 (/opt/ros/humble/share/python_cmake_module/cmake)
[1.853s] -- Found PythonLibs: /usr/lib/x86_64-linux-gnu/libpython3.10.so (found suitable version "3.10.12", minimum required is "3.5") 
[1.853s] -- Using PYTHON_EXECUTABLE: /usr/bin/python3
[1.853s] -- Using PYTHON_INCLUDE_DIRS: /usr/include/python3.10
[1.853s] -- Using PYTHON_LIBRARIES: /usr/lib/x86_64-linux-gnu/libpython3.10.so
[1.870s] -- Found PythonExtra: .so  
[1.934s] -- Configuring done
[1.968s] -- Generating done
[1.977s] -- Build files have been written to: /home/jo/clearpath_ws/build/clearpath_platform_msgs
[1.982s] Invoked command in '/home/jo/clearpath_ws/build/clearpath_platform_msgs' returned '0': CMAKE_PREFIX_PATH=${CMAKE_PREFIX_PATH}:/opt/ros/humble /usr/bin/cmake /home/jo/clearpath_ws/src/clearpath_msgs/clearpath_platform_msgs -DCMAKE_INSTALL_PREFIX=/home/jo/clearpath_ws/install/clearpath_platform_msgs
[1.983s] Invoking command in '/home/jo/clearpath_ws/build/clearpath_platform_msgs': CMAKE_PREFIX_PATH=${CMAKE_PREFIX_PATH}:/opt/ros/humble /usr/bin/cmake --build /home/jo/clearpath_ws/build/clearpath_platform_msgs -- -j20 -l20
[2.012s] [  1%] [34m[1mGenerating C code for ROS interfaces[0m
[2.019s] [  1%] [34m[1mGenerating C++ code for ROS interfaces[0m
[2.024s] [  1%] Built target ament_cmake_python_copy_clearpath_platform_msgs
[2.206s] running egg_info
[2.222s] creating clearpath_platform_msgs.egg-info
[2.222s] writing clearpath_platform_msgs.egg-info/PKG-INFO
[2.222s] writing dependency_links to clearpath_platform_msgs.egg-info/dependency_links.txt
[2.222s] writing top-level names to clearpath_platform_msgs.egg-info/top_level.txt
[2.222s] writing manifest file 'clearpath_platform_msgs.egg-info/SOURCES.txt'
[2.267s] reading manifest file 'clearpath_platform_msgs.egg-info/SOURCES.txt'
[2.268s] writing manifest file 'clearpath_platform_msgs.egg-info/SOURCES.txt'
[2.290s] [  1%] Built target ament_cmake_python_build_clearpath_platform_msgs_egg
[3.416s] [  5%] [32mBuilding C object CMakeFiles/clearpath_platform_msgs__rosidl_generator_c.dir/rosidl_generator_c/clearpath_platform_msgs/msg/detail/fans__functions.c.o[0m
[3.416s] [  5%] [32mBuilding C object CMakeFiles/clearpath_platform_msgs__rosidl_generator_c.dir/rosidl_generator_c/clearpath_platform_msgs/msg/detail/drive__functions.c.o[0m
[3.417s] [  5%] [32mBuilding C object CMakeFiles/clearpath_platform_msgs__rosidl_generator_c.dir/rosidl_generator_c/clearpath_platform_msgs/msg/detail/feedback__functions.c.o[0m
[3.418s] [  6%] [32mBuilding C object CMakeFiles/clearpath_platform_msgs__rosidl_generator_c.dir/rosidl_generator_c/clearpath_platform_msgs/msg/detail/drive_feedback__functions.c.o[0m
[3.418s] [  6%] [32mBuilding C object CMakeFiles/clearpath_platform_msgs__rosidl_generator_c.dir/rosidl_generator_c/clearpath_platform_msgs/msg/detail/lights__functions.c.o[0m
[3.425s] [  9%] [32mBuilding C object CMakeFiles/clearpath_platform_msgs__rosidl_generator_c.dir/rosidl_generator_c/clearpath_platform_msgs/msg/detail/power__functions.c.o[0m
[3.425s] [ 10%] [32mBuilding C object CMakeFiles/clearpath_platform_msgs__rosidl_generator_c.dir/rosidl_generator_c/clearpath_platform_msgs/msg/detail/stop_status__functions.c.o[0m
[3.425s] [ 10%] [32mBuilding C object CMakeFiles/clearpath_platform_msgs__rosidl_generator_c.dir/rosidl_generator_c/clearpath_platform_msgs/msg/detail/status__functions.c.o[0m
[3.425s] [  9%] [32mBuilding C object CMakeFiles/clearpath_platform_msgs__rosidl_generator_c.dir/rosidl_generator_c/clearpath_platform_msgs/msg/detail/rgb__functions.c.o[0m
[3.429s] [ 11%] [32mBuilding C object CMakeFiles/clearpath_platform_msgs__rosidl_generator_c.dir/rosidl_generator_c/clearpath_platform_msgs/srv/detail/configure_mcu__functions.c.o[0m
[3.449s] [ 11%] Built target clearpath_platform_msgs__cpp
[3.463s] [ 12%] [34m[1mGenerating C++ introspection for ROS interfaces[0m
[3.463s] [ 13%] [34m[1mGenerating C++ type support for eProsima Fast-RTPS[0m
[3.467s] [ 14%] [34m[1mGenerating C++ type support dispatch for ROS interfaces[0m
[3.489s] [ 15%] [32m[1mLinking C shared library libclearpath_platform_msgs__rosidl_generator_c.so[0m
[3.521s] [ 15%] Built target clearpath_platform_msgs__rosidl_generator_c
[3.531s] [ 17%] [34m[1mGenerating C introspection for ROS interfaces[0m
[3.531s] [ 17%] [34m[1mGenerating C type support for eProsima Fast-RTPS[0m
[3.533s] [ 18%] [34m[1mGenerating C type support dispatch for ROS interfaces[0m
[4.408s] [ 23%] [32mBuilding CXX object CMakeFiles/clearpath_platform_msgs__rosidl_typesupport_cpp.dir/rosidl_typesupport_cpp/clearpath_platform_msgs/msg/drive__type_support.cpp.o[0m
[4.408s] [ 23%] [32mBuilding CXX object CMakeFiles/clearpath_platform_msgs__rosidl_typesupport_cpp.dir/rosidl_typesupport_cpp/clearpath_platform_msgs/msg/lights__type_support.cpp.o[0m
[4.408s] [ 23%] [32mBuilding CXX object CMakeFiles/clearpath_platform_msgs__rosidl_typesupport_cpp.dir/rosidl_typesupport_cpp/clearpath_platform_msgs/msg/drive_feedback__type_support.cpp.o[0m
[4.408s] [ 23%] [32mBuilding CXX object CMakeFiles/clearpath_platform_msgs__rosidl_typesupport_cpp.dir/rosidl_typesupport_cpp/clearpath_platform_msgs/msg/feedback__type_support.cpp.o[0m
[4.408s] [ 24%] [32mBuilding CXX object CMakeFiles/clearpath_platform_msgs__rosidl_typesupport_cpp.dir/rosidl_typesupport_cpp/clearpath_platform_msgs/msg/rgb__type_support.cpp.o[0m
[4.408s] [ 25%] [32mBuilding CXX object CMakeFiles/clearpath_platform_msgs__rosidl_typesupport_cpp.dir/rosidl_typesupport_cpp/clearpath_platform_msgs/msg/stop_status__type_support.cpp.o[0m
[4.409s] [ 27%] [32mBuilding CXX object CMakeFiles/clearpath_platform_msgs__rosidl_typesupport_cpp.dir/rosidl_typesupport_cpp/clearpath_platform_msgs/msg/status__type_support.cpp.o[0m
[4.409s] [ 27%] [32mBuilding CXX object CMakeFiles/clearpath_platform_msgs__rosidl_typesupport_cpp.dir/rosidl_typesupport_cpp/clearpath_platform_msgs/msg/power__type_support.cpp.o[0m
[4.409s] [ 28%] [32mBuilding CXX object CMakeFiles/clearpath_platform_msgs__rosidl_typesupport_cpp.dir/rosidl_typesupport_cpp/clearpath_platform_msgs/srv/configure_mcu__type_support.cpp.o[0m
[4.409s] [ 28%] [32mBuilding CXX object CMakeFiles/clearpath_platform_msgs__rosidl_typesupport_cpp.dir/rosidl_typesupport_cpp/clearpath_platform_msgs/msg/fans__type_support.cpp.o[0m
[4.730s] [ 29%] [32mBuilding CXX object CMakeFiles/clearpath_platform_msgs__rosidl_typesupport_c.dir/rosidl_typesupport_c/clearpath_platform_msgs/msg/drive__type_support.cpp.o[0m
[4.731s] [ 30%] [32mBuilding CXX object CMakeFiles/clearpath_platform_msgs__rosidl_typesupport_c.dir/rosidl_typesupport_c/clearpath_platform_msgs/msg/feedback__type_support.cpp.o[0m
[4.735s] [ 31%] [32mBuilding CXX object CMakeFiles/clearpath_platform_msgs__rosidl_typesupport_c.dir/rosidl_typesupport_c/clearpath_platform_msgs/msg/drive_feedback__type_support.cpp.o[0m
[4.739s] [ 33%] [32mBuilding CXX object CMakeFiles/clearpath_platform_msgs__rosidl_typesupport_c.dir/rosidl_typesupport_c/clearpath_platform_msgs/msg/power__type_support.cpp.o[0m
[4.739s] [ 33%] [32mBuilding CXX object CMakeFiles/clearpath_platform_msgs__rosidl_typesupport_c.dir/rosidl_typesupport_c/clearpath_platform_msgs/msg/fans__type_support.cpp.o[0m
[4.740s] [ 34%] [32mBuilding CXX object CMakeFiles/clearpath_platform_msgs__rosidl_typesupport_c.dir/rosidl_typesupport_c/clearpath_platform_msgs/msg/lights__type_support.cpp.o[0m
[4.745s] [ 35%] [32mBuilding CXX object CMakeFiles/clearpath_platform_msgs__rosidl_typesupport_c.dir/rosidl_typesupport_c/clearpath_platform_msgs/msg/rgb__type_support.cpp.o[0m
[4.747s] [ 37%] [32mBuilding CXX object CMakeFiles/clearpath_platform_msgs__rosidl_typesupport_c.dir/rosidl_typesupport_c/clearpath_platform_msgs/srv/configure_mcu__type_support.cpp.o[0m
[4.747s] [ 37%] [32mBuilding CXX object CMakeFiles/clearpath_platform_msgs__rosidl_typesupport_c.dir/rosidl_typesupport_c/clearpath_platform_msgs/msg/stop_status__type_support.cpp.o[0m
[4.747s] [ 37%] [32mBuilding CXX object CMakeFiles/clearpath_platform_msgs__rosidl_typesupport_c.dir/rosidl_typesupport_c/clearpath_platform_msgs/msg/status__type_support.cpp.o[0m
[4.752s] [ 38%] [32m[1mLinking CXX shared library libclearpath_platform_msgs__rosidl_typesupport_cpp.so[0m
[4.764s] [ 39%] [32mBuilding CXX object CMakeFiles/clearpath_platform_msgs__rosidl_typesupport_introspection_cpp.dir/rosidl_typesupport_introspection_cpp/clearpath_platform_msgs/msg/detail/drive__type_support.cpp.o[0m
[4.765s] [ 40%] [32mBuilding CXX object CMakeFiles/clearpath_platform_msgs__rosidl_typesupport_introspection_cpp.dir/rosidl_typesupport_introspection_cpp/clearpath_platform_msgs/msg/detail/fans__type_support.cpp.o[0m
[4.769s] [ 42%] [32mBuilding CXX object CMakeFiles/clearpath_platform_msgs__rosidl_typesupport_introspection_cpp.dir/rosidl_typesupport_introspection_cpp/clearpath_platform_msgs/msg/detail/feedback__type_support.cpp.o[0m
[4.769s] [ 42%] [32mBuilding CXX object CMakeFiles/clearpath_platform_msgs__rosidl_typesupport_introspection_cpp.dir/rosidl_typesupport_introspection_cpp/clearpath_platform_msgs/msg/detail/rgb__type_support.cpp.o[0m
[4.769s] [ 44%] [32mBuilding CXX object CMakeFiles/clearpath_platform_msgs__rosidl_typesupport_introspection_cpp.dir/rosidl_typesupport_introspection_cpp/clearpath_platform_msgs/msg/detail/power__type_support.cpp.o[0m
[4.769s] [ 44%] [32mBuilding CXX object CMakeFiles/clearpath_platform_msgs__rosidl_typesupport_introspection_cpp.dir/rosidl_typesupport_introspection_cpp/clearpath_platform_msgs/msg/detail/drive_feedback__type_support.cpp.o[0m
[4.775s] [ 46%] [32mBuilding CXX object CMakeFiles/clearpath_platform_msgs__rosidl_typesupport_introspection_cpp.dir/rosidl_typesupport_introspection_cpp/clearpath_platform_msgs/msg/detail/status__type_support.cpp.o[0m
[4.776s] [ 46%] [32mBuilding CXX object CMakeFiles/clearpath_platform_msgs__rosidl_typesupport_introspection_cpp.dir/rosidl_typesupport_introspection_cpp/clearpath_platform_msgs/msg/detail/stop_status__type_support.cpp.o[0m
[4.776s] [ 47%] [32mBuilding CXX object CMakeFiles/clearpath_platform_msgs__rosidl_typesupport_introspection_cpp.dir/rosidl_typesupport_introspection_cpp/clearpath_platform_msgs/srv/detail/configure_mcu__type_support.cpp.o[0m
[4.777s] [ 48%] [32mBuilding CXX object CMakeFiles/clearpath_platform_msgs__rosidl_typesupport_introspection_cpp.dir/rosidl_typesupport_introspection_cpp/clearpath_platform_msgs/msg/detail/lights__type_support.cpp.o[0m
[4.784s] [ 49%] [32m[1mLinking CXX shared library libclearpath_platform_msgs__rosidl_typesupport_c.so[0m
[4.823s] [ 49%] Built target clearpath_platform_msgs__rosidl_typesupport_cpp
[4.839s] [ 49%] Built target clearpath_platform_msgs__rosidl_typesupport_c
[4.848s] [ 50%] [32mBuilding CXX object CMakeFiles/clearpath_platform_msgs__rosidl_typesupport_fastrtps_c.dir/rosidl_typesupport_fastrtps_c/clearpath_platform_msgs/msg/detail/drive__type_support_c.cpp.o[0m
[4.849s] [ 51%] [32mBuilding CXX object CMakeFiles/clearpath_platform_msgs__rosidl_typesupport_fastrtps_c.dir/rosidl_typesupport_fastrtps_c/clearpath_platform_msgs/msg/detail/drive_feedback__type_support_c.cpp.o[0m
[4.850s] [ 52%] [32mBuilding CXX object CMakeFiles/clearpath_platform_msgs__rosidl_typesupport_fastrtps_c.dir/rosidl_typesupport_fastrtps_c/clearpath_platform_msgs/msg/detail/fans__type_support_c.cpp.o[0m
[4.858s] [ 53%] [32mBuilding CXX object CMakeFiles/clearpath_platform_msgs__rosidl_typesupport_fastrtps_c.dir/rosidl_typesupport_fastrtps_c/clearpath_platform_msgs/msg/detail/feedback__type_support_c.cpp.o[0m
[4.859s] [ 54%] [32mBuilding CXX object CMakeFiles/clearpath_platform_msgs__rosidl_typesupport_fastrtps_c.dir/rosidl_typesupport_fastrtps_c/clearpath_platform_msgs/msg/detail/lights__type_support_c.cpp.o[0m
[4.873s] [ 55%] [32mBuilding CXX object CMakeFiles/clearpath_platform_msgs__rosidl_typesupport_fastrtps_c.dir/rosidl_typesupport_fastrtps_c/clearpath_platform_msgs/msg/detail/power__type_support_c.cpp.o[0m
[4.882s] [ 56%] [32mBuilding CXX object CMakeFiles/clearpath_platform_msgs__rosidl_typesupport_fastrtps_cpp.dir/rosidl_typesupport_fastrtps_cpp/clearpath_platform_msgs/msg/detail/dds_fastrtps/drive__type_support.cpp.o[0m
[4.905s] [ 57%] [32mBuilding CXX object CMakeFiles/clearpath_platform_msgs__rosidl_typesupport_fastrtps_c.dir/rosidl_typesupport_fastrtps_c/clearpath_platform_msgs/msg/detail/rgb__type_support_c.cpp.o[0m
[4.908s] [ 58%] [32mBuilding CXX object CMakeFiles/clearpath_platform_msgs__rosidl_typesupport_fastrtps_c.dir/rosidl_typesupport_fastrtps_c/clearpath_platform_msgs/msg/detail/status__type_support_c.cpp.o[0m
[5.126s] [ 59%] [32mBuilding C object CMakeFiles/clearpath_platform_msgs__rosidl_typesupport_introspection_c.dir/rosidl_typesupport_introspection_c/clearpath_platform_msgs/msg/detail/drive__type_support.c.o[0m
[5.199s] [ 60%] [32mBuilding C object CMakeFiles/clearpath_platform_msgs__rosidl_typesupport_introspection_c.dir/rosidl_typesupport_introspection_c/clearpath_platform_msgs/msg/detail/drive_feedback__type_support.c.o[0m
[5.254s] [ 61%] [32mBuilding CXX object CMakeFiles/clearpath_platform_msgs__rosidl_typesupport_fastrtps_cpp.dir/rosidl_typesupport_fastrtps_cpp/clearpath_platform_msgs/msg/detail/dds_fastrtps/drive_feedback__type_support.cpp.o[0m
[5.261s] [ 62%] [32mBuilding C object CMakeFiles/clearpath_platform_msgs__rosidl_typesupport_introspection_c.dir/rosidl_typesupport_introspection_c/clearpath_platform_msgs/msg/detail/fans__type_support.c.o[0m
[5.271s] [ 63%] [32mBuilding C object CMakeFiles/clearpath_platform_msgs__rosidl_typesupport_introspection_c.dir/rosidl_typesupport_introspection_c/clearpath_platform_msgs/msg/detail/feedback__type_support.c.o[0m
[5.273s] [ 65%] [32mBuilding CXX object CMakeFiles/clearpath_platform_msgs__rosidl_typesupport_fastrtps_c.dir/rosidl_typesupport_fastrtps_c/clearpath_platform_msgs/msg/detail/stop_status__type_support_c.cpp.o[0m
[5.273s] [ 65%] [32mBuilding CXX object CMakeFiles/clearpath_platform_msgs__rosidl_typesupport_fastrtps_c.dir/rosidl_typesupport_fastrtps_c/clearpath_platform_msgs/srv/detail/configure_mcu__type_support_c.cpp.o[0m
[5.277s] [ 66%] [32mBuilding C object CMakeFiles/clearpath_platform_msgs__rosidl_typesupport_introspection_c.dir/rosidl_typesupport_introspection_c/clearpath_platform_msgs/msg/detail/lights__type_support.c.o[0m
[5.282s] [ 67%] [32mBuilding C object CMakeFiles/clearpath_platform_msgs__rosidl_typesupport_introspection_c.dir/rosidl_typesupport_introspection_c/clearpath_platform_msgs/msg/detail/power__type_support.c.o[0m
[5.292s] [ 68%] [32mBuilding C object CMakeFiles/clearpath_platform_msgs__rosidl_typesupport_introspection_c.dir/rosidl_typesupport_introspection_c/clearpath_platform_msgs/msg/detail/rgb__type_support.c.o[0m
[5.293s] [ 68%] [32mBuilding CXX object CMakeFiles/clearpath_platform_msgs__rosidl_typesupport_fastrtps_cpp.dir/rosidl_typesupport_fastrtps_cpp/clearpath_platform_msgs/msg/detail/dds_fastrtps/fans__type_support.cpp.o[0m
[5.303s] [ 69%] [32mBuilding C object CMakeFiles/clearpath_platform_msgs__rosidl_typesupport_introspection_c.dir/rosidl_typesupport_introspection_c/clearpath_platform_msgs/msg/detail/status__type_support.c.o[0m
[5.305s] [ 70%] [32mBuilding C object CMakeFiles/clearpath_platform_msgs__rosidl_typesupport_introspection_c.dir/rosidl_typesupport_introspection_c/clearpath_platform_msgs/msg/detail/stop_status__type_support.c.o[0m
[5.308s] [ 72%] [32mBuilding C object CMakeFiles/clearpath_platform_msgs__rosidl_typesupport_introspection_c.dir/rosidl_typesupport_introspection_c/clearpath_platform_msgs/srv/detail/configure_mcu__type_support.c.o[0m
[5.308s] [ 72%] [32mBuilding CXX object CMakeFiles/clearpath_platform_msgs__rosidl_typesupport_fastrtps_cpp.dir/rosidl_typesupport_fastrtps_cpp/clearpath_platform_msgs/msg/detail/dds_fastrtps/lights__type_support.cpp.o[0m
[5.323s] [ 73%] [32mBuilding CXX object CMakeFiles/clearpath_platform_msgs__rosidl_typesupport_fastrtps_cpp.dir/rosidl_typesupport_fastrtps_cpp/clearpath_platform_msgs/msg/detail/dds_fastrtps/feedback__type_support.cpp.o[0m
[5.324s] [ 75%] [32mBuilding CXX object CMakeFiles/clearpath_platform_msgs__rosidl_typesupport_fastrtps_cpp.dir/rosidl_typesupport_fastrtps_cpp/clearpath_platform_msgs/msg/detail/dds_fastrtps/power__type_support.cpp.o[0m
[5.324s] [ 75%] [32mBuilding CXX object CMakeFiles/clearpath_platform_msgs__rosidl_typesupport_fastrtps_cpp.dir/rosidl_typesupport_fastrtps_cpp/clearpath_platform_msgs/msg/detail/dds_fastrtps/rgb__type_support.cpp.o[0m
[5.324s] [ 76%] [32mBuilding CXX object CMakeFiles/clearpath_platform_msgs__rosidl_typesupport_fastrtps_cpp.dir/rosidl_typesupport_fastrtps_cpp/clearpath_platform_msgs/msg/detail/dds_fastrtps/status__type_support.cpp.o[0m
[5.324s] [ 77%] [32mBuilding CXX object CMakeFiles/clearpath_platform_msgs__rosidl_typesupport_fastrtps_cpp.dir/rosidl_typesupport_fastrtps_cpp/clearpath_platform_msgs/msg/detail/dds_fastrtps/stop_status__type_support.cpp.o[0m
[5.324s] [ 78%] [32mBuilding CXX object CMakeFiles/clearpath_platform_msgs__rosidl_typesupport_fastrtps_cpp.dir/rosidl_typesupport_fastrtps_cpp/clearpath_platform_msgs/srv/detail/dds_fastrtps/configure_mcu__type_support.cpp.o[0m
[5.344s] [ 79%] [32m[1mLinking CXX shared library libclearpath_platform_msgs__rosidl_typesupport_introspection_cpp.so[0m
[5.361s] [ 80%] [32m[1mLinking C shared library libclearpath_platform_msgs__rosidl_typesupport_introspection_c.so[0m
[5.402s] [ 80%] Built target clearpath_platform_msgs__rosidl_typesupport_introspection_c
[5.427s] [ 80%] Built target clearpath_platform_msgs__rosidl_typesupport_introspection_cpp
[5.728s] [ 81%] [32m[1mLinking CXX shared library libclearpath_platform_msgs__rosidl_typesupport_fastrtps_c.so[0m
[5.763s] [ 82%] [32m[1mLinking CXX shared library libclearpath_platform_msgs__rosidl_typesupport_fastrtps_cpp.so[0m
[5.782s] [ 82%] Built target clearpath_platform_msgs__rosidl_typesupport_fastrtps_c
[5.819s] [ 82%] Built target clearpath_platform_msgs__rosidl_typesupport_fastrtps_cpp
[5.832s] [ 82%] Built target clearpath_platform_msgs
[5.846s] [ 83%] [34m[1mGenerating Python code for ROS interfaces[0m
[7.800s] [ 83%] Built target clearpath_platform_msgs__py
[7.816s] [ 87%] [32mBuilding C object CMakeFiles/clearpath_platform_msgs__rosidl_generator_py.dir/rosidl_generator_py/clearpath_platform_msgs/msg/_drive_feedback_s.c.o[0m
[7.817s] [ 87%] [32mBuilding C object CMakeFiles/clearpath_platform_msgs__rosidl_generator_py.dir/rosidl_generator_py/clearpath_platform_msgs/msg/_feedback_s.c.o[0m
[7.817s] [ 87%] [32mBuilding C object CMakeFiles/clearpath_platform_msgs__rosidl_generator_py.dir/rosidl_generator_py/clearpath_platform_msgs/msg/_fans_s.c.o[0m
[7.817s] [ 87%] [32mBuilding C object CMakeFiles/clearpath_platform_msgs__rosidl_generator_py.dir/rosidl_generator_py/clearpath_platform_msgs/msg/_lights_s.c.o[0m
[7.817s] [ 89%] [32mBuilding C object CMakeFiles/clearpath_platform_msgs__rosidl_generator_py.dir/rosidl_generator_py/clearpath_platform_msgs/msg/_power_s.c.o[0m
[7.817s] [ 89%] [32mBuilding C object CMakeFiles/clearpath_platform_msgs__rosidl_generator_py.dir/rosidl_generator_py/clearpath_platform_msgs/msg/_rgb_s.c.o[0m
[7.817s] [ 90%] [32mBuilding C object CMakeFiles/clearpath_platform_msgs__rosidl_generator_py.dir/rosidl_generator_py/clearpath_platform_msgs/msg/_stop_status_s.c.o[0m
[7.817s] [ 91%] [32mBuilding C object CMakeFiles/clearpath_platform_msgs__rosidl_generator_py.dir/rosidl_generator_py/clearpath_platform_msgs/srv/_configure_mcu_s.c.o[0m
[7.817s] [ 92%] [32mBuilding C object CMakeFiles/clearpath_platform_msgs__rosidl_generator_py.dir/rosidl_generator_py/clearpath_platform_msgs/msg/_drive_s.c.o[0m
[7.818s] [ 93%] [32mBuilding C object CMakeFiles/clearpath_platform_msgs__rosidl_generator_py.dir/rosidl_generator_py/clearpath_platform_msgs/msg/_status_s.c.o[0m
[7.947s] [ 94%] [32m[1mLinking C shared library rosidl_generator_py/clearpath_platform_msgs/libclearpath_platform_msgs__rosidl_generator_py.so[0m
[8.089s] [ 94%] Built target clearpath_platform_msgs__rosidl_generator_py
[8.106s] [ 97%] [32mBuilding C object CMakeFiles/clearpath_platform_msgs__rosidl_typesupport_introspection_c__pyext.dir/rosidl_generator_py/clearpath_platform_msgs/_clearpath_platform_msgs_s.ep.rosidl_typesupport_introspection_c.c.o[0m
[8.106s] [ 97%] [32mBuilding C object CMakeFiles/clearpath_platform_msgs__rosidl_typesupport_fastrtps_c__pyext.dir/rosidl_generator_py/clearpath_platform_msgs/_clearpath_platform_msgs_s.ep.rosidl_typesupport_fastrtps_c.c.o[0m
[8.106s] [ 97%] [32mBuilding C object CMakeFiles/clearpath_platform_msgs__rosidl_typesupport_c__pyext.dir/rosidl_generator_py/clearpath_platform_msgs/_clearpath_platform_msgs_s.ep.rosidl_typesupport_c.c.o[0m
[8.209s] [100%] [32m[1mLinking C shared library rosidl_generator_py/clearpath_platform_msgs/clearpath_platform_msgs_s__rosidl_typesupport_c.cpython-310-x86_64-linux-gnu.so[0m
[8.209s] [100%] [32m[1mLinking C shared library rosidl_generator_py/clearpath_platform_msgs/clearpath_platform_msgs_s__rosidl_typesupport_fastrtps_c.cpython-310-x86_64-linux-gnu.so[0m
[8.209s] [100%] [32m[1mLinking C shared library rosidl_generator_py/clearpath_platform_msgs/clearpath_platform_msgs_s__rosidl_typesupport_introspection_c.cpython-310-x86_64-linux-gnu.so[0m
[8.267s] [100%] Built target clearpath_platform_msgs__rosidl_typesupport_c__pyext
[8.268s] [100%] Built target clearpath_platform_msgs__rosidl_typesupport_fastrtps_c__pyext
[8.268s] [100%] Built target clearpath_platform_msgs__rosidl_typesupport_introspection_c__pyext
[8.277s] Invoked command in '/home/jo/clearpath_ws/build/clearpath_platform_msgs' returned '0': CMAKE_PREFIX_PATH=${CMAKE_PREFIX_PATH}:/opt/ros/humble /usr/bin/cmake --build /home/jo/clearpath_ws/build/clearpath_platform_msgs -- -j20 -l20
[8.278s] Invoking command in '/home/jo/clearpath_ws/build/clearpath_platform_msgs': CMAKE_PREFIX_PATH=${CMAKE_PREFIX_PATH}:/opt/ros/humble /usr/bin/cmake --install /home/jo/clearpath_ws/build/clearpath_platform_msgs
[8.283s] -- Install configuration: ""
[8.283s] -- Installing: /home/jo/clearpath_ws/install/clearpath_platform_msgs/share/ament_index/resource_index/rosidl_interfaces/clearpath_platform_msgs
[8.283s] -- Installing: /home/jo/clearpath_ws/install/clearpath_platform_msgs/include/clearpath_platform_msgs/clearpath_platform_msgs
[8.283s] -- Installing: /home/jo/clearpath_ws/install/clearpath_platform_msgs/include/clearpath_platform_msgs/clearpath_platform_msgs/msg
[8.283s] -- Installing: /home/jo/clearpath_ws/install/clearpath_platform_msgs/include/clearpath_platform_msgs/clearpath_platform_msgs/msg/status.h
[8.283s] -- Installing: /home/jo/clearpath_ws/install/clearpath_platform_msgs/include/clearpath_platform_msgs/clearpath_platform_msgs/msg/lights.h
[8.283s] -- Installing: /home/jo/clearpath_ws/install/clearpath_platform_msgs/include/clearpath_platform_msgs/clearpath_platform_msgs/msg/rosidl_generator_c__visibility_control.h
[8.283s] -- Installing: /home/jo/clearpath_ws/install/clearpath_platform_msgs/include/clearpath_platform_msgs/clearpath_platform_msgs/msg/stop_status.h
[8.283s] -- Installing: /home/jo/clearpath_ws/install/clearpath_platform_msgs/include/clearpath_platform_msgs/clearpath_platform_msgs/msg/power.h
[8.283s] -- Installing: /home/jo/clearpath_ws/install/clearpath_platform_msgs/include/clearpath_platform_msgs/clearpath_platform_msgs/msg/rgb.h
[8.284s] -- Installing: /home/jo/clearpath_ws/install/clearpath_platform_msgs/include/clearpath_platform_msgs/clearpath_platform_msgs/msg/fans.h
[8.284s] -- Installing: /home/jo/clearpath_ws/install/clearpath_platform_msgs/include/clearpath_platform_msgs/clearpath_platform_msgs/msg/drive.h
[8.284s] -- Installing: /home/jo/clearpath_ws/install/clearpath_platform_msgs/include/clearpath_platform_msgs/clearpath_platform_msgs/msg/drive_feedback.h
[8.284s] -- Installing: /home/jo/clearpath_ws/install/clearpath_platform_msgs/include/clearpath_platform_msgs/clearpath_platform_msgs/msg/detail
[8.284s] -- Installing: /home/jo/clearpath_ws/install/clearpath_platform_msgs/include/clearpath_platform_msgs/clearpath_platform_msgs/msg/detail/drive__struct.h
[8.284s] -- Installing: /home/jo/clearpath_ws/install/clearpath_platform_msgs/include/clearpath_platform_msgs/clearpath_platform_msgs/msg/detail/rgb__functions.c
[8.284s] -- Installing: /home/jo/clearpath_ws/install/clearpath_platform_msgs/include/clearpath_platform_msgs/clearpath_platform_msgs/msg/detail/drive_feedback__type_support.h
[8.284s] -- Installing: /home/jo/clearpath_ws/install/clearpath_platform_msgs/include/clearpath_platform_msgs/clearpath_platform_msgs/msg/detail/feedback__functions.h
[8.284s] -- Installing: /home/jo/clearpath_ws/install/clearpath_platform_msgs/include/clearpath_platform_msgs/clearpath_platform_msgs/msg/detail/status__type_support.h
[8.284s] -- Installing: /home/jo/clearpath_ws/install/clearpath_platform_msgs/include/clearpath_platform_msgs/clearpath_platform_msgs/msg/detail/feedback__functions.c
[8.284s] -- Installing: /home/jo/clearpath_ws/install/clearpath_platform_msgs/include/clearpath_platform_msgs/clearpath_platform_msgs/msg/detail/fans__type_support.h
[8.284s] -- Installing: /home/jo/clearpath_ws/install/clearpath_platform_msgs/include/clearpath_platform_msgs/clearpath_platform_msgs/msg/detail/drive__functions.h
[8.284s] -- Installing: /home/jo/clearpath_ws/install/clearpath_platform_msgs/include/clearpath_platform_msgs/clearpath_platform_msgs/msg/detail/fans__functions.c
[8.284s] -- Installing: /home/jo/clearpath_ws/install/clearpath_platform_msgs/include/clearpath_platform_msgs/clearpath_platform_msgs/msg/detail/power__functions.c
[8.284s] -- Installing: /home/jo/clearpath_ws/install/clearpath_platform_msgs/include/clearpath_platform_msgs/clearpath_platform_msgs/msg/detail/fans__functions.h
[8.284s] -- Installing: /home/jo/clearpath_ws/install/clearpath_platform_msgs/include/clearpath_platform_msgs/clearpath_platform_msgs/msg/detail/stop_status__functions.c
[8.284s] -- Installing: /home/jo/clearpath_ws/install/clearpath_platform_msgs/include/clearpath_platform_msgs/clearpath_platform_msgs/msg/detail/rgb__type_support.h
[8.284s] -- Installing: /home/jo/clearpath_ws/install/clearpath_platform_msgs/include/clearpath_platform_msgs/clearpath_platform_msgs/msg/detail/drive__functions.c
[8.285s] -- Installing: /home/jo/clearpath_ws/install/clearpath_platform_msgs/include/clearpath_platform_msgs/clearpath_platform_msgs/msg/detail/fans__struct.h
[8.285s] -- Installing: /home/jo/clearpath_ws/install/clearpath_platform_msgs/include/clearpath_platform_msgs/clearpath_platform_msgs/msg/detail/stop_status__type_support.h
[8.285s] -- Installing: /home/jo/clearpath_ws/install/clearpath_platform_msgs/include/clearpath_platform_msgs/clearpath_platform_msgs/msg/detail/status__functions.c
[8.285s] -- Installing: /home/jo/clearpath_ws/install/clearpath_platform_msgs/include/clearpath_platform_msgs/clearpath_platform_msgs/msg/detail/drive__type_support.h
[8.285s] -- Installing: /home/jo/clearpath_ws/install/clearpath_platform_msgs/include/clearpath_platform_msgs/clearpath_platform_msgs/msg/detail/stop_status__functions.h
[8.285s] -- Installing: /home/jo/clearpath_ws/install/clearpath_platform_msgs/include/clearpath_platform_msgs/clearpath_platform_msgs/msg/detail/lights__functions.c
[8.285s] -- Installing: /home/jo/clearpath_ws/install/clearpath_platform_msgs/include/clearpath_platform_msgs/clearpath_platform_msgs/msg/detail/lights__struct.h
[8.285s] -- Installing: /home/jo/clearpath_ws/install/clearpath_platform_msgs/include/clearpath_platform_msgs/clearpath_platform_msgs/msg/detail/power__type_support.h
[8.285s] -- Installing: /home/jo/clearpath_ws/install/clearpath_platform_msgs/include/clearpath_platform_msgs/clearpath_platform_msgs/msg/detail/status__struct.h
[8.285s] -- Installing: /home/jo/clearpath_ws/install/clearpath_platform_msgs/include/clearpath_platform_msgs/clearpath_platform_msgs/msg/detail/drive_feedback__struct.h
[8.285s] -- Installing: /home/jo/clearpath_ws/install/clearpath_platform_msgs/include/clearpath_platform_msgs/clearpath_platform_msgs/msg/detail/stop_status__struct.h
[8.285s] -- Installing: /home/jo/clearpath_ws/install/clearpath_platform_msgs/include/clearpath_platform_msgs/clearpath_platform_msgs/msg/detail/drive_feedback__functions.c
[8.285s] -- Installing: /home/jo/clearpath_ws/install/clearpath_platform_msgs/include/clearpath_platform_msgs/clearpath_platform_msgs/msg/detail/rgb__functions.h
[8.285s] -- Installing: /home/jo/clearpath_ws/install/clearpath_platform_msgs/include/clearpath_platform_msgs/clearpath_platform_msgs/msg/detail/feedback__struct.h
[8.285s] -- Installing: /home/jo/clearpath_ws/install/clearpath_platform_msgs/include/clearpath_platform_msgs/clearpath_platform_msgs/msg/detail/lights__type_support.h
[8.285s] -- Installing: /home/jo/clearpath_ws/install/clearpath_platform_msgs/include/clearpath_platform_msgs/clearpath_platform_msgs/msg/detail/lights__functions.h
[8.285s] -- Installing: /home/jo/clearpath_ws/install/clearpath_platform_msgs/include/clearpath_platform_msgs/clearpath_platform_msgs/msg/detail/power__struct.h
[8.285s] -- Installing: /home/jo/clearpath_ws/install/clearpath_platform_msgs/include/clearpath_platform_msgs/clearpath_platform_msgs/msg/detail/power__functions.h
[8.285s] -- Installing: /home/jo/clearpath_ws/install/clearpath_platform_msgs/include/clearpath_platform_msgs/clearpath_platform_msgs/msg/detail/drive_feedback__functions.h
[8.286s] -- Installing: /home/jo/clearpath_ws/install/clearpath_platform_msgs/include/clearpath_platform_msgs/clearpath_platform_msgs/msg/detail/feedback__type_support.h
[8.286s] -- Installing: /home/jo/clearpath_ws/install/clearpath_platform_msgs/include/clearpath_platform_msgs/clearpath_platform_msgs/msg/detail/rgb__struct.h
[8.286s] -- Installing: /home/jo/clearpath_ws/install/clearpath_platform_msgs/include/clearpath_platform_msgs/clearpath_platform_msgs/msg/detail/status__functions.h
[8.286s] -- Installing: /home/jo/clearpath_ws/install/clearpath_platform_msgs/include/clearpath_platform_msgs/clearpath_platform_msgs/msg/feedback.h
[8.286s] -- Installing: /home/jo/clearpath_ws/install/clearpath_platform_msgs/include/clearpath_platform_msgs/clearpath_platform_msgs/srv
[8.286s] -- Installing: /home/jo/clearpath_ws/install/clearpath_platform_msgs/include/clearpath_platform_msgs/clearpath_platform_msgs/srv/configure_mcu.h
[8.286s] -- Installing: /home/jo/clearpath_ws/install/clearpath_platform_msgs/include/clearpath_platform_msgs/clearpath_platform_msgs/srv/detail
[8.286s] -- Installing: /home/jo/clearpath_ws/install/clearpath_platform_msgs/include/clearpath_platform_msgs/clearpath_platform_msgs/srv/detail/configure_mcu__functions.c
[8.286s] -- Installing: /home/jo/clearpath_ws/install/clearpath_platform_msgs/include/clearpath_platform_msgs/clearpath_platform_msgs/srv/detail/configure_mcu__type_support.h
[8.286s] -- Installing: /home/jo/clearpath_ws/install/clearpath_platform_msgs/include/clearpath_platform_msgs/clearpath_platform_msgs/srv/detail/configure_mcu__functions.h
[8.286s] -- Installing: /home/jo/clearpath_ws/install/clearpath_platform_msgs/include/clearpath_platform_msgs/clearpath_platform_msgs/srv/detail/configure_mcu__struct.h
[8.286s] -- Installing: /home/jo/clearpath_ws/install/clearpath_platform_msgs/share/clearpath_platform_msgs/environment/library_path.sh
[8.286s] -- Installing: /home/jo/clearpath_ws/install/clearpath_platform_msgs/share/clearpath_platform_msgs/environment/library_path.dsv
[8.286s] -- Installing: /home/jo/clearpath_ws/install/clearpath_platform_msgs/lib/libclearpath_platform_msgs__rosidl_generator_c.so
[8.286s] -- Set runtime path of "/home/jo/clearpath_ws/install/clearpath_platform_msgs/lib/libclearpath_platform_msgs__rosidl_generator_c.so" to ""
[8.287s] -- Up-to-date: /home/jo/clearpath_ws/install/clearpath_platform_msgs/include/clearpath_platform_msgs/clearpath_platform_msgs
[8.287s] -- Up-to-date: /home/jo/clearpath_ws/install/clearpath_platform_msgs/include/clearpath_platform_msgs/clearpath_platform_msgs/msg
[8.287s] -- Installing: /home/jo/clearpath_ws/install/clearpath_platform_msgs/include/clearpath_platform_msgs/clearpath_platform_msgs/msg/rosidl_typesupport_fastrtps_c__visibility_control.h
[8.287s] -- Up-to-date: /home/jo/clearpath_ws/install/clearpath_platform_msgs/include/clearpath_platform_msgs/clearpath_platform_msgs/msg/detail
[8.287s] -- Installing: /home/jo/clearpath_ws/install/clearpath_platform_msgs/include/clearpath_platform_msgs/clearpath_platform_msgs/msg/detail/feedback__rosidl_typesupport_fastrtps_c.h
[8.287s] -- Installing: /home/jo/clearpath_ws/install/clearpath_platform_msgs/include/clearpath_platform_msgs/clearpath_platform_msgs/msg/detail/status__rosidl_typesupport_fastrtps_c.h
[8.287s] -- Installing: /home/jo/clearpath_ws/install/clearpath_platform_msgs/include/clearpath_platform_msgs/clearpath_platform_msgs/msg/detail/fans__rosidl_typesupport_fastrtps_c.h
[8.287s] -- Installing: /home/jo/clearpath_ws/install/clearpath_platform_msgs/include/clearpath_platform_msgs/clearpath_platform_msgs/msg/detail/power__rosidl_typesupport_fastrtps_c.h
[8.287s] -- Installing: /home/jo/clearpath_ws/install/clearpath_platform_msgs/include/clearpath_platform_msgs/clearpath_platform_msgs/msg/detail/drive__rosidl_typesupport_fastrtps_c.h
[8.287s] -- Installing: /home/jo/clearpath_ws/install/clearpath_platform_msgs/include/clearpath_platform_msgs/clearpath_platform_msgs/msg/detail/drive_feedback__rosidl_typesupport_fastrtps_c.h
[8.287s] -- Installing: /home/jo/clearpath_ws/install/clearpath_platform_msgs/include/clearpath_platform_msgs/clearpath_platform_msgs/msg/detail/lights__rosidl_typesupport_fastrtps_c.h
[8.287s] -- Installing: /home/jo/clearpath_ws/install/clearpath_platform_msgs/include/clearpath_platform_msgs/clearpath_platform_msgs/msg/detail/stop_status__rosidl_typesupport_fastrtps_c.h
[8.287s] -- Installing: /home/jo/clearpath_ws/install/clearpath_platform_msgs/include/clearpath_platform_msgs/clearpath_platform_msgs/msg/detail/rgb__rosidl_typesupport_fastrtps_c.h
[8.287s] -- Up-to-date: /home/jo/clearpath_ws/install/clearpath_platform_msgs/include/clearpath_platform_msgs/clearpath_platform_msgs/srv
[8.287s] -- Up-to-date: /home/jo/clearpath_ws/install/clearpath_platform_msgs/include/clearpath_platform_msgs/clearpath_platform_msgs/srv/detail
[8.287s] -- Installing: /home/jo/clearpath_ws/install/clearpath_platform_msgs/include/clearpath_platform_msgs/clearpath_platform_msgs/srv/detail/configure_mcu__rosidl_typesupport_fastrtps_c.h
[8.287s] -- Installing: /home/jo/clearpath_ws/install/clearpath_platform_msgs/lib/libclearpath_platform_msgs__rosidl_typesupport_fastrtps_c.so
[8.287s] -- Set runtime path of "/home/jo/clearpath_ws/install/clearpath_platform_msgs/lib/libclearpath_platform_msgs__rosidl_typesupport_fastrtps_c.so" to ""
[8.288s] -- Up-to-date: /home/jo/clearpath_ws/install/clearpath_platform_msgs/include/clearpath_platform_msgs/clearpath_platform_msgs
[8.288s] -- Up-to-date: /home/jo/clearpath_ws/install/clearpath_platform_msgs/include/clearpath_platform_msgs/clearpath_platform_msgs/msg
[8.288s] -- Installing: /home/jo/clearpath_ws/install/clearpath_platform_msgs/include/clearpath_platform_msgs/clearpath_platform_msgs/msg/drive_feedback.hpp
[8.288s] -- Installing: /home/jo/clearpath_ws/install/clearpath_platform_msgs/include/clearpath_platform_msgs/clearpath_platform_msgs/msg/rosidl_generator_cpp__visibility_control.hpp
[8.288s] -- Installing: /home/jo/clearpath_ws/install/clearpath_platform_msgs/include/clearpath_platform_msgs/clearpath_platform_msgs/msg/power.hpp
[8.288s] -- Installing: /home/jo/clearpath_ws/install/clearpath_platform_msgs/include/clearpath_platform_msgs/clearpath_platform_msgs/msg/feedback.hpp
[8.288s] -- Installing: /home/jo/clearpath_ws/install/clearpath_platform_msgs/include/clearpath_platform_msgs/clearpath_platform_msgs/msg/status.hpp
[8.288s] -- Installing: /home/jo/clearpath_ws/install/clearpath_platform_msgs/include/clearpath_platform_msgs/clearpath_platform_msgs/msg/fans.hpp
[8.288s] -- Installing: /home/jo/clearpath_ws/install/clearpath_platform_msgs/include/clearpath_platform_msgs/clearpath_platform_msgs/msg/stop_status.hpp
[8.288s] -- Installing: /home/jo/clearpath_ws/install/clearpath_platform_msgs/include/clearpath_platform_msgs/clearpath_platform_msgs/msg/lights.hpp
[8.288s] -- Installing: /home/jo/clearpath_ws/install/clearpath_platform_msgs/include/clearpath_platform_msgs/clearpath_platform_msgs/msg/drive.hpp
[8.288s] -- Installing: /home/jo/clearpath_ws/install/clearpath_platform_msgs/include/clearpath_platform_msgs/clearpath_platform_msgs/msg/rgb.hpp
[8.288s] -- Up-to-date: /home/jo/clearpath_ws/install/clearpath_platform_msgs/include/clearpath_platform_msgs/clearpath_platform_msgs/msg/detail
[8.288s] -- Installing: /home/jo/clearpath_ws/install/clearpath_platform_msgs/include/clearpath_platform_msgs/clearpath_platform_msgs/msg/detail/rgb__struct.hpp
[8.288s] -- Installing: /home/jo/clearpath_ws/install/clearpath_platform_msgs/include/clearpath_platform_msgs/clearpath_platform_msgs/msg/detail/stop_status__struct.hpp
[8.288s] -- Installing: /home/jo/clearpath_ws/install/clearpath_platform_msgs/include/clearpath_platform_msgs/clearpath_platform_msgs/msg/detail/drive__struct.hpp
[8.288s] -- Installing: /home/jo/clearpath_ws/install/clearpath_platform_msgs/include/clearpath_platform_msgs/clearpath_platform_msgs/msg/detail/status__struct.hpp
[8.288s] -- Installing: /home/jo/clearpath_ws/install/clearpath_platform_msgs/include/clearpath_platform_msgs/clearpath_platform_msgs/msg/detail/feedback__traits.hpp
[8.288s] -- Installing: /home/jo/clearpath_ws/install/clearpath_platform_msgs/include/clearpath_platform_msgs/clearpath_platform_msgs/msg/detail/drive__builder.hpp
[8.289s] -- Installing: /home/jo/clearpath_ws/install/clearpath_platform_msgs/include/clearpath_platform_msgs/clearpath_platform_msgs/msg/detail/status__type_support.hpp
[8.289s] -- Installing: /home/jo/clearpath_ws/install/clearpath_platform_msgs/include/clearpath_platform_msgs/clearpath_platform_msgs/msg/detail/status__traits.hpp
[8.289s] -- Installing: /home/jo/clearpath_ws/install/clearpath_platform_msgs/include/clearpath_platform_msgs/clearpath_platform_msgs/msg/detail/feedback__struct.hpp
[8.289s] -- Installing: /home/jo/clearpath_ws/install/clearpath_platform_msgs/include/clearpath_platform_msgs/clearpath_platform_msgs/msg/detail/rgb__traits.hpp
[8.289s] -- Installing: /home/jo/clearpath_ws/install/clearpath_platform_msgs/include/clearpath_platform_msgs/clearpath_platform_msgs/msg/detail/drive_feedback__builder.hpp
[8.289s] -- Installing: /home/jo/clearpath_ws/install/clearpath_platform_msgs/include/clearpath_platform_msgs/clearpath_platform_msgs/msg/detail/drive_feedback__type_support.hpp
[8.289s] -- Installing: /home/jo/clearpath_ws/install/clearpath_platform_msgs/include/clearpath_platform_msgs/clearpath_platform_msgs/msg/detail/rgb__builder.hpp
[8.289s] -- Installing: /home/jo/clearpath_ws/install/clearpath_platform_msgs/include/clearpath_platform_msgs/clearpath_platform_msgs/msg/detail/stop_status__type_support.hpp
[8.289s] -- Installing: /home/jo/clearpath_ws/install/clearpath_platform_msgs/include/clearpath_platform_msgs/clearpath_platform_msgs/msg/detail/drive_feedback__struct.hpp
[8.289s] -- Installing: /home/jo/clearpath_ws/install/clearpath_platform_msgs/include/clearpath_platform_msgs/clearpath_platform_msgs/msg/detail/fans__builder.hpp
[8.289s] -- Installing: /home/jo/clearpath_ws/install/clearpath_platform_msgs/include/clearpath_platform_msgs/clearpath_platform_msgs/msg/detail/feedback__builder.hpp
[8.289s] -- Installing: /home/jo/clearpath_ws/install/clearpath_platform_msgs/include/clearpath_platform_msgs/clearpath_platform_msgs/msg/detail/lights__builder.hpp
[8.289s] -- Installing: /home/jo/clearpath_ws/install/clearpath_platform_msgs/include/clearpath_platform_msgs/clearpath_platform_msgs/msg/detail/fans__type_support.hpp
[8.289s] -- Installing: /home/jo/clearpath_ws/install/clearpath_platform_msgs/include/clearpath_platform_msgs/clearpath_platform_msgs/msg/detail/feedback__type_support.hpp
[8.289s] -- Installing: /home/jo/clearpath_ws/install/clearpath_platform_msgs/include/clearpath_platform_msgs/clearpath_platform_msgs/msg/detail/lights__traits.hpp
[8.289s] -- Installing: /home/jo/clearpath_ws/install/clearpath_platform_msgs/include/clearpath_platform_msgs/clearpath_platform_msgs/msg/detail/power__builder.hpp
[8.289s] -- Installing: /home/jo/clearpath_ws/install/clearpath_platform_msgs/include/clearpath_platform_msgs/clearpath_platform_msgs/msg/detail/power__traits.hpp
[8.289s] -- Installing: /home/jo/clearpath_ws/install/clearpath_platform_msgs/include/clearpath_platform_msgs/clearpath_platform_msgs/msg/detail/stop_status__traits.hpp
[8.289s] -- Installing: /home/jo/clearpath_ws/install/clearpath_platform_msgs/include/clearpath_platform_msgs/clearpath_platform_msgs/msg/detail/status__builder.hpp
[8.290s] -- Installing: /home/jo/clearpath_ws/install/clearpath_platform_msgs/include/clearpath_platform_msgs/clearpath_platform_msgs/msg/detail/stop_status__builder.hpp
[8.290s] -- Installing: /home/jo/clearpath_ws/install/clearpath_platform_msgs/include/clearpath_platform_msgs/clearpath_platform_msgs/msg/detail/power__struct.hpp
[8.290s] -- Installing: /home/jo/clearpath_ws/install/clearpath_platform_msgs/include/clearpath_platform_msgs/clearpath_platform_msgs/msg/detail/drive_feedback__traits.hpp
[8.290s] -- Installing: /home/jo/clearpath_ws/install/clearpath_platform_msgs/include/clearpath_platform_msgs/clearpath_platform_msgs/msg/detail/fans__struct.hpp
[8.290s] -- Installing: /home/jo/clearpath_ws/install/clearpath_platform_msgs/include/clearpath_platform_msgs/clearpath_platform_msgs/msg/detail/drive__traits.hpp
[8.290s] -- Installing: /home/jo/clearpath_ws/install/clearpath_platform_msgs/include/clearpath_platform_msgs/clearpath_platform_msgs/msg/detail/lights__struct.hpp
[8.290s] -- Installing: /home/jo/clearpath_ws/install/clearpath_platform_msgs/include/clearpath_platform_msgs/clearpath_platform_msgs/msg/detail/lights__type_support.hpp
[8.290s] -- Installing: /home/jo/clearpath_ws/install/clearpath_platform_msgs/include/clearpath_platform_msgs/clearpath_platform_msgs/msg/detail/fans__traits.hpp
[8.290s] -- Installing: /home/jo/clearpath_ws/install/clearpath_platform_msgs/include/clearpath_platform_msgs/clearpath_platform_msgs/msg/detail/rgb__type_support.hpp
[8.290s] -- Installing: /home/jo/clearpath_ws/install/clearpath_platform_msgs/include/clearpath_platform_msgs/clearpath_platform_msgs/msg/detail/drive__type_support.hpp
[8.290s] -- Installing: /home/jo/clearpath_ws/install/clearpath_platform_msgs/include/clearpath_platform_msgs/clearpath_platform_msgs/msg/detail/power__type_support.hpp
[8.290s] -- Up-to-date: /home/jo/clearpath_ws/install/clearpath_platform_msgs/include/clearpath_platform_msgs/clearpath_platform_msgs/srv
[8.290s] -- Installing: /home/jo/clearpath_ws/install/clearpath_platform_msgs/include/clearpath_platform_msgs/clearpath_platform_msgs/srv/configure_mcu.hpp
[8.290s] -- Up-to-date: /home/jo/clearpath_ws/install/clearpath_platform_msgs/include/clearpath_platform_msgs/clearpath_platform_msgs/srv/detail
[8.290s] -- Installing: /home/jo/clearpath_ws/install/clearpath_platform_msgs/include/clearpath_platform_msgs/clearpath_platform_msgs/srv/detail/configure_mcu__type_support.hpp
[8.290s] -- Installing: /home/jo/clearpath_ws/install/clearpath_platform_msgs/include/clearpath_platform_msgs/clearpath_platform_msgs/srv/detail/configure_mcu__traits.hpp
[8.290s] -- Installing: /home/jo/clearpath_ws/install/clearpath_platform_msgs/include/clearpath_platform_msgs/clearpath_platform_msgs/srv/detail/configure_mcu__struct.hpp
[8.290s] -- Installing: /home/jo/clearpath_ws/install/clearpath_platform_msgs/include/clearpath_platform_msgs/clearpath_platform_msgs/srv/detail/configure_mcu__builder.hpp
[8.290s] -- Up-to-date: /home/jo/clearpath_ws/install/clearpath_platform_msgs/include/clearpath_platform_msgs/clearpath_platform_msgs
[8.291s] -- Up-to-date: /home/jo/clearpath_ws/install/clearpath_platform_msgs/include/clearpath_platform_msgs/clearpath_platform_msgs/msg
[8.291s] -- Installing: /home/jo/clearpath_ws/install/clearpath_platform_msgs/include/clearpath_platform_msgs/clearpath_platform_msgs/msg/rosidl_typesupport_fastrtps_cpp__visibility_control.h
[8.291s] -- Up-to-date: /home/jo/clearpath_ws/install/clearpath_platform_msgs/include/clearpath_platform_msgs/clearpath_platform_msgs/msg/detail
[8.291s] -- Installing: /home/jo/clearpath_ws/install/clearpath_platform_msgs/include/clearpath_platform_msgs/clearpath_platform_msgs/msg/detail/status__rosidl_typesupport_fastrtps_cpp.hpp
[8.291s] -- Installing: /home/jo/clearpath_ws/install/clearpath_platform_msgs/include/clearpath_platform_msgs/clearpath_platform_msgs/msg/detail/rgb__rosidl_typesupport_fastrtps_cpp.hpp
[8.291s] -- Installing: /home/jo/clearpath_ws/install/clearpath_platform_msgs/include/clearpath_platform_msgs/clearpath_platform_msgs/msg/detail/feedback__rosidl_typesupport_fastrtps_cpp.hpp
[8.291s] -- Installing: /home/jo/clearpath_ws/install/clearpath_platform_msgs/include/clearpath_platform_msgs/clearpath_platform_msgs/msg/detail/drive__rosidl_typesupport_fastrtps_cpp.hpp
[8.291s] -- Installing: /home/jo/clearpath_ws/install/clearpath_platform_msgs/include/clearpath_platform_msgs/clearpath_platform_msgs/msg/detail/stop_status__rosidl_typesupport_fastrtps_cpp.hpp
[8.291s] -- Installing: /home/jo/clearpath_ws/install/clearpath_platform_msgs/include/clearpath_platform_msgs/clearpath_platform_msgs/msg/detail/dds_fastrtps
[8.291s] -- Installing: /home/jo/clearpath_ws/install/clearpath_platform_msgs/include/clearpath_platform_msgs/clearpath_platform_msgs/msg/detail/power__rosidl_typesupport_fastrtps_cpp.hpp
[8.291s] -- Installing: /home/jo/clearpath_ws/install/clearpath_platform_msgs/include/clearpath_platform_msgs/clearpath_platform_msgs/msg/detail/drive_feedback__rosidl_typesupport_fastrtps_cpp.hpp
[8.291s] -- Installing: /home/jo/clearpath_ws/install/clearpath_platform_msgs/include/clearpath_platform_msgs/clearpath_platform_msgs/msg/detail/lights__rosidl_typesupport_fastrtps_cpp.hpp
[8.291s] -- Installing: /home/jo/clearpath_ws/install/clearpath_platform_msgs/include/clearpath_platform_msgs/clearpath_platform_msgs/msg/detail/fans__rosidl_typesupport_fastrtps_cpp.hpp
[8.291s] -- Up-to-date: /home/jo/clearpath_ws/install/clearpath_platform_msgs/include/clearpath_platform_msgs/clearpath_platform_msgs/srv
[8.291s] -- Up-to-date: /home/jo/clearpath_ws/install/clearpath_platform_msgs/include/clearpath_platform_msgs/clearpath_platform_msgs/srv/detail
[8.291s] -- Installing: /home/jo/clearpath_ws/install/clearpath_platform_msgs/include/clearpath_platform_msgs/clearpath_platform_msgs/srv/detail/configure_mcu__rosidl_typesupport_fastrtps_cpp.hpp
[8.291s] -- Installing: /home/jo/clearpath_ws/install/clearpath_platform_msgs/include/clearpath_platform_msgs/clearpath_platform_msgs/srv/detail/dds_fastrtps
[8.291s] -- Installing: /home/jo/clearpath_ws/install/clearpath_platform_msgs/lib/libclearpath_platform_msgs__rosidl_typesupport_fastrtps_cpp.so
[8.291s] -- Set runtime path of "/home/jo/clearpath_ws/install/clearpath_platform_msgs/lib/libclearpath_platform_msgs__rosidl_typesupport_fastrtps_cpp.so" to ""
[8.292s] -- Up-to-date: /home/jo/clearpath_ws/install/clearpath_platform_msgs/include/clearpath_platform_msgs/clearpath_platform_msgs
[8.292s] -- Up-to-date: /home/jo/clearpath_ws/install/clearpath_platform_msgs/include/clearpath_platform_msgs/clearpath_platform_msgs/msg
[8.292s] -- Installing: /home/jo/clearpath_ws/install/clearpath_platform_msgs/include/clearpath_platform_msgs/clearpath_platform_msgs/msg/rosidl_typesupport_introspection_c__visibility_control.h
[8.292s] -- Up-to-date: /home/jo/clearpath_ws/install/clearpath_platform_msgs/include/clearpath_platform_msgs/clearpath_platform_msgs/msg/detail
[8.292s] -- Installing: /home/jo/clearpath_ws/install/clearpath_platform_msgs/include/clearpath_platform_msgs/clearpath_platform_msgs/msg/detail/lights__rosidl_typesupport_introspection_c.h
[8.292s] -- Installing: /home/jo/clearpath_ws/install/clearpath_platform_msgs/include/clearpath_platform_msgs/clearpath_platform_msgs/msg/detail/stop_status__type_support.c
[8.292s] -- Installing: /home/jo/clearpath_ws/install/clearpath_platform_msgs/include/clearpath_platform_msgs/clearpath_platform_msgs/msg/detail/drive_feedback__rosidl_typesupport_introspection_c.h
[8.292s] -- Installing: /home/jo/clearpath_ws/install/clearpath_platform_msgs/include/clearpath_platform_msgs/clearpath_platform_msgs/msg/detail/drive__type_support.c
[8.292s] -- Installing: /home/jo/clearpath_ws/install/clearpath_platform_msgs/include/clearpath_platform_msgs/clearpath_platform_msgs/msg/detail/fans__rosidl_typesupport_introspection_c.h
[8.292s] -- Installing: /home/jo/clearpath_ws/install/clearpath_platform_msgs/include/clearpath_platform_msgs/clearpath_platform_msgs/msg/detail/feedback__rosidl_typesupport_introspection_c.h
[8.292s] -- Installing: /home/jo/clearpath_ws/install/clearpath_platform_msgs/include/clearpath_platform_msgs/clearpath_platform_msgs/msg/detail/status__type_support.c
[8.292s] -- Installing: /home/jo/clearpath_ws/install/clearpath_platform_msgs/include/clearpath_platform_msgs/clearpath_platform_msgs/msg/detail/drive__rosidl_typesupport_introspection_c.h
[8.292s] -- Installing: /home/jo/clearpath_ws/install/clearpath_platform_msgs/include/clearpath_platform_msgs/clearpath_platform_msgs/msg/detail/lights__type_support.c
[8.292s] -- Installing: /home/jo/clearpath_ws/install/clearpath_platform_msgs/include/clearpath_platform_msgs/clearpath_platform_msgs/msg/detail/stop_status__rosidl_typesupport_introspection_c.h
[8.292s] -- Installing: /home/jo/clearpath_ws/install/clearpath_platform_msgs/include/clearpath_platform_msgs/clearpath_platform_msgs/msg/detail/drive_feedback__type_support.c
[8.292s] -- Installing: /home/jo/clearpath_ws/install/clearpath_platform_msgs/include/clearpath_platform_msgs/clearpath_platform_msgs/msg/detail/rgb__type_support.c
[8.292s] -- Installing: /home/jo/clearpath_ws/install/clearpath_platform_msgs/include/clearpath_platform_msgs/clearpath_platform_msgs/msg/detail/power__type_support.c
[8.292s] -- Installing: /home/jo/clearpath_ws/install/clearpath_platform_msgs/include/clearpath_platform_msgs/clearpath_platform_msgs/msg/detail/status__rosidl_typesupport_introspection_c.h
[8.293s] -- Installing: /home/jo/clearpath_ws/install/clearpath_platform_msgs/include/clearpath_platform_msgs/clearpath_platform_msgs/msg/detail/fans__type_support.c
[8.293s] -- Installing: /home/jo/clearpath_ws/install/clearpath_platform_msgs/include/clearpath_platform_msgs/clearpath_platform_msgs/msg/detail/rgb__rosidl_typesupport_introspection_c.h
[8.293s] -- Installing: /home/jo/clearpath_ws/install/clearpath_platform_msgs/include/clearpath_platform_msgs/clearpath_platform_msgs/msg/detail/feedback__type_support.c
[8.293s] -- Installing: /home/jo/clearpath_ws/install/clearpath_platform_msgs/include/clearpath_platform_msgs/clearpath_platform_msgs/msg/detail/power__rosidl_typesupport_introspection_c.h
[8.293s] -- Up-to-date: /home/jo/clearpath_ws/install/clearpath_platform_msgs/include/clearpath_platform_msgs/clearpath_platform_msgs/srv
[8.293s] -- Up-to-date: /home/jo/clearpath_ws/install/clearpath_platform_msgs/include/clearpath_platform_msgs/clearpath_platform_msgs/srv/detail
[8.293s] -- Installing: /home/jo/clearpath_ws/install/clearpath_platform_msgs/include/clearpath_platform_msgs/clearpath_platform_msgs/srv/detail/configure_mcu__rosidl_typesupport_introspection_c.h
[8.293s] -- Installing: /home/jo/clearpath_ws/install/clearpath_platform_msgs/include/clearpath_platform_msgs/clearpath_platform_msgs/srv/detail/configure_mcu__type_support.c
[8.293s] -- Installing: /home/jo/clearpath_ws/install/clearpath_platform_msgs/lib/libclearpath_platform_msgs__rosidl_typesupport_introspection_c.so
[8.293s] -- Set runtime path of "/home/jo/clearpath_ws/install/clearpath_platform_msgs/lib/libclearpath_platform_msgs__rosidl_typesupport_introspection_c.so" to ""
[8.293s] -- Installing: /home/jo/clearpath_ws/install/clearpath_platform_msgs/lib/libclearpath_platform_msgs__rosidl_typesupport_c.so
[8.293s] -- Set runtime path of "/home/jo/clearpath_ws/install/clearpath_platform_msgs/lib/libclearpath_platform_msgs__rosidl_typesupport_c.so" to ""
[8.293s] -- Up-to-date: /home/jo/clearpath_ws/install/clearpath_platform_msgs/include/clearpath_platform_msgs/clearpath_platform_msgs
[8.293s] -- Up-to-date: /home/jo/clearpath_ws/install/clearpath_platform_msgs/include/clearpath_platform_msgs/clearpath_platform_msgs/msg
[8.293s] -- Up-to-date: /home/jo/clearpath_ws/install/clearpath_platform_msgs/include/clearpath_platform_msgs/clearpath_platform_msgs/msg/detail
[8.294s] -- Installing: /home/jo/clearpath_ws/install/clearpath_platform_msgs/include/clearpath_platform_msgs/clearpath_platform_msgs/msg/detail/status__type_support.cpp
[8.294s] -- Installing: /home/jo/clearpath_ws/install/clearpath_platform_msgs/include/clearpath_platform_msgs/clearpath_platform_msgs/msg/detail/feedback__type_support.cpp
[8.294s] -- Installing: /home/jo/clearpath_ws/install/clearpath_platform_msgs/include/clearpath_platform_msgs/clearpath_platform_msgs/msg/detail/stop_status__type_support.cpp
[8.294s] -- Installing: /home/jo/clearpath_ws/install/clearpath_platform_msgs/include/clearpath_platform_msgs/clearpath_platform_msgs/msg/detail/rgb__rosidl_typesupport_introspection_cpp.hpp
[8.294s] -- Installing: /home/jo/clearpath_ws/install/clearpath_platform_msgs/include/clearpath_platform_msgs/clearpath_platform_msgs/msg/detail/drive_feedback__type_support.cpp
[8.294s] -- Installing: /home/jo/clearpath_ws/install/clearpath_platform_msgs/include/clearpath_platform_msgs/clearpath_platform_msgs/msg/detail/lights__rosidl_typesupport_introspection_cpp.hpp
[8.294s] -- Installing: /home/jo/clearpath_ws/install/clearpath_platform_msgs/include/clearpath_platform_msgs/clearpath_platform_msgs/msg/detail/status__rosidl_typesupport_introspection_cpp.hpp
[8.294s] -- Installing: /home/jo/clearpath_ws/install/clearpath_platform_msgs/include/clearpath_platform_msgs/clearpath_platform_msgs/msg/detail/power__type_support.cpp
[8.294s] -- Installing: /home/jo/clearpath_ws/install/clearpath_platform_msgs/include/clearpath_platform_msgs/clearpath_platform_msgs/msg/detail/rgb__type_support.cpp
[8.294s] -- Installing: /home/jo/clearpath_ws/install/clearpath_platform_msgs/include/clearpath_platform_msgs/clearpath_platform_msgs/msg/detail/fans__rosidl_typesupport_introspection_cpp.hpp
[8.294s] -- Installing: /home/jo/clearpath_ws/install/clearpath_platform_msgs/include/clearpath_platform_msgs/clearpath_platform_msgs/msg/detail/fans__type_support.cpp
[8.294s] -- Installing: /home/jo/clearpath_ws/install/clearpath_platform_msgs/include/clearpath_platform_msgs/clearpath_platform_msgs/msg/detail/drive__type_support.cpp
[8.294s] -- Installing: /home/jo/clearpath_ws/install/clearpath_platform_msgs/include/clearpath_platform_msgs/clearpath_platform_msgs/msg/detail/drive_feedback__rosidl_typesupport_introspection_cpp.hpp
[8.294s] -- Installing: /home/jo/clearpath_ws/install/clearpath_platform_msgs/include/clearpath_platform_msgs/clearpath_platform_msgs/msg/detail/power__rosidl_typesupport_introspection_cpp.hpp
[8.294s] -- Installing: /home/jo/clearpath_ws/install/clearpath_platform_msgs/include/clearpath_platform_msgs/clearpath_platform_msgs/msg/detail/lights__type_support.cpp
[8.294s] -- Installing: /home/jo/clearpath_ws/install/clearpath_platform_msgs/include/clearpath_platform_msgs/clearpath_platform_msgs/msg/detail/feedback__rosidl_typesupport_introspection_cpp.hpp
[8.294s] -- Installing: /home/jo/clearpath_ws/install/clearpath_platform_msgs/include/clearpath_platform_msgs/clearpath_platform_msgs/msg/detail/drive__rosidl_typesupport_introspection_cpp.hpp
[8.294s] -- Installing: /home/jo/clearpath_ws/install/clearpath_platform_msgs/include/clearpath_platform_msgs/clearpath_platform_msgs/msg/detail/stop_status__rosidl_typesupport_introspection_cpp.hpp
[8.294s] -- Up-to-date: /home/jo/clearpath_ws/install/clearpath_platform_msgs/include/clearpath_platform_msgs/clearpath_platform_msgs/srv
[8.295s] -- Up-to-date: /home/jo/clearpath_ws/install/clearpath_platform_msgs/include/clearpath_platform_msgs/clearpath_platform_msgs/srv/detail
[8.295s] -- Installing: /home/jo/clearpath_ws/install/clearpath_platform_msgs/include/clearpath_platform_msgs/clearpath_platform_msgs/srv/detail/configure_mcu__rosidl_typesupport_introspection_cpp.hpp
[8.295s] -- Installing: /home/jo/clearpath_ws/install/clearpath_platform_msgs/include/clearpath_platform_msgs/clearpath_platform_msgs/srv/detail/configure_mcu__type_support.cpp
[8.295s] -- Installing: /home/jo/clearpath_ws/install/clearpath_platform_msgs/lib/libclearpath_platform_msgs__rosidl_typesupport_introspection_cpp.so
[8.295s] -- Set runtime path of "/home/jo/clearpath_ws/install/clearpath_platform_msgs/lib/libclearpath_platform_msgs__rosidl_typesupport_introspection_cpp.so" to ""
[8.295s] -- Installing: /home/jo/clearpath_ws/install/clearpath_platform_msgs/lib/libclearpath_platform_msgs__rosidl_typesupport_cpp.so
[8.295s] -- Set runtime path of "/home/jo/clearpath_ws/install/clearpath_platform_msgs/lib/libclearpath_platform_msgs__rosidl_typesupport_cpp.so" to ""
[8.295s] -- Installing: /home/jo/clearpath_ws/install/clearpath_platform_msgs/share/clearpath_platform_msgs/environment/pythonpath.sh
[8.295s] -- Installing: /home/jo/clearpath_ws/install/clearpath_platform_msgs/share/clearpath_platform_msgs/environment/pythonpath.dsv
[8.295s] -- Installing: /home/jo/clearpath_ws/install/clearpath_platform_msgs/local/lib/python3.10/dist-packages/clearpath_platform_msgs-1.0.1-py3.10.egg-info
[8.295s] -- Installing: /home/jo/clearpath_ws/install/clearpath_platform_msgs/local/lib/python3.10/dist-packages/clearpath_platform_msgs-1.0.1-py3.10.egg-info/top_level.txt
[8.295s] -- Installing: /home/jo/clearpath_ws/install/clearpath_platform_msgs/local/lib/python3.10/dist-packages/clearpath_platform_msgs-1.0.1-py3.10.egg-info/dependency_links.txt
[8.295s] -- Installing: /home/jo/clearpath_ws/install/clearpath_platform_msgs/local/lib/python3.10/dist-packages/clearpath_platform_msgs-1.0.1-py3.10.egg-info/PKG-INFO
[8.296s] -- Installing: /home/jo/clearpath_ws/install/clearpath_platform_msgs/local/lib/python3.10/dist-packages/clearpath_platform_msgs-1.0.1-py3.10.egg-info/SOURCES.txt
[8.296s] -- Installing: /home/jo/clearpath_ws/install/clearpath_platform_msgs/local/lib/python3.10/dist-packages/clearpath_platform_msgs
[8.296s] -- Installing: /home/jo/clearpath_ws/install/clearpath_platform_msgs/local/lib/python3.10/dist-packages/clearpath_platform_msgs/_clearpath_platform_msgs_s.ep.rosidl_typesupport_introspection_c.c
[8.296s] -- Installing: /home/jo/clearpath_ws/install/clearpath_platform_msgs/local/lib/python3.10/dist-packages/clearpath_platform_msgs/libclearpath_platform_msgs__rosidl_generator_py.so
[8.296s] -- Installing: /home/jo/clearpath_ws/install/clearpath_platform_msgs/local/lib/python3.10/dist-packages/clearpath_platform_msgs/clearpath_platform_msgs_s__rosidl_typesupport_introspection_c.cpython-310-x86_64-linux-gnu.so
[8.296s] -- Installing: /home/jo/clearpath_ws/install/clearpath_platform_msgs/local/lib/python3.10/dist-packages/clearpath_platform_msgs/_clearpath_platform_msgs_s.ep.rosidl_typesupport_fastrtps_c.c
[8.296s] -- Installing: /home/jo/clearpath_ws/install/clearpath_platform_msgs/local/lib/python3.10/dist-packages/clearpath_platform_msgs/clearpath_platform_msgs_s__rosidl_typesupport_c.cpython-310-x86_64-linux-gnu.so
[8.296s] -- Installing: /home/jo/clearpath_ws/install/clearpath_platform_msgs/local/lib/python3.10/dist-packages/clearpath_platform_msgs/_clearpath_platform_msgs_s.ep.rosidl_typesupport_c.c
[8.296s] -- Installing: /home/jo/clearpath_ws/install/clearpath_platform_msgs/local/lib/python3.10/dist-packages/clearpath_platform_msgs/msg
[8.296s] -- Installing: /home/jo/clearpath_ws/install/clearpath_platform_msgs/local/lib/python3.10/dist-packages/clearpath_platform_msgs/msg/_drive_s.c
[8.296s] -- Installing: /home/jo/clearpath_ws/install/clearpath_platform_msgs/local/lib/python3.10/dist-packages/clearpath_platform_msgs/msg/_power.py
[8.296s] -- Installing: /home/jo/clearpath_ws/install/clearpath_platform_msgs/local/lib/python3.10/dist-packages/clearpath_platform_msgs/msg/_lights.py
[8.296s] -- Installing: /home/jo/clearpath_ws/install/clearpath_platform_msgs/local/lib/python3.10/dist-packages/clearpath_platform_msgs/msg/_feedback.py
[8.297s] -- Installing: /home/jo/clearpath_ws/install/clearpath_platform_msgs/local/lib/python3.10/dist-packages/clearpath_platform_msgs/msg/_status_s.c
[8.297s] -- Installing: /home/jo/clearpath_ws/install/clearpath_platform_msgs/local/lib/python3.10/dist-packages/clearpath_platform_msgs/msg/_feedback_s.c
[8.297s] -- Installing: /home/jo/clearpath_ws/install/clearpath_platform_msgs/local/lib/python3.10/dist-packages/clearpath_platform_msgs/msg/_stop_status.py
[8.297s] -- Installing: /home/jo/clearpath_ws/install/clearpath_platform_msgs/local/lib/python3.10/dist-packages/clearpath_platform_msgs/msg/_drive_feedback_s.c
[8.297s] -- Installing: /home/jo/clearpath_ws/install/clearpath_platform_msgs/local/lib/python3.10/dist-packages/clearpath_platform_msgs/msg/_fans_s.c
[8.297s] -- Installing: /home/jo/clearpath_ws/install/clearpath_platform_msgs/local/lib/python3.10/dist-packages/clearpath_platform_msgs/msg/__init__.py
[8.297s] -- Installing: /home/jo/clearpath_ws/install/clearpath_platform_msgs/local/lib/python3.10/dist-packages/clearpath_platform_msgs/msg/_lights_s.c
[8.297s] -- Installing: /home/jo/clearpath_ws/install/clearpath_platform_msgs/local/lib/python3.10/dist-packages/clearpath_platform_msgs/msg/_drive.py
[8.297s] -- Installing: /home/jo/clearpath_ws/install/clearpath_platform_msgs/local/lib/python3.10/dist-packages/clearpath_platform_msgs/msg/_drive_feedback.py
[8.297s] -- Installing: /home/jo/clearpath_ws/install/clearpath_platform_msgs/local/lib/python3.10/dist-packages/clearpath_platform_msgs/msg/_rgb_s.c
[8.297s] -- Installing: /home/jo/clearpath_ws/install/clearpath_platform_msgs/local/lib/python3.10/dist-packages/clearpath_platform_msgs/msg/_status.py
[8.297s] -- Installing: /home/jo/clearpath_ws/install/clearpath_platform_msgs/local/lib/python3.10/dist-packages/clearpath_platform_msgs/msg/_power_s.c
[8.297s] -- Installing: /home/jo/clearpath_ws/install/clearpath_platform_msgs/local/lib/python3.10/dist-packages/clearpath_platform_msgs/msg/_rgb.py
[8.297s] -- Installing: /home/jo/clearpath_ws/install/clearpath_platform_msgs/local/lib/python3.10/dist-packages/clearpath_platform_msgs/msg/_fans.py
[8.297s] -- Installing: /home/jo/clearpath_ws/install/clearpath_platform_msgs/local/lib/python3.10/dist-packages/clearpath_platform_msgs/msg/_stop_status_s.c
[8.297s] -- Installing: /home/jo/clearpath_ws/install/clearpath_platform_msgs/local/lib/python3.10/dist-packages/clearpath_platform_msgs/__init__.py
[8.297s] -- Installing: /home/jo/clearpath_ws/install/clearpath_platform_msgs/local/lib/python3.10/dist-packages/clearpath_platform_msgs/clearpath_platform_msgs_s__rosidl_typesupport_fastrtps_c.cpython-310-x86_64-linux-gnu.so
[8.297s] -- Installing: /home/jo/clearpath_ws/install/clearpath_platform_msgs/local/lib/python3.10/dist-packages/clearpath_platform_msgs/srv
[8.297s] -- Installing: /home/jo/clearpath_ws/install/clearpath_platform_msgs/local/lib/python3.10/dist-packages/clearpath_platform_msgs/srv/_configure_mcu_s.c
[8.298s] -- Installing: /home/jo/clearpath_ws/install/clearpath_platform_msgs/local/lib/python3.10/dist-packages/clearpath_platform_msgs/srv/__init__.py
[8.298s] -- Installing: /home/jo/clearpath_ws/install/clearpath_platform_msgs/local/lib/python3.10/dist-packages/clearpath_platform_msgs/srv/_configure_mcu.py
[8.334s] Listing '/home/jo/clearpath_ws/install/clearpath_platform_msgs/local/lib/python3.10/dist-packages/clearpath_platform_msgs'...
[8.334s] Compiling '/home/jo/clearpath_ws/install/clearpath_platform_msgs/local/lib/python3.10/dist-packages/clearpath_platform_msgs/__init__.py'...
[8.334s] Listing '/home/jo/clearpath_ws/install/clearpath_platform_msgs/local/lib/python3.10/dist-packages/clearpath_platform_msgs/msg'...
[8.334s] Compiling '/home/jo/clearpath_ws/install/clearpath_platform_msgs/local/lib/python3.10/dist-packages/clearpath_platform_msgs/msg/__init__.py'...
[8.334s] Compiling '/home/jo/clearpath_ws/install/clearpath_platform_msgs/local/lib/python3.10/dist-packages/clearpath_platform_msgs/msg/_drive.py'...
[8.334s] Compiling '/home/jo/clearpath_ws/install/clearpath_platform_msgs/local/lib/python3.10/dist-packages/clearpath_platform_msgs/msg/_drive_feedback.py'...
[8.334s] Compiling '/home/jo/clearpath_ws/install/clearpath_platform_msgs/local/lib/python3.10/dist-packages/clearpath_platform_msgs/msg/_fans.py'...
[8.334s] Compiling '/home/jo/clearpath_ws/install/clearpath_platform_msgs/local/lib/python3.10/dist-packages/clearpath_platform_msgs/msg/_feedback.py'...
[8.334s] Compiling '/home/jo/clearpath_ws/install/clearpath_platform_msgs/local/lib/python3.10/dist-packages/clearpath_platform_msgs/msg/_lights.py'...
[8.334s] Compiling '/home/jo/clearpath_ws/install/clearpath_platform_msgs/local/lib/python3.10/dist-packages/clearpath_platform_msgs/msg/_power.py'...
[8.334s] Compiling '/home/jo/clearpath_ws/install/clearpath_platform_msgs/local/lib/python3.10/dist-packages/clearpath_platform_msgs/msg/_rgb.py'...
[8.334s] Compiling '/home/jo/clearpath_ws/install/clearpath_platform_msgs/local/lib/python3.10/dist-packages/clearpath_platform_msgs/msg/_status.py'...
[8.334s] Compiling '/home/jo/clearpath_ws/install/clearpath_platform_msgs/local/lib/python3.10/dist-packages/clearpath_platform_msgs/msg/_stop_status.py'...
[8.334s] Listing '/home/jo/clearpath_ws/install/clearpath_platform_msgs/local/lib/python3.10/dist-packages/clearpath_platform_msgs/srv'...
[8.334s] Compiling '/home/jo/clearpath_ws/install/clearpath_platform_msgs/local/lib/python3.10/dist-packages/clearpath_platform_msgs/srv/__init__.py'...
[8.334s] Compiling '/home/jo/clearpath_ws/install/clearpath_platform_msgs/local/lib/python3.10/dist-packages/clearpath_platform_msgs/srv/_configure_mcu.py'...
[8.337s] -- Installing: /home/jo/clearpath_ws/install/clearpath_platform_msgs/local/lib/python3.10/dist-packages/clearpath_platform_msgs/clearpath_platform_msgs_s__rosidl_typesupport_fastrtps_c.cpython-310-x86_64-linux-gnu.so
[8.338s] -- Set runtime path of "/home/jo/clearpath_ws/install/clearpath_platform_msgs/local/lib/python3.10/dist-packages/clearpath_platform_msgs/clearpath_platform_msgs_s__rosidl_typesupport_fastrtps_c.cpython-310-x86_64-linux-gnu.so" to ""
[8.338s] -- Installing: /home/jo/clearpath_ws/install/clearpath_platform_msgs/local/lib/python3.10/dist-packages/clearpath_platform_msgs/clearpath_platform_msgs_s__rosidl_typesupport_introspection_c.cpython-310-x86_64-linux-gnu.so
[8.338s] -- Set runtime path of "/home/jo/clearpath_ws/install/clearpath_platform_msgs/local/lib/python3.10/dist-packages/clearpath_platform_msgs/clearpath_platform_msgs_s__rosidl_typesupport_introspection_c.cpython-310-x86_64-linux-gnu.so" to ""
[8.338s] -- Installing: /home/jo/clearpath_ws/install/clearpath_platform_msgs/local/lib/python3.10/dist-packages/clearpath_platform_msgs/clearpath_platform_msgs_s__rosidl_typesupport_c.cpython-310-x86_64-linux-gnu.so
[8.338s] -- Set runtime path of "/home/jo/clearpath_ws/install/clearpath_platform_msgs/local/lib/python3.10/dist-packages/clearpath_platform_msgs/clearpath_platform_msgs_s__rosidl_typesupport_c.cpython-310-x86_64-linux-gnu.so" to ""
[8.338s] -- Installing: /home/jo/clearpath_ws/install/clearpath_platform_msgs/lib/libclearpath_platform_msgs__rosidl_generator_py.so
[8.338s] -- Set runtime path of "/home/jo/clearpath_ws/install/clearpath_platform_msgs/lib/libclearpath_platform_msgs__rosidl_generator_py.so" to ""
[8.338s] -- Installing: /home/jo/clearpath_ws/install/clearpath_platform_msgs/share/clearpath_platform_msgs/msg/Drive.idl
[8.339s] -- Installing: /home/jo/clearpath_ws/install/clearpath_platform_msgs/share/clearpath_platform_msgs/msg/DriveFeedback.idl
[8.339s] -- Installing: /home/jo/clearpath_ws/install/clearpath_platform_msgs/share/clearpath_platform_msgs/msg/Fans.idl
[8.339s] -- Installing: /home/jo/clearpath_ws/install/clearpath_platform_msgs/share/clearpath_platform_msgs/msg/Feedback.idl
[8.339s] -- Installing: /home/jo/clearpath_ws/install/clearpath_platform_msgs/share/clearpath_platform_msgs/msg/Lights.idl
[8.339s] -- Installing: /home/jo/clearpath_ws/install/clearpath_platform_msgs/share/clearpath_platform_msgs/msg/Power.idl
[8.339s] -- Installing: /home/jo/clearpath_ws/install/clearpath_platform_msgs/share/clearpath_platform_msgs/msg/RGB.idl
[8.339s] -- Installing: /home/jo/clearpath_ws/install/clearpath_platform_msgs/share/clearpath_platform_msgs/msg/Status.idl
[8.339s] -- Installing: /home/jo/clearpath_ws/install/clearpath_platform_msgs/share/clearpath_platform_msgs/msg/StopStatus.idl
[8.339s] -- Installing: /home/jo/clearpath_ws/install/clearpath_platform_msgs/share/clearpath_platform_msgs/srv/ConfigureMcu.idl
[8.339s] -- Installing: /home/jo/clearpath_ws/install/clearpath_platform_msgs/share/clearpath_platform_msgs/msg/Drive.msg
[8.339s] -- Installing: /home/jo/clearpath_ws/install/clearpath_platform_msgs/share/clearpath_platform_msgs/msg/DriveFeedback.msg
[8.339s] -- Installing: /home/jo/clearpath_ws/install/clearpath_platform_msgs/share/clearpath_platform_msgs/msg/Fans.msg
[8.339s] -- Installing: /home/jo/clearpath_ws/install/clearpath_platform_msgs/share/clearpath_platform_msgs/msg/Feedback.msg
[8.339s] -- Installing: /home/jo/clearpath_ws/install/clearpath_platform_msgs/share/clearpath_platform_msgs/msg/Lights.msg
[8.340s] -- Installing: /home/jo/clearpath_ws/install/clearpath_platform_msgs/share/clearpath_platform_msgs/msg/Power.msg
[8.340s] -- Installing: /home/jo/clearpath_ws/install/clearpath_platform_msgs/share/clearpath_platform_msgs/msg/RGB.msg
[8.340s] -- Installing: /home/jo/clearpath_ws/install/clearpath_platform_msgs/share/clearpath_platform_msgs/msg/Status.msg
[8.340s] -- Installing: /home/jo/clearpath_ws/install/clearpath_platform_msgs/share/clearpath_platform_msgs/msg/StopStatus.msg
[8.340s] -- Installing: /home/jo/clearpath_ws/install/clearpath_platform_msgs/share/clearpath_platform_msgs/srv/ConfigureMcu.srv
[8.340s] -- Installing: /home/jo/clearpath_ws/install/clearpath_platform_msgs/share/clearpath_platform_msgs/srv/ConfigureMcu_Request.msg
[8.340s] -- Installing: /home/jo/clearpath_ws/install/clearpath_platform_msgs/share/clearpath_platform_msgs/srv/ConfigureMcu_Response.msg
[8.340s] -- Installing: /home/jo/clearpath_ws/install/clearpath_platform_msgs/share/ament_index/resource_index/package_run_dependencies/clearpath_platform_msgs
[8.340s] -- Installing: /home/jo/clearpath_ws/install/clearpath_platform_msgs/share/ament_index/resource_index/parent_prefix_path/clearpath_platform_msgs
[8.340s] -- Installing: /home/jo/clearpath_ws/install/clearpath_platform_msgs/share/clearpath_platform_msgs/environment/ament_prefix_path.sh
[8.340s] -- Installing: /home/jo/clearpath_ws/install/clearpath_platform_msgs/share/clearpath_platform_msgs/environment/ament_prefix_path.dsv
[8.340s] -- Installing: /home/jo/clearpath_ws/install/clearpath_platform_msgs/share/clearpath_platform_msgs/environment/path.sh
[8.341s] -- Installing: /home/jo/clearpath_ws/install/clearpath_platform_msgs/share/clearpath_platform_msgs/environment/path.dsv
[8.341s] -- Installing: /home/jo/clearpath_ws/install/clearpath_platform_msgs/share/clearpath_platform_msgs/local_setup.bash
[8.341s] -- Installing: /home/jo/clearpath_ws/install/clearpath_platform_msgs/share/clearpath_platform_msgs/local_setup.sh
[8.341s] -- Installing: /home/jo/clearpath_ws/install/clearpath_platform_msgs/share/clearpath_platform_msgs/local_setup.zsh
[8.341s] -- Installing: /home/jo/clearpath_ws/install/clearpath_platform_msgs/share/clearpath_platform_msgs/local_setup.dsv
[8.341s] -- Installing: /home/jo/clearpath_ws/install/clearpath_platform_msgs/share/clearpath_platform_msgs/package.dsv
[8.341s] -- Installing: /home/jo/clearpath_ws/install/clearpath_platform_msgs/share/ament_index/resource_index/packages/clearpath_platform_msgs
[8.341s] -- Installing: /home/jo/clearpath_ws/install/clearpath_platform_msgs/share/clearpath_platform_msgs/cmake/export_clearpath_platform_msgs__rosidl_generator_cExport.cmake
[8.341s] -- Installing: /home/jo/clearpath_ws/install/clearpath_platform_msgs/share/clearpath_platform_msgs/cmake/export_clearpath_platform_msgs__rosidl_generator_cExport-noconfig.cmake
[8.341s] -- Installing: /home/jo/clearpath_ws/install/clearpath_platform_msgs/share/clearpath_platform_msgs/cmake/export_clearpath_platform_msgs__rosidl_typesupport_fastrtps_cExport.cmake
[8.341s] -- Installing: /home/jo/clearpath_ws/install/clearpath_platform_msgs/share/clearpath_platform_msgs/cmake/export_clearpath_platform_msgs__rosidl_typesupport_fastrtps_cExport-noconfig.cmake
[8.341s] -- Installing: /home/jo/clearpath_ws/install/clearpath_platform_msgs/share/clearpath_platform_msgs/cmake/export_clearpath_platform_msgs__rosidl_generator_cppExport.cmake
[8.342s] -- Installing: /home/jo/clearpath_ws/install/clearpath_platform_msgs/share/clearpath_platform_msgs/cmake/export_clearpath_platform_msgs__rosidl_typesupport_fastrtps_cppExport.cmake
[8.342s] -- Installing: /home/jo/clearpath_ws/install/clearpath_platform_msgs/share/clearpath_platform_msgs/cmake/export_clearpath_platform_msgs__rosidl_typesupport_fastrtps_cppExport-noconfig.cmake
[8.342s] -- Installing: /home/jo/clearpath_ws/install/clearpath_platform_msgs/share/clearpath_platform_msgs/cmake/clearpath_platform_msgs__rosidl_typesupport_introspection_cExport.cmake
[8.342s] -- Installing: /home/jo/clearpath_ws/install/clearpath_platform_msgs/share/clearpath_platform_msgs/cmake/clearpath_platform_msgs__rosidl_typesupport_introspection_cExport-noconfig.cmake
[8.342s] -- Installing: /home/jo/clearpath_ws/install/clearpath_platform_msgs/share/clearpath_platform_msgs/cmake/clearpath_platform_msgs__rosidl_typesupport_cExport.cmake
[8.342s] -- Installing: /home/jo/clearpath_ws/install/clearpath_platform_msgs/share/clearpath_platform_msgs/cmake/clearpath_platform_msgs__rosidl_typesupport_cExport-noconfig.cmake
[8.342s] -- Installing: /home/jo/clearpath_ws/install/clearpath_platform_msgs/share/clearpath_platform_msgs/cmake/clearpath_platform_msgs__rosidl_typesupport_introspection_cppExport.cmake
[8.342s] -- Installing: /home/jo/clearpath_ws/install/clearpath_platform_msgs/share/clearpath_platform_msgs/cmake/clearpath_platform_msgs__rosidl_typesupport_introspection_cppExport-noconfig.cmake
[8.342s] -- Installing: /home/jo/clearpath_ws/install/clearpath_platform_msgs/share/clearpath_platform_msgs/cmake/clearpath_platform_msgs__rosidl_typesupport_cppExport.cmake
[8.342s] -- Installing: /home/jo/clearpath_ws/install/clearpath_platform_msgs/share/clearpath_platform_msgs/cmake/clearpath_platform_msgs__rosidl_typesupport_cppExport-noconfig.cmake
[8.342s] -- Installing: /home/jo/clearpath_ws/install/clearpath_platform_msgs/share/clearpath_platform_msgs/cmake/export_clearpath_platform_msgs__rosidl_generator_pyExport.cmake
[8.342s] -- Installing: /home/jo/clearpath_ws/install/clearpath_platform_msgs/share/clearpath_platform_msgs/cmake/export_clearpath_platform_msgs__rosidl_generator_pyExport-noconfig.cmake
[8.343s] -- Installing: /home/jo/clearpath_ws/install/clearpath_platform_msgs/share/clearpath_platform_msgs/cmake/rosidl_cmake-extras.cmake
[8.343s] -- Installing: /home/jo/clearpath_ws/install/clearpath_platform_msgs/share/clearpath_platform_msgs/cmake/ament_cmake_export_dependencies-extras.cmake
[8.343s] -- Installing: /home/jo/clearpath_ws/install/clearpath_platform_msgs/share/clearpath_platform_msgs/cmake/ament_cmake_export_include_directories-extras.cmake
[8.343s] -- Installing: /home/jo/clearpath_ws/install/clearpath_platform_msgs/share/clearpath_platform_msgs/cmake/ament_cmake_export_libraries-extras.cmake
[8.343s] -- Installing: /home/jo/clearpath_ws/install/clearpath_platform_msgs/share/clearpath_platform_msgs/cmake/ament_cmake_export_targets-extras.cmake
[8.343s] -- Installing: /home/jo/clearpath_ws/install/clearpath_platform_msgs/share/clearpath_platform_msgs/cmake/rosidl_cmake_export_typesupport_targets-extras.cmake
[8.343s] -- Installing: /home/jo/clearpath_ws/install/clearpath_platform_msgs/share/clearpath_platform_msgs/cmake/rosidl_cmake_export_typesupport_libraries-extras.cmake
[8.343s] -- Installing: /home/jo/clearpath_ws/install/clearpath_platform_msgs/share/clearpath_platform_msgs/cmake/clearpath_platform_msgsConfig.cmake
[8.343s] -- Installing: /home/jo/clearpath_ws/install/clearpath_platform_msgs/share/clearpath_platform_msgs/cmake/clearpath_platform_msgsConfig-version.cmake
[8.343s] -- Installing: /home/jo/clearpath_ws/install/clearpath_platform_msgs/share/clearpath_platform_msgs/package.xml
[8.345s] Invoked command in '/home/jo/clearpath_ws/build/clearpath_platform_msgs' returned '0': CMAKE_PREFIX_PATH=${CMAKE_PREFIX_PATH}:/opt/ros/humble /usr/bin/cmake --install /home/jo/clearpath_ws/build/clearpath_platform_msgs
